<html>
<body>
<pre>
<h1>µVision Build Log</h1>
<h2>Tool Versions:</h2>
IDE-Version: ¦ÌVision V5.41.0.0
Copyright (C) 2024 ARM Ltd and ARM Germany GmbH. All rights reserved.
License Information: tong tong, tong, LIC=8MZI6-DKPWW-RFLIZ-J76B5-YNS00-ALANT
 
Tool Versions:
Toolchain:       MDK-ARM Professional  Version: 5.41.0.0
Toolchain Path:  G:\gerenkesan\MCU_KaFa\Keil_v5\ARM\ARMCC\Bin
C Compiler:      Armcc.exe V5.06 update 5 (build 528)
Assembler:       Armasm.exe V5.06 update 5 (build 528)
Linker/Locator:  ArmLink.exe V5.06 update 5 (build 528)
Library Manager: ArmAr.exe V5.06 update 5 (build 528)
Hex Converter:   FromElf.exe V5.06 update 5 (build 528)
CPU DLL:         SARMCM3.DLL V5.41.0.0
Dialog DLL:      DCM.DLL V1.17.5.0
Target DLL:      CMSIS_AGDI.dll V1.33.21.0
Dialog DLL:      TCM.DLL V1.56.4.0
 
<h2>Project:</h2>
E:\stm32cubemx\PHASH1\DM_H743_CTRL\MDK-ARM\CtrBoard.uvprojx
Project File Date:  12/14/2025

<h2>Output:</h2>
*** Using Compiler 'V5.06 update 5 (build 528)', folder: 'G:\gerenkesan\MCU_KaFa\Keil_v5\ARM\ARMCC\Bin'
Build target 'CtrBoard'
assembling startup_stm32h723xx.s...
compiling usart.c...
compiling main.c...
../Core/Src/main.c(110): warning:  #188-D: enumerated type mixed with another type
    
ower(1);
../Core/Src/main.c(156): warning:  #1035-D: single-precision operand implicitly converted to double-precision
        pos_ctrl(&hfdcan1, motor[Motor2].id, (float)0.5-0.5*((float)i/ 30),  30/i+10);
../Core/Src/main.c(157): warning:  #1035-D: single-precision operand implicitly converted to double-precision
        pos_ctrl(&hfdcan1, motor[Motor3].id, (float)0.1-0.1*((float)i/ 30),  30/i+10);
../Core/Src/main.c: 3 warnings, 0 errors
compiling fdcan.c...
compiling gpio.c...
compiling stm32h7xx_it.c...
compiling tim.c...
compiling stm32h7xx_hal_cortex.c...
compiling stm32h7xx_hal_flash.c...
compiling stm32h7xx_hal_msp.c...
compiling stm32h7xx_hal_flash_ex.c...
compiling stm32h7xx_hal_rcc_ex.c...
compiling stm32h7xx_hal_rcc.c...
compiling stm32h7xx_hal_hsem.c...
compiling stm32h7xx_hal_gpio.c...
compiling stm32h7xx_hal_dma_ex.c...
compiling stm32h7xx_hal_mdma.c...
compiling stm32h7xx_hal_pwr.c...
compiling stm32h7xx_hal_dma.c...
compiling stm32h7xx_hal.c...
compiling stm32h7xx_hal_i2c_ex.c...
compiling stm32h7xx_hal_exti.c...
compiling stm32h7xx_hal_pwr_ex.c...
compiling stm32h7xx_hal_i2c.c...
compiling stm32h7xx_hal_fdcan.c...
compiling stm32h7xx_hal_uart_ex.c...
compiling system_stm32h7xx.c...
compiling stm32h7xx_hal_tim_ex.c...
compiling delay.c...
compiling stm32h7xx_hal_uart.c...
compiling stm32h7xx_hal_tim.c...
compiling dm_motor_drv.c...
compiling dm_motor_ctrl.c...
compiling bsp_fdcan.c...
linking...
Program Size: Code=25256 RO-data=896 RW-data=24 ZI-data=4208  
FromELF: creating hex file...
"CtrBoard\CtrBoard.axf" - 0 Error(s), 3 Warning(s).

<h2>Software Packages used:</h2>

Package Vendor: ARM
                https://www.keil.com/pack/ARM.CMSIS.6.1.0.pack
                ARM::CMSIS@6.1.0
                CMSIS (Common Microcontroller Software Interface Standard)
   * Component: CORE Version: 6.1.0

Package Vendor: Keil
                https://www.keil.com/pack/Keil.STM32H7xx_DFP.4.0.0.pack
                Keil::STM32H7xx_DFP@4.0.0
                STMicroelectronics STM32H7 Series Device Support

<h2>Collection of Component include folders:</h2>
  ./RTE/_CtrBoard
  G:/gerenkesan/MCU_KaFa/Keil_v5/ARM/PACK/ARM/CMSIS/6.1.0/CMSIS/Core/Include

<h2>Collection of Component Files used:</h2>

   * Component: ARM::CMSIS:CORE@6.1.0
      Include file:  CMSIS/Core/Include/tz_context.h
Build Time Elapsed:  00:02:00
</pre>
</body>
</html>
