Component: ARM Compiler 5.06 update 5 (build 528) Tool: armlink [4d35e2]

==============================================================================

Section Cross References

    startup_stm32h723xx.o(RESET) refers to startup_stm32h723xx.o(STACK) for __initial_sp
    startup_stm32h723xx.o(RESET) refers to startup_stm32h723xx.o(.text) for Reset_Handler
    startup_stm32h723xx.o(RESET) refers to stm32h7xx_it.o(i.NMI_Handler) for NMI_Handler
    startup_stm32h723xx.o(RESET) refers to stm32h7xx_it.o(i.HardFault_Handler) for HardFault_Handler
    startup_stm32h723xx.o(RESET) refers to stm32h7xx_it.o(i.MemManage_Handler) for MemManage_Handler
    startup_stm32h723xx.o(RESET) refers to stm32h7xx_it.o(i.BusFault_Handler) for BusFault_Handler
    startup_stm32h723xx.o(RESET) refers to stm32h7xx_it.o(i.UsageFault_Handler) for UsageFault_Handler
    startup_stm32h723xx.o(RESET) refers to stm32h7xx_it.o(i.SVC_Handler) for SVC_Handler
    startup_stm32h723xx.o(RESET) refers to stm32h7xx_it.o(i.DebugMon_Handler) for DebugMon_Handler
    startup_stm32h723xx.o(RESET) refers to stm32h7xx_it.o(i.PendSV_Handler) for PendSV_Handler
    startup_stm32h723xx.o(RESET) refers to stm32h7xx_it.o(i.SysTick_Handler) for SysTick_Handler
    startup_stm32h723xx.o(RESET) refers to stm32h7xx_it.o(i.FDCAN1_IT0_IRQHandler) for FDCAN1_IT0_IRQHandler
    startup_stm32h723xx.o(RESET) refers to stm32h7xx_it.o(i.FDCAN1_IT1_IRQHandler) for FDCAN1_IT1_IRQHandler
    startup_stm32h723xx.o(RESET) refers to stm32h7xx_it.o(i.TIM3_IRQHandler) for TIM3_IRQHandler
    startup_stm32h723xx.o(RESET) refers to stm32h7xx_it.o(i.TIM4_IRQHandler) for TIM4_IRQHandler
    startup_stm32h723xx.o(RESET) refers to stm32h7xx_it.o(i.USART1_IRQHandler) for USART1_IRQHandler
    startup_stm32h723xx.o(RESET) refers to stm32h7xx_it.o(i.FDCAN_CAL_IRQHandler) for FDCAN_CAL_IRQHandler
    startup_stm32h723xx.o(.text) refers to system_stm32h7xx.o(i.SystemInit) for SystemInit
    startup_stm32h723xx.o(.text) refers to entry.o(.ARM.Collect$$$$00000000) for __main
    main.o(i.HAL_TIM_PeriodElapsedCallback) refers to dm_motor_ctrl.o(i.read_all_motor_data) for read_all_motor_data
    main.o(i.HAL_TIM_PeriodElapsedCallback) refers to dm_motor_drv.o(i.dm_motor_ctrl_send) for dm_motor_ctrl_send
    main.o(i.HAL_TIM_PeriodElapsedCallback) refers to dm_motor_ctrl.o(.bss) for motor
    main.o(i.HAL_TIM_PeriodElapsedCallback) refers to fdcan.o(.bss) for hfdcan1
    main.o(i.SystemClock_Config) refers to memseta.o(.text) for __aeabi_memclr4
    main.o(i.SystemClock_Config) refers to stm32h7xx_hal_pwr_ex.o(i.HAL_PWREx_ConfigSupply) for HAL_PWREx_ConfigSupply
    main.o(i.SystemClock_Config) refers to stm32h7xx_hal_rcc.o(i.HAL_RCC_OscConfig) for HAL_RCC_OscConfig
    main.o(i.SystemClock_Config) refers to stm32h7xx_hal_rcc.o(i.HAL_RCC_ClockConfig) for HAL_RCC_ClockConfig
    main.o(i.main) refers to stm32h7xx_hal.o(i.HAL_Init) for HAL_Init
    main.o(i.main) refers to main.o(i.SystemClock_Config) for SystemClock_Config
    main.o(i.main) refers to gpio.o(i.MX_GPIO_Init) for MX_GPIO_Init
    main.o(i.main) refers to fdcan.o(i.MX_FDCAN1_Init) for MX_FDCAN1_Init
    main.o(i.main) refers to tim.o(i.MX_TIM3_Init) for MX_TIM3_Init
    main.o(i.main) refers to usart.o(i.MX_USART1_UART_Init) for MX_USART1_UART_Init
    main.o(i.main) refers to tim.o(i.MX_TIM4_Init) for MX_TIM4_Init
    main.o(i.main) refers to stm32h7xx_hal_gpio.o(i.HAL_GPIO_WritePin) for HAL_GPIO_WritePin
    main.o(i.main) refers to stm32h7xx_hal.o(i.HAL_Delay) for HAL_Delay
    main.o(i.main) refers to bsp_fdcan.o(i.bsp_fdcan_set_baud) for bsp_fdcan_set_baud
    main.o(i.main) refers to bsp_fdcan.o(i.bsp_can_init) for bsp_can_init
    main.o(i.main) refers to dm_motor_ctrl.o(i.dm_motor_init) for dm_motor_init
    main.o(i.main) refers to dm_motor_drv.o(i.enable_motor_mode) for enable_motor_mode
    main.o(i.main) refers to dm_motor_drv.o(i.save_pos_zero) for save_pos_zero
    main.o(i.main) refers to stm32h7xx_hal_tim.o(i.HAL_TIM_Base_Start_IT) for HAL_TIM_Base_Start_IT
    main.o(i.main) refers to dm_motor_drv.o(i.pos_ctrl) for pos_ctrl
    main.o(i.main) refers to printfa.o(i.__0printf) for __2printf
    main.o(i.main) refers to fdcan.o(.bss) for hfdcan1
    main.o(i.main) refers to dm_motor_ctrl.o(.bss) for motor
    main.o(i.main) refers to tim.o(.bss) for htim3
    gpio.o(i.MX_GPIO_Init) refers to memseta.o(.text) for __aeabi_memclr4
    gpio.o(i.MX_GPIO_Init) refers to stm32h7xx_hal_gpio.o(i.HAL_GPIO_WritePin) for HAL_GPIO_WritePin
    gpio.o(i.MX_GPIO_Init) refers to stm32h7xx_hal_gpio.o(i.HAL_GPIO_Init) for HAL_GPIO_Init
    fdcan.o(i.HAL_FDCAN_MspDeInit) refers to stm32h7xx_hal_gpio.o(i.HAL_GPIO_DeInit) for HAL_GPIO_DeInit
    fdcan.o(i.HAL_FDCAN_MspDeInit) refers to stm32h7xx_hal_cortex.o(i.HAL_NVIC_DisableIRQ) for HAL_NVIC_DisableIRQ
    fdcan.o(i.HAL_FDCAN_MspInit) refers to memseta.o(.text) for __aeabi_memclr4
[...]
    startup_stm32h723xx.s                    0x00000000   Number         0  startup_stm32h723xx.o ABSOLUTE
    RESET                                    0x08000000   Section      716  startup_stm32h723xx.o(RESET)
    .ARM.Collect$$$$00000000                 0x080002cc   Section        0  entry.o(.ARM.Collect$$$$00000000)
    .ARM.Collect$$$$00000001                 0x080002cc   Section        4  entry2.o(.ARM.Collect$$$$00000001)
    .ARM.Collect$$$$00000004                 0x080002d0   Section        4  entry5.o(.ARM.Collect$$$$00000004)
    .ARM.Collect$$$$00000008                 0x080002d4   Section        0  entry7b.o(.ARM.Collect$$$$00000008)
    .ARM.Collect$$$$0000000A                 0x080002d4   Section        0  entry8b.o(.ARM.Collect$$$$0000000A)
    .ARM.Collect$$$$0000000B                 0x080002d4   Section        8  entry9a.o(.ARM.Collect$$$$0000000B)
    .ARM.Collect$$$$0000000D                 0x080002dc   Section        0  entry10a.o(.ARM.Collect$$$$0000000D)
    .ARM.Collect$$$$0000000F                 0x080002dc   Section        0  entry11a.o(.ARM.Collect$$$$0000000F)
    .ARM.Collect$$$$00002712                 0x080002dc   Section        4  entry2.o(.ARM.Collect$$$$00002712)
    __lit__00000000                          0x080002dc   Data           4  entry2.o(.ARM.Collect$$$$00002712)
    .text                                    0x080002e0   Section       36  startup_stm32h723xx.o(.text)
    $v0                                      0x080002e0   Number         0  startup_stm32h723xx.o(.text)
    .text                                    0x08000304   Section        0  uldiv.o(.text)
    .text                                    0x08000366   Section        0  memcpya.o(.text)
    .text                                    0x0800038a   Section        0  memseta.o(.text)
    .text                                    0x080003ae   Section        0  uidiv.o(.text)
    .text                                    0x080003da   Section        0  llshl.o(.text)
    .text                                    0x080003f8   Section        0  llushr.o(.text)
    .text                                    0x08000418   Section        0  dadd.o(.text)
    .text                                    0x08000418   Section        0  iusefp.o(.text)
    .text                                    0x08000566   Section        0  dmul.o(.text)
    .text                                    0x0800064a   Section        0  ddiv.o(.text)
    .text                                    0x08000728   Section        0  dfixul.o(.text)
    .text                                    0x08000758   Section       48  cdrcmple.o(.text)
    .text                                    0x08000788   Section       36  init.o(.text)
    .text                                    0x080007ac   Section        0  llsshr.o(.text)
    .text                                    0x080007d0   Section        0  depilogue.o(.text)
    i.BusFault_Handler                       0x0800088a   Section        0  stm32h7xx_it.o(i.BusFault_Handler)
    i.DebugMon_Handler                       0x0800088c   Section        0  stm32h7xx_it.o(i.DebugMon_Handler)
    i.Error_Handler                          0x0800088e   Section        0  main.o(i.Error_Handler)
    i.FDCAN1_IT0_IRQHandler                  0x08000894   Section        0  stm32h7xx_it.o(i.FDCAN1_IT0_IRQHandler)
    i.FDCAN1_IT1_IRQHandler                  0x080008a0   Section        0  stm32h7xx_it.o(i.FDCAN1_IT1_IRQHandler)
    i.FDCAN_CAL_IRQHandler                   0x080008ac   Section        0  stm32h7xx_it.o(i.FDCAN_CAL_IRQHandler)
    i.FDCAN_CalcultateRamBlockAddresses      0x080008b8   Section        0  stm32h7xx_hal_fdcan.o(i.FDCAN_CalcultateRamBlockAddresses)
    FDCAN_CalcultateRamBlockAddresses        0x080008b9   Thumb Code   446  stm32h7xx_hal_fdcan.o(i.FDCAN_CalcultateRamBlockAddresses)
    i.FDCAN_CopyMessageToRAM                 0x08000a80   Section        0  stm32h7xx_hal_fdcan.o(i.FDCAN_CopyMessageToRAM)
    FDCAN_CopyMessageToRAM                   0x08000a81   Thumb Code   104  stm32h7xx_hal_fdcan.o(i.FDCAN_CopyMessageToRAM)
    i.HAL_DMA_Abort                          0x08000aec   Section        0  stm32h7xx_hal_dma.o(i.HAL_DMA_Abort)
    i.HAL_DMA_Abort_IT                       0x08000e4c   Section        0  stm32h7xx_hal_dma.o(i.HAL_DMA_Abort_IT)
    i.HAL_Delay                              0x080010d0   Section        0  stm32h7xx_hal.o(i.HAL_Delay)
    i.HAL_FDCAN_ActivateNotification         0x080010f4   Section        0  stm32h7xx_hal_fdcan.o(i.HAL_FDCAN_ActivateNotification)
    i.HAL_FDCAN_AddMessageToTxFifoQ          0x0800117c   Section        0  stm32h7xx_hal_fdcan.o(i.HAL_FDCAN_AddMessageToTxFifoQ)
    i.HAL_FDCAN_ClockCalibrationCallback     0x080011e2   Section        0  stm32h7xx_hal_fdcan.o(i.HAL_FDCAN_ClockCalibrationCallback)
    i.HAL_FDCAN_ConfigFifoWatermark          0x080011e4   Section        0  stm32h7xx_hal_fdcan.o(i.HAL_FDCAN_ConfigFifoWatermark)
    i.HAL_FDCAN_ConfigFilter                 0x0800123e   Section        0  stm32h7xx_hal_fdcan.o(i.HAL_FDCAN_ConfigFilter)
    i.HAL_FDCAN_ConfigGlobalFilter           0x080012bc   Section        0  stm32h7xx_hal_fdcan.o(i.HAL_FDCAN_ConfigGlobalFilter)
    i.HAL_FDCAN_DeInit                       0x080012ee   Section        0  stm32h7xx_hal_fdcan.o(i.HAL_FDCAN_DeInit)
    i.HAL_FDCAN_ErrorCallback                0x08001318   Section        0  stm32h7xx_hal_fdcan.o(i.HAL_FDCAN_ErrorCallback)
    i.HAL_FDCAN_ErrorStatusCallback          0x0800131a   Section        0  bsp_fdcan.o(i.HAL_FDCAN_ErrorStatusCallback)
    i.HAL_FDCAN_GetRxMessage                 0x0800132c   Section        0  stm32h7xx_hal_fdcan.o(i.HAL_FDCAN_GetRxMessage)
    i.HAL_FDCAN_HighPriorityMessageCallback  0x080014b8   Section        0  stm32h7xx_hal_fdcan.o(i.HAL_FDCAN_HighPriorityMessageCallback)
    i.HAL_FDCAN_IRQHandler                   0x080014bc   Section        0  stm32h7xx_hal_fdcan.o(i.HAL_FDCAN_IRQHandler)
    i.HAL_FDCAN_Init                         0x080017dc   Section        0  stm32h7xx_hal_fdcan.o(i.HAL_FDCAN_Init)
    i.HAL_FDCAN_MspDeInit                    0x08001a20   Section        0  fdcan.o(i.HAL_FDCAN_MspDeInit)
    i.HAL_FDCAN_MspInit                      0x08001a60   Section        0  fdcan.o(i.HAL_FDCAN_MspInit)
    i.HAL_FDCAN_RxBufferNewMessageCallback   0x08001b18   Section        0  stm32h7xx_hal_fdcan.o(i.HAL_FDCAN_RxBufferNewMessageCallback)
    i.HAL_FDCAN_RxFifo0Callback              0x08001b1c   Section        0  bsp_fdcan.o(i.HAL_FDCAN_RxFifo0Callback)
    i.HAL_FDCAN_RxFifo1Callback              0x08001b30   Section        0  stm32h7xx_hal_fdcan.o(i.HAL_FDCAN_RxFifo1Callback)
    i.HAL_FDCAN_Start                        0x08001b32   Section        0  stm32h7xx_hal_fdcan.o(i.HAL_FDCAN_Start)
    i.HAL_FDCAN_Stop                         0x08001b64   Section        0  stm32h7xx_hal_fdcan.o(i.HAL_FDCAN_Stop)
    i.HAL_FDCAN_TT_GlobalTimeCallback        0x08001be2   Section        0  stm32h7xx_hal_fdcan.o(i.HAL_FDCAN_TT_GlobalTimeCallback)
    i.HAL_FDCAN_TT_ScheduleSyncCallback      0x08001be4   Section        0  stm32h7xx_hal_fdcan.o(i.HAL_FDCAN_TT_ScheduleSyncCallback)
    i.HAL_FDCAN_TT_StopWatchCallback         0x08001be6   Section        0  stm32h7xx_hal_fdcan.o(i.HAL_FDCAN_TT_StopWatchCallback)
    i.HAL_FDCAN_TT_TimeMarkCallback          0x08001be8   Section        0  stm32h7xx_hal_fdcan.o(i.HAL_FDCAN_TT_TimeMarkCallback)
    i.HAL_FDCAN_TimeoutOccurredCallback      0x08001bea   Section        0  stm32h7xx_hal_fdcan.o(i.HAL_FDCAN_TimeoutOccurredCallback)
    i.HAL_FDCAN_TimestampWraparoundCallback  0x08001bec   Section        0  stm32h7xx_hal_fdcan.o(i.HAL_FDCAN_TimestampWraparoundCallback)
    i.HAL_FDCAN_TxBufferAbortCallback        0x08001bee   Section        0  stm32h7xx_hal_fdcan.o(i.HAL_FDCAN_TxBufferAbortCallback)
    i.HAL_FDCAN_TxBufferCompleteCallback     0x08001bf0   Section        0  stm32h7xx_hal_fdcan.o(i.HAL_FDCAN_TxBufferCompleteCallback)
    i.HAL_FDCAN_TxEventFifoCallback          0x08001bf2   Section        0  stm32h7xx_hal_fdcan.o(i.HAL_FDCAN_TxEventFifoCallback)
    i.HAL_FDCAN_TxFifoEmptyCallback          0x08001bf4   Section        0  stm32h7xx_hal_fdcan.o(i.HAL_FDCAN_TxFifoEmptyCallback)
    i.HAL_GPIO_DeInit                        0x08001bf8   Section        0  stm32h7xx_hal_gpio.o(i.HAL_GPIO_DeInit)
    i.HAL_GPIO_Init                          0x08001d58   Section        0  stm32h7xx_hal_gpio.o(i.HAL_GPIO_Init)
    i.HAL_GPIO_WritePin                      0x08001f74   Section        0  stm32h7xx_hal_gpio.o(i.HAL_GPIO_WritePin)
    i.HAL_GetTick                            0x08001f80   Section        0  stm32h7xx_hal.o(i.HAL_GetTick)
    i.HAL_IncTick                            0x08001f8c   Section        0  stm32h7xx_hal.o(i.HAL_IncTick)
    i.HAL_Init                               0x08001f9c   Section        0  stm32h7xx_hal.o(i.HAL_Init)
    i.HAL_InitTick                           0x08001ff8   Section        0  stm32h7xx_hal.o(i.HAL_InitTick)
    i.HAL_MspInit                            0x08002038   Section        0  stm32h7xx_hal_msp.o(i.HAL_MspInit)
    i.HAL_NVIC_DisableIRQ                    0x08002054   Section        0  stm32h7xx_hal_cortex.o(i.HAL_NVIC_DisableIRQ)
    i.HAL_NVIC_EnableIRQ                     0x08002076   Section        0  stm32h7xx_hal_cortex.o(i.HAL_NVIC_EnableIRQ)
    i.HAL_NVIC_SetPriority                   0x08002090   Section        0  stm32h7xx_hal_cortex.o(i.HAL_NVIC_SetPriority)
    i.HAL_NVIC_SetPriorityGrouping           0x080020d0   Section        0  stm32h7xx_hal_cortex.o(i.HAL_NVIC_SetPriorityGrouping)
    i.HAL_PWREx_ConfigSupply                 0x080020f4   Section        0  stm32h7xx_hal_pwr_ex.o(i.HAL_PWREx_ConfigSupply)
    i.HAL_RCCEx_GetD3PCLK1Freq               0x08002148   Section        0  stm32h7xx_hal_rcc_ex.o(i.HAL_RCCEx_GetD3PCLK1Freq)
    i.HAL_RCCEx_GetPLL2ClockFreq             0x0800216c   Section        0  stm32h7xx_hal_rcc_ex.o(i.HAL_RCCEx_GetPLL2ClockFreq)
    i.HAL_RCCEx_GetPLL3ClockFreq             0x080022b0   Section        0  stm32h7xx_hal_rcc_ex.o(i.HAL_RCCEx_GetPLL3ClockFreq)
    i.HAL_RCCEx_PeriphCLKConfig              0x080023f4   Section        0  stm32h7xx_hal_rcc_ex.o(i.HAL_RCCEx_PeriphCLKConfig)
    i.HAL_RCC_ClockConfig                    0x08002d30   Section        0  stm32h7xx_hal_rcc.o(i.HAL_RCC_ClockConfig)
    i.HAL_RCC_GetHCLKFreq                    0x08002f8c   Section        0  stm32h7xx_hal_rcc.o(i.HAL_RCC_GetHCLKFreq)
    i.HAL_RCC_GetPCLK1Freq                   0x08002fd0   Section        0  stm32h7xx_hal_rcc.o(i.HAL_RCC_GetPCLK1Freq)
    i.HAL_RCC_GetPCLK2Freq                   0x08002ff4   Section        0  stm32h7xx_hal_rcc.o(i.HAL_RCC_GetPCLK2Freq)
    i.HAL_RCC_GetSysClockFreq                0x08003018   Section        0  stm32h7xx_hal_rcc.o(i.HAL_RCC_GetSysClockFreq)
    i.HAL_RCC_OscConfig                      0x08003150   Section        0  stm32h7xx_hal_rcc.o(i.HAL_RCC_OscConfig)
    i.HAL_SYSTICK_Config                     0x08003676   Section        0  stm32h7xx_hal_cortex.o(i.HAL_SYSTICK_Config)
    i.HAL_TIMEx_Break2Callback               0x0800369c   Section        0  stm32h7xx_hal_tim_ex.o(i.HAL_TIMEx_Break2Callback)
    i.HAL_TIMEx_BreakCallback                0x0800369e   Section        0  stm32h7xx_hal_tim_ex.o(i.HAL_TIMEx_BreakCallback)
    i.HAL_TIMEx_CommutCallback               0x080036a0   Section        0  stm32h7xx_hal_tim_ex.o(i.HAL_TIMEx_CommutCallback)
    i.HAL_TIMEx_MasterConfigSynchronization  0x080036a4   Section        0  stm32h7xx_hal_tim_ex.o(i.HAL_TIMEx_MasterConfigSynchronization)
    i.HAL_TIM_Base_Init                      0x0800375c   Section        0  stm32h7xx_hal_tim.o(i.HAL_TIM_Base_Init)
    i.HAL_TIM_Base_MspInit                   0x080037c0   Section        0  tim.o(i.HAL_TIM_Base_MspInit)
    i.HAL_TIM_Base_Start_IT                  0x08003824   Section        0  stm32h7xx_hal_tim.o(i.HAL_TIM_Base_Start_IT)
    i.HAL_TIM_ConfigClockSource              0x080038c4   Section        0  stm32h7xx_hal_tim.o(i.HAL_TIM_ConfigClockSource)
    i.HAL_TIM_IC_CaptureCallback             0x080039c0   Section        0  stm32h7xx_hal_tim.o(i.HAL_TIM_IC_CaptureCallback)
    i.HAL_TIM_IRQHandler                     0x080039c2   Section        0  stm32h7xx_hal_tim.o(i.HAL_TIM_IRQHandler)
    i.HAL_TIM_OC_DelayElapsedCallback        0x08003b0a   Section        0  stm32h7xx_hal_tim.o(i.HAL_TIM_OC_DelayElapsedCallback)
    i.HAL_TIM_PWM_PulseFinishedCallback      0x08003b0c   Section        0  stm32h7xx_hal_tim.o(i.HAL_TIM_PWM_PulseFinishedCallback)
    i.HAL_TIM_PeriodElapsedCallback          0x08003b10   Section        0  main.o(i.HAL_TIM_PeriodElapsedCallback)
    i.HAL_TIM_TriggerCallback                0x08003b44   Section        0  stm32h7xx_hal_tim.o(i.HAL_TIM_TriggerCallback)
    i.HAL_UARTEx_DisableFifoMode             0x08003b46   Section        0  stm32h7xx_hal_uart_ex.o(i.HAL_UARTEx_DisableFifoMode)
    i.HAL_UARTEx_RxEventCallback             0x08003b86   Section        0  stm32h7xx_hal_uart.o(i.HAL_UARTEx_RxEventCallback)
    i.HAL_UARTEx_RxFifoFullCallback          0x08003b88   Section        0  stm32h7xx_hal_uart_ex.o(i.HAL_UARTEx_RxFifoFullCallback)
    i.HAL_UARTEx_SetRxFifoThreshold          0x08003b8a   Section        0  stm32h7xx_hal_uart_ex.o(i.HAL_UARTEx_SetRxFifoThreshold)
    i.HAL_UARTEx_SetTxFifoThreshold          0x08003bd6   Section        0  stm32h7xx_hal_uart_ex.o(i.HAL_UARTEx_SetTxFifoThreshold)
    i.HAL_UARTEx_TxFifoEmptyCallback         0x08003c22   Section        0  stm32h7xx_hal_uart_ex.o(i.HAL_UARTEx_TxFifoEmptyCallback)
    i.HAL_UARTEx_WakeupCallback              0x08003c24   Section        0  stm32h7xx_hal_uart_ex.o(i.HAL_UARTEx_WakeupCallback)
    i.HAL_UART_ErrorCallback                 0x08003c26   Section        0  stm32h7xx_hal_uart.o(i.HAL_UART_ErrorCallback)
    i.HAL_UART_IRQHandler                    0x08003c28   Section        0  stm32h7xx_hal_uart.o(i.HAL_UART_IRQHandler)
    i.HAL_UART_Init                          0x08003fb0   Section        0  stm32h7xx_hal_uart.o(i.HAL_UART_Init)
    i.HAL_UART_MspInit                       0x0800401c   Section        0  usart.o(i.HAL_UART_MspInit)
    i.HAL_UART_Transmit                      0x080040b4   Section        0  stm32h7xx_hal_uart.o(i.HAL_UART_Transmit)
    i.HAL_UART_TxCpltCallback                0x08004164   Section        0  stm32h7xx_hal_uart.o(i.HAL_UART_TxCpltCallback)
    i.HardFault_Handler                      0x08004166   Section        0  stm32h7xx_it.o(i.HardFault_Handler)
    i.MX_FDCAN1_Init                         0x08004168   Section        0  fdcan.o(i.MX_FDCAN1_Init)
    i.MX_GPIO_Init                           0x080041e4   Section        0  gpio.o(i.MX_GPIO_Init)
    i.MX_TIM3_Init                           0x08004264   Section        0  tim.o(i.MX_TIM3_Init)
    i.MX_TIM4_Init                           0x080042cc   Section        0  tim.o(i.MX_TIM4_Init)
    i.MX_USART1_UART_Init                    0x08004334   Section        0  usart.o(i.MX_USART1_UART_Init)
    i.MemManage_Handler                      0x0800439c   Section        0  stm32h7xx_it.o(i.MemManage_Handler)
    i.NMI_Handler                            0x0800439e   Section        0  stm32h7xx_it.o(i.NMI_Handler)
    i.PendSV_Handler                         0x080043a0   Section        0  stm32h7xx_it.o(i.PendSV_Handler)
    i.RCCEx_PLL2_Config                      0x080043a4   Section        0  stm32h7xx_hal_rcc_ex.o(i.RCCEx_PLL2_Config)
    RCCEx_PLL2_Config                        0x080043a5   Thumb Code   284  stm32h7xx_hal_rcc_ex.o(i.RCCEx_PLL2_Config)
    i.RCCEx_PLL3_Config                      0x080044c4   Section        0  stm32h7xx_hal_rcc_ex.o(i.RCCEx_PLL3_Config)
    RCCEx_PLL3_Config                        0x080044c5   Thumb Code   284  stm32h7xx_hal_rcc_ex.o(i.RCCEx_PLL3_Config)
    i.SVC_Handler                            0x080045e4   Section        0  stm32h7xx_it.o(i.SVC_Handler)
    i.SysTick_Handler                        0x080045e6   Section        0  stm32h7xx_it.o(i.SysTick_Handler)
    i.SystemClock_Config                     0x080045ec   Section        0  main.o(i.SystemClock_Config)
    i.SystemInit                             0x08004684   Section        0  system_stm32h7xx.o(i.SystemInit)
    i.TIM3_IRQHandler                        0x08004744   Section        0  stm32h7xx_it.o(i.TIM3_IRQHandler)
    i.TIM4_IRQHandler                        0x08004750   Section        0  stm32h7xx_it.o(i.TIM4_IRQHandler)
    i.TIM_Base_SetConfig                     0x0800475c   Section        0  stm32h7xx_hal_tim.o(i.TIM_Base_SetConfig)
    i.TIM_ETR_SetConfig                      0x08004840   Section        0  stm32h7xx_hal_tim.o(i.TIM_ETR_SetConfig)
    i.TIM_ITRx_SetConfig                     0x08004854   Section        0  stm32h7xx_hal_tim.o(i.TIM_ITRx_SetConfig)
    TIM_ITRx_SetConfig                       0x08004855   Thumb Code    16  stm32h7xx_hal_tim.o(i.TIM_ITRx_SetConfig)
    i.TIM_TI1_ConfigInputStage               0x08004868   Section        0  stm32h7xx_hal_tim.o(i.TIM_TI1_ConfigInputStage)
    TIM_TI1_ConfigInputStage                 0x08004869   Thumb Code    34  stm32h7xx_hal_tim.o(i.TIM_TI1_ConfigInputStage)
    i.TIM_TI2_ConfigInputStage               0x0800488a   Section        0  stm32h7xx_hal_tim.o(i.TIM_TI2_ConfigInputStage)
    TIM_TI2_ConfigInputStage                 0x0800488b   Thumb Code    36  stm32h7xx_hal_tim.o(i.TIM_TI2_ConfigInputStage)
    i.UARTEx_SetNbDataToProcess              0x080048b0   Section        0  stm32h7xx_hal_uart_ex.o(i.UARTEx_SetNbDataToProcess)
    UARTEx_SetNbDataToProcess                0x080048b1   Thumb Code    62  stm32h7xx_hal_uart_ex.o(i.UARTEx_SetNbDataToProcess)
    i.UART_AdvFeatureConfig                  0x080048f4   Section        0  stm32h7xx_hal_uart.o(i.UART_AdvFeatureConfig)
    i.UART_CheckIdleState                    0x080049bc   Section        0  stm32h7xx_hal_uart.o(i.UART_CheckIdleState)
    i.UART_DMAAbortOnError                   0x08004a66   Section        0  stm32h7xx_hal_uart.o(i.UART_DMAAbortOnError)
    UART_DMAAbortOnError                     0x08004a67   Thumb Code    20  stm32h7xx_hal_uart.o(i.UART_DMAAbortOnError)
    i.UART_EndRxTransfer                     0x08004a7c   Section        0  stm32h7xx_hal_uart.o(i.UART_EndRxTransfer)
    UART_EndRxTransfer                       0x08004a7d   Thumb Code    78  stm32h7xx_hal_uart.o(i.UART_EndRxTransfer)
    i.UART_SetConfig                         0x08004ad0   Section        0  stm32h7xx_hal_uart.o(i.UART_SetConfig)
    i.UART_WaitOnFlagUntilTimeout            0x08004eac   Section        0  stm32h7xx_hal_uart.o(i.UART_WaitOnFlagUntilTimeout)
    i.USART1_IRQHandler                      0x08004f40   Section        0  stm32h7xx_it.o(i.USART1_IRQHandler)
    i.UsageFault_Handler                     0x08004f4c   Section        0  stm32h7xx_it.o(i.UsageFault_Handler)
    i.__0printf                              0x08004f50   Section        0  printfa.o(i.__0printf)
    i.__NVIC_SetPriority                     0x08004f70   Section        0  stm32h7xx_hal_cortex.o(i.__NVIC_SetPriority)
    __NVIC_SetPriority                       0x08004f71   Thumb Code    34  stm32h7xx_hal_cortex.o(i.__NVIC_SetPriority)
    i.__scatterload_copy                     0x08004f92   Section       14  handlers.o(i.__scatterload_copy)
    i.__scatterload_null                     0x08004fa0   Section        2  handlers.o(i.__scatterload_null)
    i.__scatterload_zeroinit                 0x08004fa2   Section       14  handlers.o(i.__scatterload_zeroinit)
    i._fp_digits                             0x08004fb0   Section        0  printfa.o(i._fp_digits)
    _fp_digits                               0x08004fb1   Thumb Code   366  printfa.o(i._fp_digits)
    i._printf_core                           0x08005134   Section        0  printfa.o(i._printf_core)
    _printf_core                             0x08005135   Thumb Code  1744  printfa.o(i._printf_core)
    i._printf_post_padding                   0x08005810   Section        0  printfa.o(i._printf_post_padding)
    _printf_post_padding                     0x08005811   Thumb Code    36  printfa.o(i._printf_post_padding)
    i._printf_pre_padding                    0x08005834   Section        0  printfa.o(i._printf_pre_padding)
    _printf_pre_padding                      0x08005835   Thumb Code    46  printfa.o(i._printf_pre_padding)
    i.bsp_can_init                           0x08005864   Section        0  bsp_fdcan.o(i.bsp_can_init)
    i.bsp_fdcan_set_baud                     0x08005888   Section        0  bsp_fdcan.o(i.bsp_fdcan_set_baud)
    i.can_filter_init                        0x08005978   Section        0  bsp_fdcan.o(i.can_filter_init)
    i.dm_motor_ctrl_send                     0x080059b8   Section        0  dm_motor_drv.o(i.dm_motor_ctrl_send)
    i.dm_motor_fbdata                        0x08005a12   Section        0  dm_motor_drv.o(i.dm_motor_fbdata)
    i.dm_motor_init                          0x08005aa0   Section        0  dm_motor_ctrl.o(i.dm_motor_init)
    i.enable_motor_mode                      0x08005b34   Section        0  dm_motor_drv.o(i.enable_motor_mode)
    i.fdcan1_rx_callback                     0x08005b68   Section        0  dm_motor_ctrl.o(i.fdcan1_rx_callback)
    i.fdcanx_receive                         0x08005bc4   Section        0  bsp_fdcan.o(i.fdcanx_receive)
    i.fdcanx_send_data                       0x08005c26   Section        0  bsp_fdcan.o(i.fdcanx_send_data)
    i.float_to_uint                          0x08005c94   Section        0  dm_motor_drv.o(i.float_to_uint)
    i.fputc                                  0x08005cbc   Section        0  usart.o(i.fputc)
    i.main                                   0x08005cd4   Section        0  main.o(i.main)
    i.mit_ctrl                               0x0800600c   Section        0  dm_motor_drv.o(i.mit_ctrl)
    i.pos_ctrl                               0x080060d4   Section        0  dm_motor_drv.o(i.pos_ctrl)
    i.psi_ctrl                               0x08006120   Section        0  dm_motor_drv.o(i.psi_ctrl)
    i.read_all_motor_data                    0x08006188   Section        0  dm_motor_ctrl.o(i.read_all_motor_data)
    i.read_motor_data                        0x080062d8   Section        0  dm_motor_drv.o(i.read_motor_data)
    i.receive_motor_data                     0x0800630c   Section        0  dm_motor_ctrl.o(i.receive_motor_data)
    i.save_pos_zero                          0x080064ec   Section        0  dm_motor_drv.o(i.save_pos_zero)
    i.spd_ctrl                               0x08006520   Section        0  dm_motor_drv.o(i.spd_ctrl)
    i.uint_to_float                          0x0800654c   Section        0  dm_motor_drv.o(i.uint_to_float)
    .constdata                               0x08006574   Section       92  stm32h7xx_hal_fdcan.o(.constdata)
    DLCtoBytes                               0x08006574   Data          16  stm32h7xx_hal_fdcan.o(.constdata)
    .constdata                               0x080065d0   Section       24  stm32h7xx_hal_uart.o(.constdata)
    .constdata                               0x080065e8   Section       16  stm32h7xx_hal_uart_ex.o(.constdata)
    numerator                                0x080065e8   Data           8  stm32h7xx_hal_uart_ex.o(.constdata)
    denominator                              0x080065f0   Data           8  stm32h7xx_hal_uart_ex.o(.constdata)
    .constdata                               0x080065f8   Section       16  system_stm32h7xx.o(.constdata)
    .data                                    0x24000000   Section       12  stm32h7xx_hal.o(.data)
    .data                                    0x2400000c   Section        8  system_stm32h7xx.o(.data)
    .data                                    0x24000014   Section        4  stdout.o(.data)
    .bss                                     0x24000018   Section      160  fdcan.o(.bss)
    .bss                                     0x240000b8   Section      152  tim.o(.bss)
    .bss                                     0x24000150   Section      148  usart.o(.bss)
    .bss                                     0x240001e4   Section     2720  dm_motor_ctrl.o(.bss)
    STACK                                    0x24000c88   Section     1024  startup_stm32h723xx.o(STACK)

    Global Symbols

    Symbol Name                              Value     Ov Type        Size  Object(Section)

    BuildAttributes$$THM_ISAv4$E$P$D$K$B$S$7EM$VFPv5_D16$PE$PLD8$A:L22UL41UL21$X:L11$S22US41US21$IEEE1$IW$USESV6$~STKCKD$USESV7$~SHL$OSPACE$ROPI$EBA8$MICROLIB$REQ8$PRES8$EABIv2 0x00000000   Number         0  anon$$obj.o ABSOLUTE
    __ARM_use_no_argv                        0x00000000   Number         0  main.o ABSOLUTE
    _printf_a                                0x00000000   Number         0  stubs.o ABSOLUTE
    _printf_c                                0x00000000   Number         0  stubs.o ABSOLUTE
    _printf_charcount                        0x00000000   Number         0  stubs.o ABSOLUTE
    _printf_d                                0x00000000   Number         0  stubs.o ABSOLUTE
    _printf_e                                0x00000000   Number         0  stubs.o ABSOLUTE
    _printf_f                                0x00000000   Number         0  stubs.o ABSOLUTE
    _printf_flags                            0x00000000   Number         0  stubs.o ABSOLUTE
    _printf_fp_dec                           0x00000000   Number         0  stubs.o ABSOLUTE
    _printf_fp_hex                           0x00000000   Number         0  stubs.o ABSOLUTE
    _printf_g                                0x00000000   Number         0  stubs.o ABSOLUTE
    _printf_i                                0x00000000   Number         0  stubs.o ABSOLUTE
    _printf_int_dec                          0x00000000   Number         0  stubs.o ABSOLUTE
    _printf_l                                0x00000000   Number         0  stubs.o ABSOLUTE
    _printf_lc                               0x00000000   Number         0  stubs.o ABSOLUTE
    _printf_ll                               0x00000000   Number         0  stubs.o ABSOLUTE
    _printf_lld                              0x00000000   Number         0  stubs.o ABSOLUTE
    _printf_lli                              0x00000000   Number         0  stubs.o ABSOLUTE
    _printf_llo                              0x00000000   Number         0  stubs.o ABSOLUTE
    _printf_llu                              0x00000000   Number         0  stubs.o ABSOLUTE
    _printf_llx                              0x00000000   Number         0  stubs.o ABSOLUTE
    _printf_longlong_dec                     0x00000000   Number         0  stubs.o ABSOLUTE
    _printf_longlong_hex                     0x00000000   Number         0  stubs.o ABSOLUTE
    _printf_longlong_oct                     0x00000000   Number         0  stubs.o ABSOLUTE
    _printf_ls                               0x00000000   Number         0  stubs.o ABSOLUTE
    _printf_mbtowc                           0x00000000   Number         0  stubs.o ABSOLUTE
    _printf_n                                0x00000000   Number         0  stubs.o ABSOLUTE
    _printf_o                                0x00000000   Number         0  stubs.o ABSOLUTE
    _printf_p                                0x00000000   Number         0  stubs.o ABSOLUTE
    _printf_percent                          0x00000000   Number         0  stubs.o ABSOLUTE
    _printf_pre_padding                      0x00000000   Number         0  stubs.o ABSOLUTE
    _printf_return_value                     0x00000000   Number         0  stubs.o ABSOLUTE
    _printf_s                                0x00000000   Number         0  stubs.o ABSOLUTE
    _printf_sizespec                         0x00000000   Number         0  stubs.o ABSOLUTE
    _printf_str                              0x00000000   Number         0  stubs.o ABSOLUTE
    _printf_truncate_signed                  0x00000000   Number         0  stubs.o ABSOLUTE
    _printf_truncate_unsigned                0x00000000   Number         0  stubs.o ABSOLUTE
    _printf_u                                0x00000000   Number         0  stubs.o ABSOLUTE
    _printf_wc                               0x00000000   Number         0  stubs.o ABSOLUTE
    _printf_wctomb                           0x00000000   Number         0  stubs.o ABSOLUTE
    _printf_widthprec                        0x00000000   Number         0  stubs.o ABSOLUTE
    _printf_x                                0x00000000   Number         0  stubs.o ABSOLUTE
    __cpp_initialize__aeabi_                  - Undefined Weak Reference
    __cxa_finalize                            - Undefined Weak Reference
    __decompress                              - Undefined Weak Reference
    _clock_init                               - Undefined Weak Reference
    _microlib_exit                            - Undefined Weak Reference
    __Vectors_Size                           0x000002cc   Number         0  startup_stm32h723xx.o ABSOLUTE
    __Vectors                                0x08000000   Data           4  startup_stm32h723xx.o(RESET)
    __Vectors_End                            0x080002cc   Data           0  startup_stm32h723xx.o(RESET)
    __main                                   0x080002cd   Thumb Code     0  entry.o(.ARM.Collect$$$$00000000)
    _main_stk                                0x080002cd   Thumb Code     0  entry2.o(.ARM.Collect$$$$00000001)
    _main_scatterload                        0x080002d1   Thumb Code     0  entry5.o(.ARM.Collect$$$$00000004)
    __main_after_scatterload                 0x080002d5   Thumb Code     0  entry5.o(.ARM.Collect$$$$00000004)
    _main_clock                              0x080002d5   Thumb Code     0  entry7b.o(.ARM.Collect$$$$00000008)
    _main_cpp_init                           0x080002d5   Thumb Code     0  entry8b.o(.ARM.Collect$$$$0000000A)
    _main_init                               0x080002d5   Thumb Code     0  entry9a.o(.ARM.Collect$$$$0000000B)
    __rt_final_cpp                           0x080002dd   Thumb Code     0  entry10a.o(.ARM.Collect$$$$0000000D)
    __rt_final_exit                          0x080002dd   Thumb Code     0  entry11a.o(.ARM.Collect$$$$0000000F)
    Reset_Handler                            0x080002e1   Thumb Code     8  startup_stm32h723xx.o(.text)
    ADC3_IRQHandler                          0x080002fb   Thumb Code     0  startup_stm32h723xx.o(.text)
    ADC_IRQHandler                           0x080002fb   Thumb Code     0  startup_stm32h723xx.o(.text)
    BDMA_Channel0_IRQHandler                 0x080002fb   Thumb Code     0  startup_stm32h723xx.o(.text)
    BDMA_Channel1_IRQHandler                 0x080002fb   Thumb Code     0  startup_stm32h723xx.o(.text)
    BDMA_Channel2_IRQHandler                 0x080002fb   Thumb Code     0  startup_stm32h723xx.o(.text)
    BDMA_Channel3_IRQHandler                 0x080002fb   Thumb Code     0  startup_stm32h723xx.o(.text)
    BDMA_Channel4_IRQHandler                 0x080002fb   Thumb Code     0  startup_stm32h723xx.o(.text)
    BDMA_Channel5_IRQHandler                 0x080002fb   Thumb Code     0  startup_stm32h723xx.o(.text)
    BDMA_Channel6_IRQHandler                 0x080002fb   Thumb Code     0  startup_stm32h723xx.o(.text)
    BDMA_Channel7_IRQHandler                 0x080002fb   Thumb Code     0  startup_stm32h723xx.o(.text)
    CEC_IRQHandler                           0x080002fb   Thumb Code     0  startup_stm32h723xx.o(.text)
    COMP1_IRQHandler                         0x080002fb   Thumb Code     0  startup_stm32h723xx.o(.text)
    CORDIC_IRQHandler                        0x080002fb   Thumb Code     0  startup_stm32h723xx.o(.text)
    CRS_IRQHandler                           0x080002fb   Thumb Code     0  startup_stm32h723xx.o(.text)
    DCMI_PSSI_IRQHandler                     0x080002fb   Thumb Code     0  startup_stm32h723xx.o(.text)
    DFSDM1_FLT0_IRQHandler                   0x080002fb   Thumb Code     0  startup_stm32h723xx.o(.text)
    DFSDM1_FLT1_IRQHandler                   0x080002fb   Thumb Code     0  startup_stm32h723xx.o(.text)
    DFSDM1_FLT2_IRQHandler                   0x080002fb   Thumb Code     0  startup_stm32h723xx.o(.text)
    DFSDM1_FLT3_IRQHandler                   0x080002fb   Thumb Code     0  startup_stm32h723xx.o(.text)
    DMA1_Stream0_IRQHandler                  0x080002fb   Thumb Code     0  startup_stm32h723xx.o(.text)
    DMA1_Stream1_IRQHandler                  0x080002fb   Thumb Code     0  startup_stm32h723xx.o(.text)
    DMA1_Stream2_IRQHandler                  0x080002fb   Thumb Code     0  startup_stm32h723xx.o(.text)
    DMA1_Stream3_IRQHandler                  0x080002fb   Thumb Code     0  startup_stm32h723xx.o(.text)
    DMA1_Stream4_IRQHandler                  0x080002fb   Thumb Code     0  startup_stm32h723xx.o(.text)
    DMA1_Stream5_IRQHandler                  0x080002fb   Thumb Code     0  startup_stm32h723xx.o(.text)
    DMA1_Stream6_IRQHandler                  0x080002fb   Thumb Code     0  startup_stm32h723xx.o(.text)
    DMA1_Stream7_IRQHandler                  0x080002fb   Thumb Code     0  startup_stm32h723xx.o(.text)
    DMA2D_IRQHandler                         0x080002fb   Thumb Code     0  startup_stm32h723xx.o(.text)
    DMA2_Stream0_IRQHandler                  0x080002fb   Thumb Code     0  startup_stm32h723xx.o(.text)
    DMA2_Stream1_IRQHandler                  0x080002fb   Thumb Code     0  startup_stm32h723xx.o(.text)
    DMA2_Stream2_IRQHandler                  0x080002fb   Thumb Code     0  startup_stm32h723xx.o(.text)
    DMA2_Stream3_IRQHandler                  0x080002fb   Thumb Code     0  startup_stm32h723xx.o(.text)
    DMA2_Stream4_IRQHandler                  0x080002fb   Thumb Code     0  startup_stm32h723xx.o(.text)
    DMA2_Stream5_IRQHandler                  0x080002fb   Thumb Code     0  startup_stm32h723xx.o(.text)
    DMA2_Stream6_IRQHandler                  0x080002fb   Thumb Code     0  startup_stm32h723xx.o(.text)
    DMA2_Stream7_IRQHandler                  0x080002fb   Thumb Code     0  startup_stm32h723xx.o(.text)
    DMAMUX1_OVR_IRQHandler                   0x080002fb   Thumb Code     0  startup_stm32h723xx.o(.text)
    DMAMUX2_OVR_IRQHandler                   0x080002fb   Thumb Code     0  startup_stm32h723xx.o(.text)
    DTS_IRQHandler                           0x080002fb   Thumb Code     0  startup_stm32h723xx.o(.text)
    ECC_IRQHandler                           0x080002fb   Thumb Code     0  startup_stm32h723xx.o(.text)
    ETH_IRQHandler                           0x080002fb   Thumb Code     0  startup_stm32h723xx.o(.text)
    ETH_WKUP_IRQHandler                      0x080002fb   Thumb Code     0  startup_stm32h723xx.o(.text)
    EXTI0_IRQHandler                         0x080002fb   Thumb Code     0  startup_stm32h723xx.o(.text)
    EXTI15_10_IRQHandler                     0x080002fb   Thumb Code     0  startup_stm32h723xx.o(.text)
    EXTI1_IRQHandler                         0x080002fb   Thumb Code     0  startup_stm32h723xx.o(.text)
    EXTI2_IRQHandler                         0x080002fb   Thumb Code     0  startup_stm32h723xx.o(.text)
    EXTI3_IRQHandler                         0x080002fb   Thumb Code     0  startup_stm32h723xx.o(.text)
    EXTI4_IRQHandler                         0x080002fb   Thumb Code     0  startup_stm32h723xx.o(.text)
    EXTI9_5_IRQHandler                       0x080002fb   Thumb Code     0  startup_stm32h723xx.o(.text)
    FDCAN2_IT0_IRQHandler                    0x080002fb   Thumb Code     0  startup_stm32h723xx.o(.text)
    FDCAN2_IT1_IRQHandler                    0x080002fb   Thumb Code     0  startup_stm32h723xx.o(.text)
    FDCAN3_IT0_IRQHandler                    0x080002fb   Thumb Code     0  startup_stm32h723xx.o(.text)
    FDCAN3_IT1_IRQHandler                    0x080002fb   Thumb Code     0  startup_stm32h723xx.o(.text)
    FLASH_IRQHandler                         0x080002fb   Thumb Code     0  startup_stm32h723xx.o(.text)
    FMAC_IRQHandler                          0x080002fb   Thumb Code     0  startup_stm32h723xx.o(.text)
    FMC_IRQHandler                           0x080002fb   Thumb Code     0  startup_stm32h723xx.o(.text)
    FPU_IRQHandler                           0x080002fb   Thumb Code     0  startup_stm32h723xx.o(.text)
    HSEM1_IRQHandler                         0x080002fb   Thumb Code     0  startup_stm32h723xx.o(.text)
    I2C1_ER_IRQHandler                       0x080002fb   Thumb Code     0  startup_stm32h723xx.o(.text)
    I2C1_EV_IRQHandler                       0x080002fb   Thumb Code     0  startup_stm32h723xx.o(.text)
    I2C2_ER_IRQHandler                       0x080002fb   Thumb Code     0  startup_stm32h723xx.o(.text)
    I2C2_EV_IRQHandler                       0x080002fb   Thumb Code     0  startup_stm32h723xx.o(.text)
    I2C3_ER_IRQHandler                       0x080002fb   Thumb Code     0  startup_stm32h723xx.o(.text)
    I2C3_EV_IRQHandler                       0x080002fb   Thumb Code     0  startup_stm32h723xx.o(.text)
    I2C4_ER_IRQHandler                       0x080002fb   Thumb Code     0  startup_stm32h723xx.o(.text)
    I2C4_EV_IRQHandler                       0x080002fb   Thumb Code     0  startup_stm32h723xx.o(.text)
    I2C5_ER_IRQHandler                       0x080002fb   Thumb Code     0  startup_stm32h723xx.o(.text)
    I2C5_EV_IRQHandler                       0x080002fb   Thumb Code     0  startup_stm32h723xx.o(.text)
    LPTIM1_IRQHandler                        0x080002fb   Thumb Code     0  startup_stm32h723xx.o(.text)
    LPTIM2_IRQHandler                        0x080002fb   Thumb Code     0  startup_stm32h723xx.o(.text)
    LPTIM3_IRQHandler                        0x080002fb   Thumb Code     0  startup_stm32h723xx.o(.text)
    LPTIM4_IRQHandler                        0x080002fb   Thumb Code     0  startup_stm32h723xx.o(.text)
    LPTIM5_IRQHandler                        0x080002fb   Thumb Code     0  startup_stm32h723xx.o(.text)
    LPUART1_IRQHandler                       0x080002fb   Thumb Code     0  startup_stm32h723xx.o(.text)
    LTDC_ER_IRQHandler                       0x080002fb   Thumb Code     0  startup_stm32h723xx.o(.text)
    LTDC_IRQHandler                          0x080002fb   Thumb Code     0  startup_stm32h723xx.o(.text)
    MDIOS_IRQHandler                         0x080002fb   Thumb Code     0  startup_stm32h723xx.o(.text)
    MDIOS_WKUP_IRQHandler                    0x080002fb   Thumb Code     0  startup_stm32h723xx.o(.text)
    MDMA_IRQHandler                          0x080002fb   Thumb Code     0  startup_stm32h723xx.o(.text)
    OCTOSPI1_IRQHandler                      0x080002fb   Thumb Code     0  startup_stm32h723xx.o(.text)
    OCTOSPI2_IRQHandler                      0x080002fb   Thumb Code     0  startup_stm32h723xx.o(.text)
    OTG_HS_EP1_IN_IRQHandler                 0x080002fb   Thumb Code     0  startup_stm32h723xx.o(.text)
    OTG_HS_EP1_OUT_IRQHandler                0x080002fb   Thumb Code     0  startup_stm32h723xx.o(.text)
    OTG_HS_IRQHandler                        0x080002fb   Thumb Code     0  startup_stm32h723xx.o(.text)
    OTG_HS_WKUP_IRQHandler                   0x080002fb   Thumb Code     0  startup_stm32h723xx.o(.text)
    PVD_AVD_IRQHandler                       0x080002fb   Thumb Code     0  startup_stm32h723xx.o(.text)
    RCC_IRQHandler                           0x080002fb   Thumb Code     0  startup_stm32h723xx.o(.text)
    RNG_IRQHandler                           0x080002fb   Thumb Code     0  startup_stm32h723xx.o(.text)
    RTC_Alarm_IRQHandler                     0x080002fb   Thumb Code     0  startup_stm32h723xx.o(.text)
    RTC_WKUP_IRQHandler                      0x080002fb   Thumb Code     0  startup_stm32h723xx.o(.text)
    SAI1_IRQHandler                          0x080002fb   Thumb Code     0  startup_stm32h723xx.o(.text)
    SAI4_IRQHandler                          0x080002fb   Thumb Code     0  startup_stm32h723xx.o(.text)
    SDMMC1_IRQHandler                        0x080002fb   Thumb Code     0  startup_stm32h723xx.o(.text)
    SDMMC2_IRQHandler                        0x080002fb   Thumb Code     0  startup_stm32h723xx.o(.text)
    SPDIF_RX_IRQHandler                      0x080002fb   Thumb Code     0  startup_stm32h723xx.o(.text)
    SPI1_IRQHandler                          0x080002fb   Thumb Code     0  startup_stm32h723xx.o(.text)
    SPI2_IRQHandler                          0x080002fb   Thumb Code     0  startup_stm32h723xx.o(.text)
    SPI3_IRQHandler                          0x080002fb   Thumb Code     0  startup_stm32h723xx.o(.text)
    SPI4_IRQHandler                          0x080002fb   Thumb Code     0  startup_stm32h723xx.o(.text)
    SPI5_IRQHandler                          0x080002fb   Thumb Code     0  startup_stm32h723xx.o(.text)
    SPI6_IRQHandler                          0x080002fb   Thumb Code     0  startup_stm32h723xx.o(.text)
    SWPMI1_IRQHandler                        0x080002fb   Thumb Code     0  startup_stm32h723xx.o(.text)
    TAMP_STAMP_IRQHandler                    0x080002fb   Thumb Code     0  startup_stm32h723xx.o(.text)
    TIM15_IRQHandler                         0x080002fb   Thumb Code     0  startup_stm32h723xx.o(.text)
    TIM16_IRQHandler                         0x080002fb   Thumb Code     0  startup_stm32h723xx.o(.text)
    TIM17_IRQHandler                         0x080002fb   Thumb Code     0  startup_stm32h723xx.o(.text)
    TIM1_BRK_IRQHandler                      0x080002fb   Thumb Code     0  startup_stm32h723xx.o(.text)
    TIM1_CC_IRQHandler                       0x080002fb   Thumb Code     0  startup_stm32h723xx.o(.text)
    TIM1_TRG_COM_IRQHandler                  0x080002fb   Thumb Code     0  startup_stm32h723xx.o(.text)
    TIM1_UP_IRQHandler                       0x080002fb   Thumb Code     0  startup_stm32h723xx.o(.text)
    TIM23_IRQHandler                         0x080002fb   Thumb Code     0  startup_stm32h723xx.o(.text)
    TIM24_IRQHandler                         0x080002fb   Thumb Code     0  startup_stm32h723xx.o(.text)
    TIM2_IRQHandler                          0x080002fb   Thumb Code     0  startup_stm32h723xx.o(.text)
    TIM5_IRQHandler                          0x080002fb   Thumb Code     0  startup_stm32h723xx.o(.text)
    TIM6_DAC_IRQHandler                      0x080002fb   Thumb Code     0  startup_stm32h723xx.o(.text)
    TIM7_IRQHandler                          0x080002fb   Thumb Code     0  startup_stm32h723xx.o(.text)
    TIM8_BRK_TIM12_IRQHandler                0x080002fb   Thumb Code     0  startup_stm32h723xx.o(.text)
    TIM8_CC_IRQHandler                       0x080002fb   Thumb Code     0  startup_stm32h723xx.o(.text)
    TIM8_TRG_COM_TIM14_IRQHandler            0x080002fb   Thumb Code     0  startup_stm32h723xx.o(.text)
    TIM8_UP_TIM13_IRQHandler                 0x080002fb   Thumb Code     0  startup_stm32h723xx.o(.text)
    UART4_IRQHandler                         0x080002fb   Thumb Code     0  startup_stm32h723xx.o(.text)
    UART5_IRQHandler                         0x080002fb   Thumb Code     0  startup_stm32h723xx.o(.text)
    UART7_IRQHandler                         0x080002fb   Thumb Code     0  startup_stm32h723xx.o(.text)
    UART8_IRQHandler                         0x080002fb   Thumb Code     0  startup_stm32h723xx.o(.text)
    UART9_IRQHandler                         0x080002fb   Thumb Code     0  startup_stm32h723xx.o(.text)
    USART10_IRQHandler                       0x080002fb   Thumb Code     0  startup_stm32h723xx.o(.text)
    USART2_IRQHandler                        0x080002fb   Thumb Code     0  startup_stm32h723xx.o(.text)
    USART3_IRQHandler                        0x080002fb   Thumb Code     0  startup_stm32h723xx.o(.text)
    USART6_IRQHandler                        0x080002fb   Thumb Code     0  startup_stm32h723xx.o(.text)
    WAKEUP_PIN_IRQHandler                    0x080002fb   Thumb Code     0  startup_stm32h723xx.o(.text)
    WWDG_IRQHandler                          0x080002fb   Thumb Code     0  startup_stm32h723xx.o(.text)
    __aeabi_uldivmod                         0x08000305   Thumb Code    98  uldiv.o(.text)
    __aeabi_memcpy                           0x08000367   Thumb Code    36  memcpya.o(.text)
    __aeabi_memcpy4                          0x08000367   Thumb Code     0  memcpya.o(.text)
    __aeabi_memcpy8                          0x08000367   Thumb Code     0  memcpya.o(.text)
    __aeabi_memset                           0x0800038b   Thumb Code    14  memseta.o(.text)
    __aeabi_memset4                          0x0800038b   Thumb Code     0  memseta.o(.text)
    __aeabi_memset8                          0x0800038b   Thumb Code     0  memseta.o(.text)
    __aeabi_memclr                           0x08000399   Thumb Code     4  memseta.o(.text)
    __aeabi_memclr4                          0x08000399   Thumb Code     0  memseta.o(.text)
    __aeabi_memclr8                          0x08000399   Thumb Code     0  memseta.o(.text)
    _memset$wrapper                          0x0800039d   Thumb Code    18  memseta.o(.text)
    __aeabi_uidiv                            0x080003af   Thumb Code     0  uidiv.o(.text)
    __aeabi_uidivmod                         0x080003af   Thumb Code    44  uidiv.o(.text)
    __aeabi_llsl                             0x080003db   Thumb Code    30  llshl.o(.text)
    _ll_shift_l                              0x080003db   Thumb Code     0  llshl.o(.text)
    __aeabi_llsr                             0x080003f9   Thumb Code    32  llushr.o(.text)
    _ll_ushift_r                             0x080003f9   Thumb Code     0  llushr.o(.text)
    __I$use$fp                               0x08000419   Thumb Code     0  iusefp.o(.text)
    __aeabi_dadd                             0x08000419   Thumb Code   322  dadd.o(.text)
    __aeabi_dsub                             0x0800055b   Thumb Code     6  dadd.o(.text)
    __aeabi_drsub                            0x08000561   Thumb Code     6  dadd.o(.text)
    __aeabi_dmul                             0x08000567   Thumb Code   228  dmul.o(.text)
    __aeabi_ddiv                             0x0800064b   Thumb Code   222  ddiv.o(.text)
    __aeabi_d2ulz                            0x08000729   Thumb Code    48  dfixul.o(.text)
    __aeabi_cdrcmple                         0x08000759   Thumb Code    48  cdrcmple.o(.text)
    __scatterload                            0x08000789   Thumb Code    28  init.o(.text)
    __scatterload_rt2                        0x08000789   Thumb Code     0  init.o(.text)
    __aeabi_lasr                             0x080007ad   Thumb Code    36  llsshr.o(.text)
    _ll_sshift_r                             0x080007ad   Thumb Code     0  llsshr.o(.text)
    _double_round                            0x080007d1   Thumb Code    30  depilogue.o(.text)
    _double_epilogue                         0x080007ef   Thumb Code   156  depilogue.o(.text)
    BusFault_Handler                         0x0800088b   Thumb Code     2  stm32h7xx_it.o(i.BusFault_Handler)
    DebugMon_Handler                         0x0800088d   Thumb Code     2  stm32h7xx_it.o(i.DebugMon_Handler)
    Error_Handler                            0x0800088f   Thumb Code     4  main.o(i.Error_Handler)
    FDCAN1_IT0_IRQHandler                    0x08000895   Thumb Code     6  stm32h7xx_it.o(i.FDCAN1_IT0_IRQHandler)
    FDCAN1_IT1_IRQHandler                    0x080008a1   Thumb Code     6  stm32h7xx_it.o(i.FDCAN1_IT1_IRQHandler)
    FDCAN_CAL_IRQHandler                     0x080008ad   Thumb Code     6  stm32h7xx_it.o(i.FDCAN_CAL_IRQHandler)
    HAL_DMA_Abort                            0x08000aed   Thumb Code   836  stm32h7xx_hal_dma.o(i.HAL_DMA_Abort)
    HAL_DMA_Abort_IT                         0x08000e4d   Thumb Code   602  stm32h7xx_hal_dma.o(i.HAL_DMA_Abort_IT)
    HAL_Delay                                0x080010d1   Thumb Code    32  stm32h7xx_hal.o(i.HAL_Delay)
    HAL_FDCAN_ActivateNotification           0x080010f5   Thumb Code   126  stm32h7xx_hal_fdcan.o(i.HAL_FDCAN_ActivateNotification)
    HAL_FDCAN_AddMessageToTxFifoQ            0x0800117d   Thumb Code   102  stm32h7xx_hal_fdcan.o(i.HAL_FDCAN_AddMessageToTxFifoQ)
    HAL_FDCAN_ClockCalibrationCallback       0x080011e3   Thumb Code     2  stm32h7xx_hal_fdcan.o(i.HAL_FDCAN_ClockCalibrationCallback)
    HAL_FDCAN_ConfigFifoWatermark            0x080011e5   Thumb Code    90  stm32h7xx_hal_fdcan.o(i.HAL_FDCAN_ConfigFifoWatermark)
    HAL_FDCAN_ConfigFilter                   0x0800123f   Thumb Code   126  stm32h7xx_hal_fdcan.o(i.HAL_FDCAN_ConfigFilter)
    HAL_FDCAN_ConfigGlobalFilter             0x080012bd   Thumb Code    50  stm32h7xx_hal_fdcan.o(i.HAL_FDCAN_ConfigGlobalFilter)
    HAL_FDCAN_DeInit                         0x080012ef   Thumb Code    42  stm32h7xx_hal_fdcan.o(i.HAL_FDCAN_DeInit)
    HAL_FDCAN_ErrorCallback                  0x08001319   Thumb Code     2  stm32h7xx_hal_fdcan.o(i.HAL_FDCAN_ErrorCallback)
    HAL_FDCAN_ErrorStatusCallback            0x0800131b   Thumb Code    16  bsp_fdcan.o(i.HAL_FDCAN_ErrorStatusCallback)
    HAL_FDCAN_GetRxMessage                   0x0800132d   Thumb Code   392  stm32h7xx_hal_fdcan.o(i.HAL_FDCAN_GetRxMessage)
    HAL_FDCAN_HighPriorityMessageCallback    0x080014b9   Thumb Code     2  stm32h7xx_hal_fdcan.o(i.HAL_FDCAN_HighPriorityMessageCallback)
    HAL_FDCAN_IRQHandler                     0x080014bd   Thumb Code   788  stm32h7xx_hal_fdcan.o(i.HAL_FDCAN_IRQHandler)
    HAL_FDCAN_Init                           0x080017dd   Thumb Code   572  stm32h7xx_hal_fdcan.o(i.HAL_FDCAN_Init)
    HAL_FDCAN_MspDeInit                      0x08001a21   Thumb Code    52  fdcan.o(i.HAL_FDCAN_MspDeInit)
    HAL_FDCAN_MspInit                        0x08001a61   Thumb Code   172  fdcan.o(i.HAL_FDCAN_MspInit)
    HAL_FDCAN_RxBufferNewMessageCallback     0x08001b19   Thumb Code     2  stm32h7xx_hal_fdcan.o(i.HAL_FDCAN_RxBufferNewMessageCallback)
    HAL_FDCAN_RxFifo0Callback                0x08001b1d   Thumb Code    14  bsp_fdcan.o(i.HAL_FDCAN_RxFifo0Callback)
    HAL_FDCAN_RxFifo1Callback                0x08001b31   Thumb Code     2  stm32h7xx_hal_fdcan.o(i.HAL_FDCAN_RxFifo1Callback)
    HAL_FDCAN_Start                          0x08001b33   Thumb Code    50  stm32h7xx_hal_fdcan.o(i.HAL_FDCAN_Start)
    HAL_FDCAN_Stop                           0x08001b65   Thumb Code   126  stm32h7xx_hal_fdcan.o(i.HAL_FDCAN_Stop)
    HAL_FDCAN_TT_GlobalTimeCallback          0x08001be3   Thumb Code     2  stm32h7xx_hal_fdcan.o(i.HAL_FDCAN_TT_GlobalTimeCallback)
    HAL_FDCAN_TT_ScheduleSyncCallback        0x08001be5   Thumb Code     2  stm32h7xx_hal_fdcan.o(i.HAL_FDCAN_TT_ScheduleSyncCallback)
    HAL_FDCAN_TT_StopWatchCallback           0x08001be7   Thumb Code     2  stm32h7xx_hal_fdcan.o(i.HAL_FDCAN_TT_StopWatchCallback)
    HAL_FDCAN_TT_TimeMarkCallback            0x08001be9   Thumb Code     2  stm32h7xx_hal_fdcan.o(i.HAL_FDCAN_TT_TimeMarkCallback)
    HAL_FDCAN_TimeoutOccurredCallback        0x08001beb   Thumb Code     2  stm32h7xx_hal_fdcan.o(i.HAL_FDCAN_TimeoutOccurredCallback)
    HAL_FDCAN_TimestampWraparoundCallback    0x08001bed   Thumb Code     2  stm32h7xx_hal_fdcan.o(i.HAL_FDCAN_TimestampWraparoundCallback)
    HAL_FDCAN_TxBufferAbortCallback          0x08001bef   Thumb Code     2  stm32h7xx_hal_fdcan.o(i.HAL_FDCAN_TxBufferAbortCallback)
    HAL_FDCAN_TxBufferCompleteCallback       0x08001bf1   Thumb Code     2  stm32h7xx_hal_fdcan.o(i.HAL_FDCAN_TxBufferCompleteCallback)
    HAL_FDCAN_TxEventFifoCallback            0x08001bf3   Thumb Code     2  stm32h7xx_hal_fdcan.o(i.HAL_FDCAN_TxEventFifoCallback)
    HAL_FDCAN_TxFifoEmptyCallback            0x08001bf5   Thumb Code     2  stm32h7xx_hal_fdcan.o(i.HAL_FDCAN_TxFifoEmptyCallback)
    HAL_GPIO_DeInit                          0x08001bf9   Thumb Code   310  stm32h7xx_hal_gpio.o(i.HAL_GPIO_DeInit)
    HAL_GPIO_Init                            0x08001d59   Thumb Code   496  stm32h7xx_hal_gpio.o(i.HAL_GPIO_Init)
    HAL_GPIO_WritePin                        0x08001f75   Thumb Code    10  stm32h7xx_hal_gpio.o(i.HAL_GPIO_WritePin)
    HAL_GetTick                              0x08001f81   Thumb Code     6  stm32h7xx_hal.o(i.HAL_GetTick)
    HAL_IncTick                              0x08001f8d   Thumb Code    12  stm32h7xx_hal.o(i.HAL_IncTick)
    HAL_Init                                 0x08001f9d   Thumb Code    74  stm32h7xx_hal.o(i.HAL_Init)
    HAL_InitTick                             0x08001ff9   Thumb Code    56  stm32h7xx_hal.o(i.HAL_InitTick)
    HAL_MspInit                              0x08002039   Thumb Code    22  stm32h7xx_hal_msp.o(i.HAL_MspInit)
    HAL_NVIC_DisableIRQ                      0x08002055   Thumb Code    34  stm32h7xx_hal_cortex.o(i.HAL_NVIC_DisableIRQ)
    HAL_NVIC_EnableIRQ                       0x08002077   Thumb Code    26  stm32h7xx_hal_cortex.o(i.HAL_NVIC_EnableIRQ)
    HAL_NVIC_SetPriority                     0x08002091   Thumb Code    60  stm32h7xx_hal_cortex.o(i.HAL_NVIC_SetPriority)
    HAL_NVIC_SetPriorityGrouping             0x080020d1   Thumb Code    28  stm32h7xx_hal_cortex.o(i.HAL_NVIC_SetPriorityGrouping)
    HAL_PWREx_ConfigSupply                   0x080020f5   Thumb Code    78  stm32h7xx_hal_pwr_ex.o(i.HAL_PWREx_ConfigSupply)
    HAL_RCCEx_GetD3PCLK1Freq                 0x08002149   Thumb Code    26  stm32h7xx_hal_rcc_ex.o(i.HAL_RCCEx_GetD3PCLK1Freq)
    HAL_RCCEx_GetPLL2ClockFreq               0x0800216d   Thumb Code   296  stm32h7xx_hal_rcc_ex.o(i.HAL_RCCEx_GetPLL2ClockFreq)
    HAL_RCCEx_GetPLL3ClockFreq               0x080022b1   Thumb Code   296  stm32h7xx_hal_rcc_ex.o(i.HAL_RCCEx_GetPLL3ClockFreq)
    HAL_RCCEx_PeriphCLKConfig                0x080023f5   Thumb Code  2362  stm32h7xx_hal_rcc_ex.o(i.HAL_RCCEx_PeriphCLKConfig)
    HAL_RCC_ClockConfig                      0x08002d31   Thumb Code   580  stm32h7xx_hal_rcc.o(i.HAL_RCC_ClockConfig)
    HAL_RCC_GetHCLKFreq                      0x08002f8d   Thumb Code    52  stm32h7xx_hal_rcc.o(i.HAL_RCC_GetHCLKFreq)
    HAL_RCC_GetPCLK1Freq                     0x08002fd1   Thumb Code    26  stm32h7xx_hal_rcc.o(i.HAL_RCC_GetPCLK1Freq)
    HAL_RCC_GetPCLK2Freq                     0x08002ff5   Thumb Code    26  stm32h7xx_hal_rcc.o(i.HAL_RCC_GetPCLK2Freq)
    HAL_RCC_GetSysClockFreq                  0x08003019   Thumb Code   278  stm32h7xx_hal_rcc.o(i.HAL_RCC_GetSysClockFreq)
    HAL_RCC_OscConfig                        0x08003151   Thumb Code  1318  stm32h7xx_hal_rcc.o(i.HAL_RCC_OscConfig)
    HAL_SYSTICK_Config                       0x08003677   Thumb Code    38  stm32h7xx_hal_cortex.o(i.HAL_SYSTICK_Config)
    HAL_TIMEx_Break2Callback                 0x0800369d   Thumb Code     2  stm32h7xx_hal_tim_ex.o(i.HAL_TIMEx_Break2Callback)
    HAL_TIMEx_BreakCallback                  0x0800369f   Thumb Code     2  stm32h7xx_hal_tim_ex.o(i.HAL_TIMEx_BreakCallback)
    HAL_TIMEx_CommutCallback                 0x080036a1   Thumb Code     2  stm32h7xx_hal_tim_ex.o(i.HAL_TIMEx_CommutCallback)
    HAL_TIMEx_MasterConfigSynchronization    0x080036a5   Thumb Code   146  stm32h7xx_hal_tim_ex.o(i.HAL_TIMEx_MasterConfigSynchronization)
    HAL_TIM_Base_Init                        0x0800375d   Thumb Code    98  stm32h7xx_hal_tim.o(i.HAL_TIM_Base_Init)
    HAL_TIM_Base_MspInit                     0x080037c1   Thumb Code    86  tim.o(i.HAL_TIM_Base_MspInit)
    HAL_TIM_Base_Start_IT                    0x08003825   Thumb Code   118  stm32h7xx_hal_tim.o(i.HAL_TIM_Base_Start_IT)
    HAL_TIM_ConfigClockSource                0x080038c5   Thumb Code   248  stm32h7xx_hal_tim.o(i.HAL_TIM_ConfigClockSource)
    HAL_TIM_IC_CaptureCallback               0x080039c1   Thumb Code     2  stm32h7xx_hal_tim.o(i.HAL_TIM_IC_CaptureCallback)
    HAL_TIM_IRQHandler                       0x080039c3   Thumb Code   328  stm32h7xx_hal_tim.o(i.HAL_TIM_IRQHandler)
    HAL_TIM_OC_DelayElapsedCallback          0x08003b0b   Thumb Code     2  stm32h7xx_hal_tim.o(i.HAL_TIM_OC_DelayElapsedCallback)
    HAL_TIM_PWM_PulseFinishedCallback        0x08003b0d   Thumb Code     2  stm32h7xx_hal_tim.o(i.HAL_TIM_PWM_PulseFinishedCallback)
    HAL_TIM_PeriodElapsedCallback            0x08003b11   Thumb Code    40  main.o(i.HAL_TIM_PeriodElapsedCallback)
    HAL_TIM_TriggerCallback                  0x08003b45   Thumb Code     2  stm32h7xx_hal_tim.o(i.HAL_TIM_TriggerCallback)
    HAL_UARTEx_DisableFifoMode               0x08003b47   Thumb Code    64  stm32h7xx_hal_uart_ex.o(i.HAL_UARTEx_DisableFifoMode)
    HAL_UARTEx_RxEventCallback               0x08003b87   Thumb Code     2  stm32h7xx_hal_uart.o(i.HAL_UARTEx_RxEventCallback)
    HAL_UARTEx_RxFifoFullCallback            0x08003b89   Thumb Code     2  stm32h7xx_hal_uart_ex.o(i.HAL_UARTEx_RxFifoFullCallback)
    HAL_UARTEx_SetRxFifoThreshold            0x08003b8b   Thumb Code    76  stm32h7xx_hal_uart_ex.o(i.HAL_UARTEx_SetRxFifoThreshold)
    HAL_UARTEx_SetTxFifoThreshold            0x08003bd7   Thumb Code    76  stm32h7xx_hal_uart_ex.o(i.HAL_UARTEx_SetTxFifoThreshold)
    HAL_UARTEx_TxFifoEmptyCallback           0x08003c23   Thumb Code     2  stm32h7xx_hal_uart_ex.o(i.HAL_UARTEx_TxFifoEmptyCallback)
    HAL_UARTEx_WakeupCallback                0x08003c25   Thumb Code     2  stm32h7xx_hal_uart_ex.o(i.HAL_UARTEx_WakeupCallback)
    HAL_UART_ErrorCallback                   0x08003c27   Thumb Code     2  stm32h7xx_hal_uart.o(i.HAL_UART_ErrorCallback)
    HAL_UART_IRQHandler                      0x08003c29   Thumb Code   878  stm32h7xx_hal_uart.o(i.HAL_UART_IRQHandler)
    HAL_UART_Init                            0x08003fb1   Thumb Code   106  stm32h7xx_hal_uart.o(i.HAL_UART_Init)
    HAL_UART_MspInit                         0x0800401d   Thumb Code   138  usart.o(i.HAL_UART_MspInit)
    HAL_UART_Transmit                        0x080040b5   Thumb Code   176  stm32h7xx_hal_uart.o(i.HAL_UART_Transmit)
    HAL_UART_TxCpltCallback                  0x08004165   Thumb Code     2  stm32h7xx_hal_uart.o(i.HAL_UART_TxCpltCallback)
    HardFault_Handler                        0x08004167   Thumb Code     2  stm32h7xx_it.o(i.HardFault_Handler)
    MX_FDCAN1_Init                           0x08004169   Thumb Code   114  fdcan.o(i.MX_FDCAN1_Init)
    MX_GPIO_Init                             0x080041e5   Thumb Code   118  gpio.o(i.MX_GPIO_Init)
    MX_TIM3_Init                             0x08004265   Thumb Code    94  tim.o(i.MX_TIM3_Init)
    MX_TIM4_Init                             0x080042cd   Thumb Code    94  tim.o(i.MX_TIM4_Init)
    MX_USART1_UART_Init                      0x08004335   Thumb Code    94  usart.o(i.MX_USART1_UART_Init)
    MemManage_Handler                        0x0800439d   Thumb Code     2  stm32h7xx_it.o(i.MemManage_Handler)
    NMI_Handler                              0x0800439f   Thumb Code     2  stm32h7xx_it.o(i.NMI_Handler)
    PendSV_Handler                           0x080043a1   Thumb Code     2  stm32h7xx_it.o(i.PendSV_Handler)
    SVC_Handler                              0x080045e5   Thumb Code     2  stm32h7xx_it.o(i.SVC_Handler)
    SysTick_Handler                          0x080045e7   Thumb Code     4  stm32h7xx_it.o(i.SysTick_Handler)
    SystemClock_Config                       0x080045ed   Thumb Code   146  main.o(i.SystemClock_Config)
    SystemInit                               0x08004685   Thumb Code   158  system_stm32h7xx.o(i.SystemInit)
    TIM3_IRQHandler                          0x08004745   Thumb Code     6  stm32h7xx_it.o(i.TIM3_IRQHandler)
    TIM4_IRQHandler                          0x08004751   Thumb Code     6  stm32h7xx_it.o(i.TIM4_IRQHandler)
    TIM_Base_SetConfig                       0x0800475d   Thumb Code   188  stm32h7xx_hal_tim.o(i.TIM_Base_SetConfig)
    TIM_ETR_SetConfig                        0x08004841   Thumb Code    18  stm32h7xx_hal_tim.o(i.TIM_ETR_SetConfig)
    UART_AdvFeatureConfig                    0x080048f5   Thumb Code   200  stm32h7xx_hal_uart.o(i.UART_AdvFeatureConfig)
    UART_CheckIdleState                      0x080049bd   Thumb Code   170  stm32h7xx_hal_uart.o(i.UART_CheckIdleState)
    UART_SetConfig                           0x08004ad1   Thumb Code   914  stm32h7xx_hal_uart.o(i.UART_SetConfig)
    UART_WaitOnFlagUntilTimeout              0x08004ead   Thumb Code   148  stm32h7xx_hal_uart.o(i.UART_WaitOnFlagUntilTimeout)
    USART1_IRQHandler                        0x08004f41   Thumb Code     6  stm32h7xx_it.o(i.USART1_IRQHandler)
    UsageFault_Handler                       0x08004f4d   Thumb Code     2  stm32h7xx_it.o(i.UsageFault_Handler)
    __0printf                                0x08004f51   Thumb Code    22  printfa.o(i.__0printf)
    __1printf                                0x08004f51   Thumb Code     0  printfa.o(i.__0printf)
    __2printf                                0x08004f51   Thumb Code     0  printfa.o(i.__0printf)
    __c89printf                              0x08004f51   Thumb Code     0  printfa.o(i.__0printf)
    printf                                   0x08004f51   Thumb Code     0  printfa.o(i.__0printf)
    __scatterload_copy                       0x08004f93   Thumb Code    14  handlers.o(i.__scatterload_copy)
    __scatterload_null                       0x08004fa1   Thumb Code     2  handlers.o(i.__scatterload_null)
    __scatterload_zeroinit                   0x08004fa3   Thumb Code    14  handlers.o(i.__scatterload_zeroinit)
    bsp_can_init                             0x08005865   Thumb Code    28  bsp_fdcan.o(i.bsp_can_init)
    bsp_fdcan_set_baud                       0x08005889   Thumb Code   238  bsp_fdcan.o(i.bsp_fdcan_set_baud)
    can_filter_init                          0x08005979   Thumb Code    58  bsp_fdcan.o(i.can_filter_init)
    dm_motor_ctrl_send                       0x080059b9   Thumb Code    90  dm_motor_drv.o(i.dm_motor_ctrl_send)
    dm_motor_fbdata                          0x08005a13   Thumb Code   142  dm_motor_drv.o(i.dm_motor_fbdata)
    dm_motor_init                            0x08005aa1   Thumb Code   118  dm_motor_ctrl.o(i.dm_motor_init)
    enable_motor_mode                        0x08005b35   Thumb Code    52  dm_motor_drv.o(i.enable_motor_mode)
    fdcan1_rx_callback                       0x08005b69   Thumb Code    74  dm_motor_ctrl.o(i.fdcan1_rx_callback)
    fdcanx_receive                           0x08005bc5   Thumb Code    98  bsp_fdcan.o(i.fdcanx_receive)
    fdcanx_send_data                         0x08005c27   Thumb Code   110  bsp_fdcan.o(i.fdcanx_send_data)
    float_to_uint                            0x08005c95   Thumb Code    40  dm_motor_drv.o(i.float_to_uint)
    fputc                                    0x08005cbd   Thumb Code    20  usart.o(i.fputc)
    main                                     0x08005cd5   Thumb Code   772  main.o(i.main)
    mit_ctrl                                 0x0800600d   Thumb Code   192  dm_motor_drv.o(i.mit_ctrl)
    pos_ctrl                                 0x080060d5   Thumb Code    76  dm_motor_drv.o(i.pos_ctrl)
    psi_ctrl                                 0x08006121   Thumb Code    96  dm_motor_drv.o(i.psi_ctrl)
    read_all_motor_data                      0x08006189   Thumb Code   334  dm_motor_ctrl.o(i.read_all_motor_data)
    read_motor_data                          0x080062d9   Thumb Code    44  dm_motor_drv.o(i.read_motor_data)
    receive_motor_data                       0x0800630d   Thumb Code   480  dm_motor_ctrl.o(i.receive_motor_data)
    save_pos_zero                            0x080064ed   Thumb Code    52  dm_motor_drv.o(i.save_pos_zero)
    spd_ctrl                                 0x08006521   Thumb Code    44  dm_motor_drv.o(i.spd_ctrl)
    uint_to_float                            0x0800654d   Thumb Code    40  dm_motor_drv.o(i.uint_to_float)
    UARTPrescTable                           0x080065d0   Data          24  stm32h7xx_hal_uart.o(.constdata)
    D1CorePrescTable                         0x080065f8   Data          16  system_stm32h7xx.o(.constdata)
    Region$$Table$$Base                      0x08006608   Number         0  anon$$obj.o(Region$$Table)
    Region$$Table$$Limit                     0x08006628   Number         0  anon$$obj.o(Region$$Table)
    uwTickFreq                               0x24000000   Data           1  stm32h7xx_hal.o(.data)
    uwTickPrio                               0x24000004   Data           4  stm32h7xx_hal.o(.data)
    uwTick                                   0x24000008   Data           4  stm32h7xx_hal.o(.data)
    SystemCoreClock                          0x2400000c   Data           4  system_stm32h7xx.o(.data)
    SystemD2Clock                            0x24000010   Data           4  system_stm32h7xx.o(.data)
    __stdout                                 0x24000014   Data           4  stdout.o(.data)
    hfdcan1                                  0x24000018   Data         160  fdcan.o(.bss)
    htim3                                    0x240000b8   Data          76  tim.o(.bss)
    htim4                                    0x24000104   Data          76  tim.o(.bss)
    huart1                                   0x24000150   Data         148  usart.o(.bss)
    motor                                    0x240001e4   Data        2720  dm_motor_ctrl.o(.bss)
    __initial_sp                             0x24001088   Data           0  startup_stm32h723xx.o(STACK)



==============================================================================

Memory Map of the image

  Image Entry point : 0x080002cd

  Load Region LR_IROM1 (Base: 0x08000000, Size: 0x00006640, Max: 0x00100000, ABSOLUTE)

    Execution Region ER_IROM1 (Exec base: 0x08000000, Load base: 0x08000000, Size: 0x00006628, Max: 0x00100000, ABSOLUTE)

    Exec Addr    Load Addr    Size         Type   Attr      Idx    E Section Name        Object

    0x08000000   0x08000000   0x000002cc   Data   RO            3    RESET               startup_stm32h723xx.o
    0x080002cc   0x080002cc   0x00000000   Code   RO         5432  * .ARM.Collect$$$$00000000  mc_w.l(entry.o)
    0x080002cc   0x080002cc   0x00000004   Code   RO         5704    .ARM.Collect$$$$00000001  mc_w.l(entry2.o)
    0x080002d0   0x080002d0   0x00000004   Code   RO         5707    .ARM.Collect$$$$00000004  mc_w.l(entry5.o)
    0x080002d4   0x080002d4   0x00000000   Code   RO         5709    .ARM.Collect$$$$00000008  mc_w.l(entry7b.o)
    0x080002d4   0x080002d4   0x00000000   Code   RO         5711    .ARM.Collect$$$$0000000A  mc_w.l(entry8b.o)
    0x080002d4   0x080002d4   0x00000008   Code   RO         5712    .ARM.Collect$$$$0000000B  mc_w.l(entry9a.o)
    0x080002dc   0x080002dc   0x00000000   Code   RO         5714    .ARM.Collect$$$$0000000D  mc_w.l(entry10a.o)
    0x080002dc   0x080002dc   0x00000000   Code   RO         5716    .ARM.Collect$$$$0000000F  mc_w.l(entry11a.o)
    0x080002dc   0x080002dc   0x00000004   Code   RO         5705    .ARM.Collect$$$$00002712  mc_w.l(entry2.o)
    0x080002e0   0x080002e0   0x00000024   Code   RO            4    .text               startup_stm32h723xx.o
    0x08000304   0x08000304   0x00000062   Code   RO         5435    .text               mc_w.l(uldiv.o)
    0x08000366   0x08000366   0x00000024   Code   RO         5437    .text               mc_w.l(memcpya.o)
    0x0800038a   0x0800038a   0x00000024   Code   RO         5439    .text               mc_w.l(memseta.o)
    0x080003ae   0x080003ae   0x0000002c   Code   RO         5719    .text               mc_w.l(uidiv.o)
    0x080003da   0x080003da   0x0000001e   Code   RO         5721    .text               mc_w.l(llshl.o)
    0x080003f8   0x080003f8   0x00000020   Code   RO         5723    .text               mc_w.l(llushr.o)
    0x08000418   0x08000418   0x00000000   Code   RO         5725    .text               mc_w.l(iusefp.o)
    0x08000418   0x08000418   0x0000014e   Code   RO         5726    .text               mf_w.l(dadd.o)
    0x08000566   0x08000566   0x000000e4   Code   RO         5728    .text               mf_w.l(dmul.o)
    0x0800064a   0x0800064a   0x000000de   Code   RO         5730    .text               mf_w.l(ddiv.o)
    0x08000728   0x08000728   0x00000030   Code   RO         5732    .text               mf_w.l(dfixul.o)
    0x08000758   0x08000758   0x00000030   Code   RO         5734    .text               mf_w.l(cdrcmple.o)
    0x08000788   0x08000788   0x00000024   Code   RO         5736    .text               mc_w.l(init.o)
    0x080007ac   0x080007ac   0x00000024   Code   RO         5738    .text               mc_w.l(llsshr.o)
    0x080007d0   0x080007d0   0x000000ba   Code   RO         5740    .text               mf_w.l(depilogue.o)
    0x0800088a   0x0800088a   0x00000002   Code   RO          368    i.BusFault_Handler  stm32h7xx_it.o
    0x0800088c   0x0800088c   0x00000002   Code   RO          369    i.DebugMon_Handler  stm32h7xx_it.o
    0x0800088e   0x0800088e   0x00000004   Code   RO           13    i.Error_Handler     main.o
    0x08000892   0x08000892   0x00000002   PAD
    0x08000894   0x08000894   0x0000000c   Code   RO          370    i.FDCAN1_IT0_IRQHandler  stm32h7xx_it.o
    0x080008a0   0x080008a0   0x0000000c   Code   RO          371    i.FDCAN1_IT1_IRQHandler  stm32h7xx_it.o
    0x080008ac   0x080008ac   0x0000000c   Code   RO          372    i.FDCAN_CAL_IRQHandler  stm32h7xx_it.o
    0x080008b8   0x080008b8   0x000001c8   Code   RO         2918    i.FDCAN_CalcultateRamBlockAddresses  stm32h7xx_hal_fdcan.o
    0x08000a80   0x08000a80   0x0000006c   Code   RO         2919    i.FDCAN_CopyMessageToRAM  stm32h7xx_hal_fdcan.o
    0x08000aec   0x08000aec   0x00000360   Code   RO         1282    i.HAL_DMA_Abort     stm32h7xx_hal_dma.o
    0x08000e4c   0x08000e4c   0x00000284   Code   RO         1283    i.HAL_DMA_Abort_IT  stm32h7xx_hal_dma.o
    0x080010d0   0x080010d0   0x00000024   Code   RO         1979    i.HAL_Delay         stm32h7xx_hal.o
    0x080010f4   0x080010f4   0x00000088   Code   RO         2921    i.HAL_FDCAN_ActivateNotification  stm32h7xx_hal_fdcan.o
    0x0800117c   0x0800117c   0x00000066   Code   RO         2923    i.HAL_FDCAN_AddMessageToTxFifoQ  stm32h7xx_hal_fdcan.o
    0x080011e2   0x080011e2   0x00000002   Code   RO         2924    i.HAL_FDCAN_ClockCalibrationCallback  stm32h7xx_hal_fdcan.o
    0x080011e4   0x080011e4   0x0000005a   Code   RO         2927    i.HAL_FDCAN_ConfigFifoWatermark  stm32h7xx_hal_fdcan.o
    0x0800123e   0x0800123e   0x0000007e   Code   RO         2928    i.HAL_FDCAN_ConfigFilter  stm32h7xx_hal_fdcan.o
    0x080012bc   0x080012bc   0x00000032   Code   RO         2929    i.HAL_FDCAN_ConfigGlobalFilter  stm32h7xx_hal_fdcan.o
    0x080012ee   0x080012ee   0x0000002a   Code   RO         2936    i.HAL_FDCAN_DeInit  stm32h7xx_hal_fdcan.o
    0x08001318   0x08001318   0x00000002   Code   RO         2950    i.HAL_FDCAN_ErrorCallback  stm32h7xx_hal_fdcan.o
    0x0800131a   0x0800131a   0x00000010   Code   RO         5171    i.HAL_FDCAN_ErrorStatusCallback  bsp_fdcan.o
    0x0800132a   0x0800132a   0x00000002   PAD
    0x0800132c   0x0800132c   0x0000018c   Code   RO         2962    i.HAL_FDCAN_GetRxMessage  stm32h7xx_hal_fdcan.o
    0x080014b8   0x080014b8   0x00000002   Code   RO         2968    i.HAL_FDCAN_HighPriorityMessageCallback  stm32h7xx_hal_fdcan.o
    0x080014ba   0x080014ba   0x00000002   PAD
    0x080014bc   0x080014bc   0x00000320   Code   RO         2969    i.HAL_FDCAN_IRQHandler  stm32h7xx_hal_fdcan.o
    0x080017dc   0x080017dc   0x00000244   Code   RO         2970    i.HAL_FDCAN_Init    stm32h7xx_hal_fdcan.o
    0x08001a20   0x08001a20   0x00000040   Code   RO          226    i.HAL_FDCAN_MspDeInit  fdcan.o
    0x08001a60   0x08001a60   0x000000b8   Code   RO          227    i.HAL_FDCAN_MspInit  fdcan.o
    0x08001b18   0x08001b18   0x00000002   Code   RO         2979    i.HAL_FDCAN_RxBufferNewMessageCallback  stm32h7xx_hal_fdcan.o
    0x08001b1a   0x08001b1a   0x00000002   PAD
    0x08001b1c   0x08001b1c   0x00000014   Code   RO         5172    i.HAL_FDCAN_RxFifo0Callback  bsp_fdcan.o
    0x08001b30   0x08001b30   0x00000002   Code   RO         2981    i.HAL_FDCAN_RxFifo1Callback  stm32h7xx_hal_fdcan.o
    0x08001b32   0x08001b32   0x00000032   Code   RO         2982    i.HAL_FDCAN_Start   stm32h7xx_hal_fdcan.o
    0x08001b64   0x08001b64   0x0000007e   Code   RO         2983    i.HAL_FDCAN_Stop    stm32h7xx_hal_fdcan.o
    0x08001be2   0x08001be2   0x00000002   Code   RO         3004    i.HAL_FDCAN_TT_GlobalTimeCallback  stm32h7xx_hal_fdcan.o
    0x08001be4   0x08001be4   0x00000002   Code   RO         3005    i.HAL_FDCAN_TT_ScheduleSyncCallback  stm32h7xx_hal_fdcan.o
    0x08001be6   0x08001be6   0x00000002   Code   RO         3010    i.HAL_FDCAN_TT_StopWatchCallback  stm32h7xx_hal_fdcan.o
    0x08001be8   0x08001be8   0x00000002   Code   RO         3011    i.HAL_FDCAN_TT_TimeMarkCallback  stm32h7xx_hal_fdcan.o
    0x08001bea   0x08001bea   0x00000002   Code   RO         3012    i.HAL_FDCAN_TimeoutOccurredCallback  stm32h7xx_hal_fdcan.o
    0x08001bec   0x08001bec   0x00000002   Code   RO         3013    i.HAL_FDCAN_TimestampWraparoundCallback  stm32h7xx_hal_fdcan.o
    0x08001bee   0x08001bee   0x00000002   Code   RO         3014    i.HAL_FDCAN_TxBufferAbortCallback  stm32h7xx_hal_fdcan.o
    0x08001bf0   0x08001bf0   0x00000002   Code   RO         3015    i.HAL_FDCAN_TxBufferCompleteCallback  stm32h7xx_hal_fdcan.o
    0x08001bf2   0x08001bf2   0x00000002   Code   RO         3016    i.HAL_FDCAN_TxEventFifoCallback  stm32h7xx_hal_fdcan.o
    0x08001bf4   0x08001bf4   0x00000002   Code   RO         3017    i.HAL_FDCAN_TxFifoEmptyCallback  stm32h7xx_hal_fdcan.o
    0x08001bf6   0x08001bf6   0x00000002   PAD
    0x08001bf8   0x08001bf8   0x00000160   Code   RO         1127    i.HAL_GPIO_DeInit   stm32h7xx_hal_gpio.o
    0x08001d58   0x08001d58   0x0000021c   Code   RO         1130    i.HAL_GPIO_Init     stm32h7xx_hal_gpio.o
    0x08001f74   0x08001f74   0x0000000a   Code   RO         1134    i.HAL_GPIO_WritePin  stm32h7xx_hal_gpio.o
    0x08001f7e   0x08001f7e   0x00000002   PAD
    0x08001f80   0x08001f80   0x0000000c   Code   RO         1995    i.HAL_GetTick       stm32h7xx_hal.o
    0x08001f8c   0x08001f8c   0x00000010   Code   RO         2001    i.HAL_IncTick       stm32h7xx_hal.o
    0x08001f9c   0x08001f9c   0x0000005c   Code   RO         2002    i.HAL_Init          stm32h7xx_hal.o
    0x08001ff8   0x08001ff8   0x00000040   Code   RO         2003    i.HAL_InitTick      stm32h7xx_hal.o
    0x08002038   0x08002038   0x0000001c   Code   RO          480    i.HAL_MspInit       stm32h7xx_hal_msp.o
    0x08002054   0x08002054   0x00000022   Code   RO          511    i.HAL_NVIC_DisableIRQ  stm32h7xx_hal_cortex.o
    0x08002076   0x08002076   0x0000001a   Code   RO          512    i.HAL_NVIC_EnableIRQ  stm32h7xx_hal_cortex.o
    0x08002090   0x08002090   0x00000040   Code   RO          518    i.HAL_NVIC_SetPriority  stm32h7xx_hal_cortex.o
    0x080020d0   0x080020d0   0x00000024   Code   RO          519    i.HAL_NVIC_SetPriorityGrouping  stm32h7xx_hal_cortex.o
    0x080020f4   0x080020f4   0x00000054   Code   RO         1731    i.HAL_PWREx_ConfigSupply  stm32h7xx_hal_pwr_ex.o
    0x08002148   0x08002148   0x00000024   Code   RO          773    i.HAL_RCCEx_GetD3PCLK1Freq  stm32h7xx_hal_rcc_ex.o
    0x0800216c   0x0800216c   0x00000144   Code   RO          775    i.HAL_RCCEx_GetPLL2ClockFreq  stm32h7xx_hal_rcc_ex.o
    0x080022b0   0x080022b0   0x00000144   Code   RO          776    i.HAL_RCCEx_GetPLL3ClockFreq  stm32h7xx_hal_rcc_ex.o
    0x080023f4   0x080023f4   0x0000093a   Code   RO          782    i.HAL_RCCEx_PeriphCLKConfig  stm32h7xx_hal_rcc_ex.o
    0x08002d2e   0x08002d2e   0x00000002   PAD
    0x08002d30   0x08002d30   0x0000025c   Code   RO          658    i.HAL_RCC_ClockConfig  stm32h7xx_hal_rcc.o
    0x08002f8c   0x08002f8c   0x00000044   Code   RO          663    i.HAL_RCC_GetHCLKFreq  stm32h7xx_hal_rcc.o
    0x08002fd0   0x08002fd0   0x00000024   Code   RO          665    i.HAL_RCC_GetPCLK1Freq  stm32h7xx_hal_rcc.o
    0x08002ff4   0x08002ff4   0x00000024   Code   RO          666    i.HAL_RCC_GetPCLK2Freq  stm32h7xx_hal_rcc.o
    0x08003018   0x08003018   0x00000138   Code   RO          667    i.HAL_RCC_GetSysClockFreq  stm32h7xx_hal_rcc.o
    0x08003150   0x08003150   0x00000526   Code   RO          670    i.HAL_RCC_OscConfig  stm32h7xx_hal_rcc.o
    0x08003676   0x08003676   0x00000026   Code   RO          523    i.HAL_SYSTICK_Config  stm32h7xx_hal_cortex.o
    0x0800369c   0x0800369c   0x00000002   Code   RO         4252    i.HAL_TIMEx_Break2Callback  stm32h7xx_hal_tim_ex.o
    0x0800369e   0x0800369e   0x00000002   Code   RO         4253    i.HAL_TIMEx_BreakCallback  stm32h7xx_hal_tim_ex.o
    0x080036a0   0x080036a0   0x00000002   Code   RO         4254    i.HAL_TIMEx_CommutCallback  stm32h7xx_hal_tim_ex.o
    0x080036a2   0x080036a2   0x00000002   PAD
    0x080036a4   0x080036a4   0x000000b8   Code   RO         4275    i.HAL_TIMEx_MasterConfigSynchronization  stm32h7xx_hal_tim_ex.o
    0x0800375c   0x0800375c   0x00000062   Code   RO         3538    i.HAL_TIM_Base_Init  stm32h7xx_hal_tim.o
    0x080037be   0x080037be   0x00000002   PAD
    0x080037c0   0x080037c0   0x00000064   Code   RO          269    i.HAL_TIM_Base_MspInit  tim.o
    0x08003824   0x08003824   0x000000a0   Code   RO         3543    i.HAL_TIM_Base_Start_IT  stm32h7xx_hal_tim.o
    0x080038c4   0x080038c4   0x000000fc   Code   RO         3547    i.HAL_TIM_ConfigClockSource  stm32h7xx_hal_tim.o
    0x080039c0   0x080039c0   0x00000002   Code   RO         3572    i.HAL_TIM_IC_CaptureCallback  stm32h7xx_hal_tim.o
    0x080039c2   0x080039c2   0x00000148   Code   RO         3586    i.HAL_TIM_IRQHandler  stm32h7xx_hal_tim.o
    0x08003b0a   0x08003b0a   0x00000002   Code   RO         3589    i.HAL_TIM_OC_DelayElapsedCallback  stm32h7xx_hal_tim.o
    0x08003b0c   0x08003b0c   0x00000002   Code   RO         3616    i.HAL_TIM_PWM_PulseFinishedCallback  stm32h7xx_hal_tim.o
    0x08003b0e   0x08003b0e   0x00000002   PAD
    0x08003b10   0x08003b10   0x00000034   Code   RO           14    i.HAL_TIM_PeriodElapsedCallback  main.o
    0x08003b44   0x08003b44   0x00000002   Code   RO         3629    i.HAL_TIM_TriggerCallback  stm32h7xx_hal_tim.o
    0x08003b46   0x08003b46   0x00000040   Code   RO         4975    i.HAL_UARTEx_DisableFifoMode  stm32h7xx_hal_uart_ex.o
    0x08003b86   0x08003b86   0x00000002   Code   RO         4564    i.HAL_UARTEx_RxEventCallback  stm32h7xx_hal_uart.o
    0x08003b88   0x08003b88   0x00000002   Code   RO         4983    i.HAL_UARTEx_RxFifoFullCallback  stm32h7xx_hal_uart_ex.o
    0x08003b8a   0x08003b8a   0x0000004c   Code   RO         4984    i.HAL_UARTEx_SetRxFifoThreshold  stm32h7xx_hal_uart_ex.o
    0x08003bd6   0x08003bd6   0x0000004c   Code   RO         4985    i.HAL_UARTEx_SetTxFifoThreshold  stm32h7xx_hal_uart_ex.o
    0x08003c22   0x08003c22   0x00000002   Code   RO         4987    i.HAL_UARTEx_TxFifoEmptyCallback  stm32h7xx_hal_uart_ex.o
    0x08003c24   0x08003c24   0x00000002   Code   RO         4988    i.HAL_UARTEx_WakeupCallback  stm32h7xx_hal_uart_ex.o
    0x08003c26   0x08003c26   0x00000002   Code   RO         4580    i.HAL_UART_ErrorCallback  stm32h7xx_hal_uart.o
    0x08003c28   0x08003c28   0x00000388   Code   RO         4583    i.HAL_UART_IRQHandler  stm32h7xx_hal_uart.o
    0x08003fb0   0x08003fb0   0x0000006a   Code   RO         4584    i.HAL_UART_Init     stm32h7xx_hal_uart.o
    0x0800401a   0x0800401a   0x00000002   PAD
    0x0800401c   0x0800401c   0x00000098   Code   RO          317    i.HAL_UART_MspInit  usart.o
    0x080040b4   0x080040b4   0x000000b0   Code   RO         4593    i.HAL_UART_Transmit  stm32h7xx_hal_uart.o
    0x08004164   0x08004164   0x00000002   Code   RO         4596    i.HAL_UART_TxCpltCallback  stm32h7xx_hal_uart.o
    0x08004166   0x08004166   0x00000002   Code   RO          373    i.HardFault_Handler  stm32h7xx_it.o
    0x08004168   0x08004168   0x0000007c   Code   RO          228    i.MX_FDCAN1_Init    fdcan.o
    0x080041e4   0x080041e4   0x00000080   Code   RO          202    i.MX_GPIO_Init      gpio.o
    0x08004264   0x08004264   0x00000068   Code   RO          270    i.MX_TIM3_Init      tim.o
    0x080042cc   0x080042cc   0x00000068   Code   RO          271    i.MX_TIM4_Init      tim.o
    0x08004334   0x08004334   0x00000068   Code   RO          318    i.MX_USART1_UART_Init  usart.o
    0x0800439c   0x0800439c   0x00000002   Code   RO          374    i.MemManage_Handler  stm32h7xx_it.o
    0x0800439e   0x0800439e   0x00000002   Code   RO          375    i.NMI_Handler       stm32h7xx_it.o
    0x080043a0   0x080043a0   0x00000002   Code   RO          376    i.PendSV_Handler    stm32h7xx_it.o
    0x080043a2   0x080043a2   0x00000002   PAD
    0x080043a4   0x080043a4   0x00000120   Code   RO          785    i.RCCEx_PLL2_Config  stm32h7xx_hal_rcc_ex.o
    0x080044c4   0x080044c4   0x00000120   Code   RO          786    i.RCCEx_PLL3_Config  stm32h7xx_hal_rcc_ex.o
    0x080045e4   0x080045e4   0x00000002   Code   RO          377    i.SVC_Handler       stm32h7xx_it.o
    0x080045e6   0x080045e6   0x00000004   Code   RO          378    i.SysTick_Handler   stm32h7xx_it.o
    0x080045ea   0x080045ea   0x00000002   PAD
    0x080045ec   0x080045ec   0x00000098   Code   RO           15    i.SystemClock_Config  main.o
    0x08004684   0x08004684   0x000000c0   Code   RO         5094    i.SystemInit        system_stm32h7xx.o
    0x08004744   0x08004744   0x0000000c   Code   RO          379    i.TIM3_IRQHandler   stm32h7xx_it.o
    0x08004750   0x08004750   0x0000000c   Code   RO          380    i.TIM4_IRQHandler   stm32h7xx_it.o
    0x0800475c   0x0800475c   0x000000e4   Code   RO         3631    i.TIM_Base_SetConfig  stm32h7xx_hal_tim.o
    0x08004840   0x08004840   0x00000012   Code   RO         3642    i.TIM_ETR_SetConfig  stm32h7xx_hal_tim.o
    0x08004852   0x08004852   0x00000002   PAD
    0x08004854   0x08004854   0x00000014   Code   RO         3643    i.TIM_ITRx_SetConfig  stm32h7xx_hal_tim.o
    0x08004868   0x08004868   0x00000022   Code   RO         3651    i.TIM_TI1_ConfigInputStage  stm32h7xx_hal_tim.o
    0x0800488a   0x0800488a   0x00000024   Code   RO         3653    i.TIM_TI2_ConfigInputStage  stm32h7xx_hal_tim.o
    0x080048ae   0x080048ae   0x00000002   PAD
    0x080048b0   0x080048b0   0x00000044   Code   RO         4989    i.UARTEx_SetNbDataToProcess  stm32h7xx_hal_uart_ex.o
    0x080048f4   0x080048f4   0x000000c8   Code   RO         4598    i.UART_AdvFeatureConfig  stm32h7xx_hal_uart.o
    0x080049bc   0x080049bc   0x000000aa   Code   RO         4599    i.UART_CheckIdleState  stm32h7xx_hal_uart.o
    0x08004a66   0x08004a66   0x00000014   Code   RO         4600    i.UART_DMAAbortOnError  stm32h7xx_hal_uart.o
    0x08004a7a   0x08004a7a   0x00000002   PAD
    0x08004a7c   0x08004a7c   0x00000054   Code   RO         4610    i.UART_EndRxTransfer  stm32h7xx_hal_uart.o
    0x08004ad0   0x08004ad0   0x000003dc   Code   RO         4616    i.UART_SetConfig    stm32h7xx_hal_uart.o
    0x08004eac   0x08004eac   0x00000094   Code   RO         4623    i.UART_WaitOnFlagUntilTimeout  stm32h7xx_hal_uart.o
    0x08004f40   0x08004f40   0x0000000c   Code   RO          381    i.USART1_IRQHandler  stm32h7xx_it.o
    0x08004f4c   0x08004f4c   0x00000002   Code   RO          382    i.UsageFault_Handler  stm32h7xx_it.o
    0x08004f4e   0x08004f4e   0x00000002   PAD
    0x08004f50   0x08004f50   0x00000020   Code   RO         5676    i.__0printf         mc_w.l(printfa.o)
    0x08004f70   0x08004f70   0x00000022   Code   RO          525    i.__NVIC_SetPriority  stm32h7xx_hal_cortex.o
    0x08004f92   0x08004f92   0x0000000e   Code   RO         5744    i.__scatterload_copy  mc_w.l(handlers.o)
    0x08004fa0   0x08004fa0   0x00000002   Code   RO         5745    i.__scatterload_null  mc_w.l(handlers.o)
    0x08004fa2   0x08004fa2   0x0000000e   Code   RO         5746    i.__scatterload_zeroinit  mc_w.l(handlers.o)
    0x08004fb0   0x08004fb0   0x00000184   Code   RO         5683    i._fp_digits        mc_w.l(printfa.o)
    0x08005134   0x08005134   0x000006dc   Code   RO         5684    i._printf_core      mc_w.l(printfa.o)
    0x08005810   0x08005810   0x00000024   Code   RO         5685    i._printf_post_padding  mc_w.l(printfa.o)
    0x08005834   0x08005834   0x0000002e   Code   RO         5686    i._printf_pre_padding  mc_w.l(printfa.o)
    0x08005862   0x08005862   0x00000002   PAD
    0x08005864   0x08005864   0x00000024   Code   RO         5173    i.bsp_can_init      bsp_fdcan.o
    0x08005888   0x08005888   0x000000ee   Code   RO         5174    i.bsp_fdcan_set_baud  bsp_fdcan.o
    0x08005976   0x08005976   0x00000002   PAD
    0x08005978   0x08005978   0x00000040   Code   RO         5175    i.can_filter_init   bsp_fdcan.o
    0x080059b8   0x080059b8   0x0000005a   Code   RO         5302    i.dm_motor_ctrl_send  dm_motor_drv.o
    0x08005a12   0x08005a12   0x0000008e   Code   RO         5305    i.dm_motor_fbdata   dm_motor_drv.o
    0x08005aa0   0x08005aa0   0x00000094   Code   RO         5240    i.dm_motor_init     dm_motor_ctrl.o
    0x08005b34   0x08005b34   0x00000034   Code   RO         5306    i.enable_motor_mode  dm_motor_drv.o
    0x08005b68   0x08005b68   0x0000005c   Code   RO         5241    i.fdcan1_rx_callback  dm_motor_ctrl.o
    0x08005bc4   0x08005bc4   0x00000062   Code   RO         5177    i.fdcanx_receive    bsp_fdcan.o
    0x08005c26   0x08005c26   0x0000006e   Code   RO         5178    i.fdcanx_send_data  bsp_fdcan.o
    0x08005c94   0x08005c94   0x00000028   Code   RO         5307    i.float_to_uint     dm_motor_drv.o
    0x08005cbc   0x08005cbc   0x00000018   Code   RO          319    i.fputc             usart.o
    0x08005cd4   0x08005cd4   0x00000338   Code   RO           16    i.main              main.o
    0x0800600c   0x0800600c   0x000000c8   Code   RO         5308    i.mit_ctrl          dm_motor_drv.o
    0x080060d4   0x080060d4   0x0000004c   Code   RO         5309    i.pos_ctrl          dm_motor_drv.o
    0x08006120   0x08006120   0x00000068   Code   RO         5310    i.psi_ctrl          dm_motor_drv.o
    0x08006188   0x08006188   0x0000014e   Code   RO         5242    i.read_all_motor_data  dm_motor_ctrl.o
    0x080062d6   0x080062d6   0x00000002   PAD
    0x080062d8   0x080062d8   0x00000034   Code   RO         5312    i.read_motor_data   dm_motor_drv.o
    0x0800630c   0x0800630c   0x000001e0   Code   RO         5243    i.receive_motor_data  dm_motor_ctrl.o
    0x080064ec   0x080064ec   0x00000034   Code   RO         5314    i.save_pos_zero     dm_motor_drv.o
    0x08006520   0x08006520   0x0000002c   Code   RO         5315    i.spd_ctrl          dm_motor_drv.o
    0x0800654c   0x0800654c   0x00000028   Code   RO         5316    i.uint_to_float     dm_motor_drv.o
    0x08006574   0x08006574   0x0000005c   Data   RO         3018    .constdata          stm32h7xx_hal_fdcan.o
    0x080065d0   0x080065d0   0x00000018   Data   RO         4624    .constdata          stm32h7xx_hal_uart.o
    0x080065e8   0x080065e8   0x00000010   Data   RO         4990    .constdata          stm32h7xx_hal_uart_ex.o
    0x080065f8   0x080065f8   0x00000010   Data   RO         5095    .constdata          system_stm32h7xx.o
    0x08006608   0x08006608   0x00000020   Data   RO         5742    Region$$Table       anon$$obj.o


    Execution Region RW_IRAM1 (Exec base: 0x20000000, Load base: 0x08006628, Size: 0x00000000, Max: 0x00020000, ABSOLUTE)

    **** No section assigned to this execution region ****


    Execution Region RW_IRAM2 (Exec base: 0x24000000, Load base: 0x08006628, Size: 0x00001088, Max: 0x00050000, ABSOLUTE)

    Exec Addr    Load Addr    Size         Type   Attr      Idx    E Section Name        Object

    0x24000000   0x08006628   0x0000000c   Data   RW         2026    .data               stm32h7xx_hal.o
    0x2400000c   0x08006634   0x00000008   Data   RW         5096    .data               system_stm32h7xx.o
    0x24000014   0x0800663c   0x00000004   Data   RW         5718    .data               mc_w.l(stdout.o)
    0x24000018        -       0x000000a0   Zero   RW          229    .bss                fdcan.o
    0x240000b8        -       0x00000098   Zero   RW          272    .bss                tim.o
    0x24000150        -       0x00000094   Zero   RW          320    .bss                usart.o
    0x240001e4        -       0x00000aa0   Zero   RW         5244    .bss                dm_motor_ctrl.o
    0x24000c84   0x08006640   0x00000004   PAD
    0x24000c88        -       0x00000400   Zero   RW            1    STACK               startup_stm32h723xx.o


==============================================================================

Image component sizes


      Code (inc. data)   RO Data    RW Data    ZI Data      Debug   Object Name

       582         32          0          0          0       5610   bsp_fdcan.o
      1054        176          0          0       2720       6499   dm_motor_ctrl.o
       892         24          0          0          0       8725   dm_motor_drv.o
       372         34          0          0        160       2565   fdcan.o
       128         10          0          0          0       1059   gpio.o
      1032         70          0          0          0    1219764   main.o
        36          8        716          0       1024        832   startup_stm32h723xx.o
       220         40          0         12          0      23673   stm32h7xx_hal.o
       232         12          0          0          0      40317   stm32h7xx_hal_cortex.o
      1508         70          0          0          0       4007   stm32h7xx_hal_dma.o
      3092         48         92          0          0      24136   stm32h7xx_hal_fdcan.o
       902         86          0          0          0       3234   stm32h7xx_hal_gpio.o
        28          6          0          0          0        934   stm32h7xx_hal_msp.o
        84          6          0          0          0        789   stm32h7xx_hal_pwr_ex.o
      2374        102          0          0          0       7120   stm32h7xx_hal_rcc.o
      3622        112          0          0          0       7797   stm32h7xx_hal_rcc_ex.o
      1182         98          0          0          0      10509   stm32h7xx_hal_tim.o
       190         38          0          0          0       3268   stm32h7xx_hal_tim_ex.o
      2802        148         24          0          0      31228   stm32h7xx_hal_uart.o
       290          6         16          0          0       5514   stm32h7xx_hal_uart_ex.o
        92         36          0          0          0       6957   stm32h7xx_it.o
       192         34         16          8          0       1510   system_stm32h7xx.o
       308         34          0          0        152       2527   tim.o
       280         28          0          0        148       3790   usart.o

    ----------------------------------------------------------------------
     21532       1258        896         20       4208    1422364   Object Totals
         0          0         32          0          0          0   (incl. Generated)
        38          0          0          0          4          0   (incl. Padding)

    ----------------------------------------------------------------------

      Code (inc. data)   RO Data    RW Data    ZI Data      Debug   Library Member Name

         0          0          0          0          0          0   entry.o
         0          0          0          0          0          0   entry10a.o
         0          0          0          0          0          0   entry11a.o
         8          4          0          0          0          0   entry2.o
         4          0          0          0          0          0   entry5.o
         0          0          0          0          0          0   entry7b.o
         0          0          0          0          0          0   entry8b.o
         8          4          0          0          0          0   entry9a.o
        30          0          0          0          0          0   handlers.o
        36          8          0          0          0         68   init.o
         0          0          0          0          0          0   iusefp.o
        30          0          0          0          0         68   llshl.o
        36          0          0          0          0         68   llsshr.o
        32          0          0          0          0         68   llushr.o
        36          0          0          0          0         68   memcpya.o
        36          0          0          0          0        108   memseta.o
      2258         90          0          0          0        452   printfa.o
         0          0          0          4          0          0   stdout.o
        44          0          0          0          0         80   uidiv.o
        98          0          0          0          0         92   uldiv.o
        48          0          0          0          0         68   cdrcmple.o
       334          0          0          0          0        148   dadd.o
       222          0          0          0          0        100   ddiv.o
       186          0          0          0          0        176   depilogue.o
        48          0          0          0          0         68   dfixul.o
       228          0          0          0          0         96   dmul.o

    ----------------------------------------------------------------------
      3724        106          0          4          0       1728   Library Totals
         2          0          0          0          0          0   (incl. Padding)

    ----------------------------------------------------------------------

      Code (inc. data)   RO Data    RW Data    ZI Data      Debug   Library Name

      2656        106          0          4          0       1072   mc_w.l
      1066          0          0          0          0        656   mf_w.l

    ----------------------------------------------------------------------
      3724        106          0          4          0       1728   Library Totals

    ----------------------------------------------------------------------

==============================================================================


      Code (inc. data)   RO Data    RW Data    ZI Data      Debug   

     25256       1364        896         24       4208    1409912   Grand Totals
     25256       1364        896         24       4208    1409912   ELF Image Totals
     25256       1364        896         24          0          0   ROM Totals

==============================================================================

    Total RO  Size (Code + RO Data)                26152 (  25.54kB)
    Total RW  Size (RW Data + ZI Data)              4232 (   4.13kB)
    Total ROM Size (Code + RO Data + RW Data)      26176 (  25.56kB)

==============================================================================

