Component: ARM Compiler 5.06 update 5 (build 528) Tool: armlink [4d35e2]

==============================================================================

Section Cross References

    startup_stm32h723xx.o(RESET) refers to startup_stm32h723xx.o(STACK) for __initial_sp
    startup_stm32h723xx.o(RESET) refers to startup_stm32h723xx.o(.text) for Reset_Handler
    startup_stm32h723xx.o(RESET) refers to stm32h7xx_it.o(i.NMI_Handler) for NMI_Handler
    startup_stm32h723xx.o(RESET) refers to stm32h7xx_it.o(i.HardFault_Handler) for HardFault_Handler
    startup_stm32h723xx.o(RESET) refers to stm32h7xx_it.o(i.MemManage_Handler) for MemManage_Handler
    startup_stm32h723xx.o(RESET) refers to stm32h7xx_it.o(i.BusFault_Handler) for BusFault_Handler
    startup_stm32h723xx.o(RESET) refers to stm32h7xx_it.o(i.UsageFault_Handler) for UsageFault_Handler
    startup_stm32h723xx.o(RESET) refers to stm32h7xx_it.o(i.SVC_Handler) for SVC_Handler
    startup_stm32h723xx.o(RESET) refers to stm32h7xx_it.o(i.DebugMon_Handler) for DebugMon_Handler
    startup_stm32h723xx.o(RESET) refers to stm32h7xx_it.o(i.PendSV_Handler) for PendSV_Handler
    startup_stm32h723xx.o(RESET) refers to stm32h7xx_it.o(i.SysTick_Handler) for SysTick_Handler
    startup_stm32h723xx.o(RESET) refers to stm32h7xx_it.o(i.FDCAN1_IT0_IRQHandler) for FDCAN1_IT0_IRQHandler
    startup_stm32h723xx.o(RESET) refers to stm32h7xx_it.o(i.FDCAN1_IT1_IRQHandler) for FDCAN1_IT1_IRQHandler
    startup_stm32h723xx.o(RESET) refers to stm32h7xx_it.o(i.TIM3_IRQHandler) for TIM3_IRQHandler
    startup_stm32h723xx.o(RESET) refers to stm32h7xx_it.o(i.TIM4_IRQHandler) for TIM4_IRQHandler
    startup_stm32h723xx.o(RESET) refers to stm32h7xx_it.o(i.USART1_IRQHandler) for USART1_IRQHandler
    startup_stm32h723xx.o(RESET) refers to stm32h7xx_it.o(i.FDCAN_CAL_IRQHandler) for FDCAN_CAL_IRQHandler
    startup_stm32h723xx.o(.text) refers to system_stm32h7xx.o(i.SystemInit) for SystemInit
    startup_stm32h723xx.o(.text) refers to entry.o(.ARM.Collect$$$$00000000) for __main
    main.o(i.HAL_TIM_PeriodElapsedCallback) refers to dm_motor_ctrl.o(i.read_all_motor_data) for read_all_motor_data
    main.o(i.HAL_TIM_PeriodElapsedCallback) refers to dm_motor_drv.o(i.dm_motor_ctrl_send) for dm_motor_ctrl_send
    main.o(i.HAL_TIM_PeriodElapsedCallback) refers to dm_motor_ctrl.o(.bss) for motor
    main.o(i.HAL_TIM_PeriodElapsedCallback) refers to fdcan.o(.bss) for hfdcan1
    main.o(i.SystemClock_Config) refers to memseta.o(.text) for __aeabi_memclr4
    main.o(i.SystemClock_Config) refers to stm32h7xx_hal_pwr_ex.o(i.HAL_PWREx_ConfigSupply) for HAL_PWREx_ConfigSupply
    main.o(i.SystemClock_Config) refers to stm32h7xx_hal_rcc.o(i.HAL_RCC_OscConfig) for HAL_RCC_OscConfig
    main.o(i.SystemClock_Config) refers to main.o(i.Error_Handler) for Error_Handler
    main.o(i.SystemClock_Config) refers to stm32h7xx_hal_rcc.o(i.HAL_RCC_ClockConfig) for HAL_RCC_ClockConfig
    main.o(i.main) refers to stm32h7xx_hal.o(i.HAL_Init) for HAL_Init
    main.o(i.main) refers to main.o(i.SystemClock_Config) for SystemClock_Config
    main.o(i.main) refers to gpio.o(i.MX_GPIO_Init) for MX_GPIO_Init
    main.o(i.main) refers to fdcan.o(i.MX_FDCAN1_Init) for MX_FDCAN1_Init
    main.o(i.main) refers to tim.o(i.MX_TIM3_Init) for MX_TIM3_Init
    main.o(i.main) refers to usart.o(i.MX_USART1_UART_Init) for MX_USART1_UART_Init
    main.o(i.main) refers to tim.o(i.MX_TIM4_Init) for MX_TIM4_Init
    main.o(i.main) refers to stm32h7xx_hal_gpio.o(i.HAL_GPIO_WritePin) for HAL_GPIO_WritePin
    main.o(i.main) refers to stm32h7xx_hal.o(i.HAL_Delay) for HAL_Delay
    main.o(i.main) refers to bsp_fdcan.o(i.bsp_fdcan_set_baud) for bsp_fdcan_set_baud
    main.o(i.main) refers to bsp_fdcan.o(i.bsp_can_init) for bsp_can_init
    main.o(i.main) refers to dm_motor_ctrl.o(i.dm_motor_init) for dm_motor_init
    main.o(i.main) refers to dm_motor_drv.o(i.enable_motor_mode) for enable_motor_mode
    main.o(i.main) refers to stm32h7xx_hal_tim.o(i.HAL_TIM_Base_Start_IT) for HAL_TIM_Base_Start_IT
    main.o(i.main) refers to 3rrs.o(i.ik_3rrs_no_yaw) for ik_3rrs_no_yaw
    main.o(i.main) refers to dm_motor_drv.o(i.pos_ctrl) for pos_ctrl
    main.o(i.main) refers to printfa.o(i.__0printf) for __2printf
    main.o(i.main) refers to fdcan.o(.bss) for hfdcan1
    main.o(i.main) refers to tim.o(.bss) for htim3
    main.o(i.main) refers to dm_motor_ctrl.o(.bss) for motor
    gpio.o(i.MX_GPIO_Init) refers to memseta.o(.text) for __aeabi_memclr4
    gpio.o(i.MX_GPIO_Init) refers to stm32h7xx_hal_gpio.o(i.HAL_GPIO_WritePin) for HAL_GPIO_WritePin
    gpio.o(i.MX_GPIO_Init) refers to stm32h7xx_hal_gpio.o(i.HAL_GPIO_Init) for HAL_GPIO_Init
    fdcan.o(i.HAL_FDCAN_MspDeInit) refers to stm32h7xx_hal_gpio.o(i.HAL_GPIO_DeInit) for HAL_GPIO_DeInit
    fdcan.o(i.HAL_FDCAN_MspDeInit) refers to stm32h7xx_hal_cortex.o(i.HAL_NVIC_DisableIRQ) for HAL_NVIC_DisableIRQ
    fdcan.o(i.HAL_FDCAN_MspInit) refers to memseta.o(.text) for __aeabi_memclr4
[...]
    i.HAL_TIM_OC_DelayElapsedCallback        0x08004be6   Section        0  stm32h7xx_hal_tim.o(i.HAL_TIM_OC_DelayElapsedCallback)
    i.HAL_TIM_PWM_PulseFinishedCallback      0x08004be8   Section        0  stm32h7xx_hal_tim.o(i.HAL_TIM_PWM_PulseFinishedCallback)
    i.HAL_TIM_PeriodElapsedCallback          0x08004bec   Section        0  main.o(i.HAL_TIM_PeriodElapsedCallback)
    i.HAL_TIM_TriggerCallback                0x08004c1c   Section        0  stm32h7xx_hal_tim.o(i.HAL_TIM_TriggerCallback)
    i.HAL_UARTEx_DisableFifoMode             0x08004c1e   Section        0  stm32h7xx_hal_uart_ex.o(i.HAL_UARTEx_DisableFifoMode)
    i.HAL_UARTEx_RxEventCallback             0x08004c6c   Section        0  stm32h7xx_hal_uart.o(i.HAL_UARTEx_RxEventCallback)
    i.HAL_UARTEx_RxFifoFullCallback          0x08004c6e   Section        0  stm32h7xx_hal_uart_ex.o(i.HAL_UARTEx_RxFifoFullCallback)
    i.HAL_UARTEx_SetRxFifoThreshold          0x08004c70   Section        0  stm32h7xx_hal_uart_ex.o(i.HAL_UARTEx_SetRxFifoThreshold)
    i.HAL_UARTEx_SetTxFifoThreshold          0x08004cce   Section        0  stm32h7xx_hal_uart_ex.o(i.HAL_UARTEx_SetTxFifoThreshold)
    i.HAL_UARTEx_TxFifoEmptyCallback         0x08004d2c   Section        0  stm32h7xx_hal_uart_ex.o(i.HAL_UARTEx_TxFifoEmptyCallback)
    i.HAL_UARTEx_WakeupCallback              0x08004d2e   Section        0  stm32h7xx_hal_uart_ex.o(i.HAL_UARTEx_WakeupCallback)
    i.HAL_UART_ErrorCallback                 0x08004d30   Section        0  stm32h7xx_hal_uart.o(i.HAL_UART_ErrorCallback)
    i.HAL_UART_IRQHandler                    0x08004d34   Section        0  stm32h7xx_hal_uart.o(i.HAL_UART_IRQHandler)
    i.HAL_UART_Init                          0x080051c8   Section        0  stm32h7xx_hal_uart.o(i.HAL_UART_Init)
    i.HAL_UART_MspInit                       0x08005240   Section        0  usart.o(i.HAL_UART_MspInit)
    i.HAL_UART_Transmit                      0x080052ec   Section        0  stm32h7xx_hal_uart.o(i.HAL_UART_Transmit)
    i.HAL_UART_TxCpltCallback                0x080053ae   Section        0  stm32h7xx_hal_uart.o(i.HAL_UART_TxCpltCallback)
    i.HardFault_Handler                      0x080053b0   Section        0  stm32h7xx_it.o(i.HardFault_Handler)
    i.MX_FDCAN1_Init                         0x080053b4   Section        0  fdcan.o(i.MX_FDCAN1_Init)
    i.MX_GPIO_Init                           0x08005438   Section        0  gpio.o(i.MX_GPIO_Init)
    i.MX_TIM3_Init                           0x080054e0   Section        0  tim.o(i.MX_TIM3_Init)
    i.MX_TIM4_Init                           0x08005550   Section        0  tim.o(i.MX_TIM4_Init)
    i.MX_USART1_UART_Init                    0x080055c0   Section        0  usart.o(i.MX_USART1_UART_Init)
    i.MemManage_Handler                      0x0800562c   Section        0  stm32h7xx_it.o(i.MemManage_Handler)
    i.NMI_Handler                            0x08005630   Section        0  stm32h7xx_it.o(i.NMI_Handler)
    i.PendSV_Handler                         0x08005634   Section        0  stm32h7xx_it.o(i.PendSV_Handler)
    i.RCCEx_PLL2_Config                      0x08005638   Section        0  stm32h7xx_hal_rcc_ex.o(i.RCCEx_PLL2_Config)
    RCCEx_PLL2_Config                        0x08005639   Thumb Code   350  stm32h7xx_hal_rcc_ex.o(i.RCCEx_PLL2_Config)
    i.RCCEx_PLL3_Config                      0x0800579c   Section        0  stm32h7xx_hal_rcc_ex.o(i.RCCEx_PLL3_Config)
    RCCEx_PLL3_Config                        0x0800579d   Thumb Code   350  stm32h7xx_hal_rcc_ex.o(i.RCCEx_PLL3_Config)
    i.SVC_Handler                            0x08005900   Section        0  stm32h7xx_it.o(i.SVC_Handler)
    i.SysTick_Handler                        0x08005902   Section        0  stm32h7xx_it.o(i.SysTick_Handler)
    i.SystemClock_Config                     0x0800590c   Section        0  main.o(i.SystemClock_Config)
    i.SystemInit                             0x080059c4   Section        0  system_stm32h7xx.o(i.SystemInit)
    i.TIM3_IRQHandler                        0x08005aa4   Section        0  stm32h7xx_it.o(i.TIM3_IRQHandler)
    i.TIM4_IRQHandler                        0x08005ab4   Section        0  stm32h7xx_it.o(i.TIM4_IRQHandler)
    i.TIM_Base_SetConfig                     0x08005ac4   Section        0  stm32h7xx_hal_tim.o(i.TIM_Base_SetConfig)
    i.TIM_ETR_SetConfig                      0x08005bb4   Section        0  stm32h7xx_hal_tim.o(i.TIM_ETR_SetConfig)
    i.TIM_ITRx_SetConfig                     0x08005bcc   Section        0  stm32h7xx_hal_tim.o(i.TIM_ITRx_SetConfig)
    TIM_ITRx_SetConfig                       0x08005bcd   Thumb Code    18  stm32h7xx_hal_tim.o(i.TIM_ITRx_SetConfig)
    i.TIM_TI1_ConfigInputStage               0x08005be4   Section        0  stm32h7xx_hal_tim.o(i.TIM_TI1_ConfigInputStage)
    TIM_TI1_ConfigInputStage                 0x08005be5   Thumb Code    38  stm32h7xx_hal_tim.o(i.TIM_TI1_ConfigInputStage)
    i.TIM_TI2_ConfigInputStage               0x08005c0a   Section        0  stm32h7xx_hal_tim.o(i.TIM_TI2_ConfigInputStage)
    TIM_TI2_ConfigInputStage                 0x08005c0b   Thumb Code    40  stm32h7xx_hal_tim.o(i.TIM_TI2_ConfigInputStage)
    i.UARTEx_SetNbDataToProcess              0x08005c34   Section        0  stm32h7xx_hal_uart_ex.o(i.UARTEx_SetNbDataToProcess)
    UARTEx_SetNbDataToProcess                0x08005c35   Thumb Code    78  stm32h7xx_hal_uart_ex.o(i.UARTEx_SetNbDataToProcess)
    i.UART_AdvFeatureConfig                  0x08005c8c   Section        0  stm32h7xx_hal_uart.o(i.UART_AdvFeatureConfig)
    i.UART_CheckIdleState                    0x08005d84   Section        0  stm32h7xx_hal_uart.o(i.UART_CheckIdleState)
    i.UART_DMAAbortOnError                   0x08005e6e   Section        0  stm32h7xx_hal_uart.o(i.UART_DMAAbortOnError)
    UART_DMAAbortOnError                     0x08005e6f   Thumb Code    24  stm32h7xx_hal_uart.o(i.UART_DMAAbortOnError)
    i.UART_EndRxTransfer                     0x08005e88   Section        0  stm32h7xx_hal_uart.o(i.UART_EndRxTransfer)
    UART_EndRxTransfer                       0x08005e89   Thumb Code   104  stm32h7xx_hal_uart.o(i.UART_EndRxTransfer)
    i.UART_EndTransmit_IT                    0x08005ef4   Section        0  stm32h7xx_hal_uart.o(i.UART_EndTransmit_IT)
    UART_EndTransmit_IT                      0x08005ef5   Thumb Code    48  stm32h7xx_hal_uart.o(i.UART_EndTransmit_IT)
    i.UART_SetConfig                         0x08005f24   Section        0  stm32h7xx_hal_uart.o(i.UART_SetConfig)
    i.UART_WaitOnFlagUntilTimeout            0x0800654c   Section        0  stm32h7xx_hal_uart.o(i.UART_WaitOnFlagUntilTimeout)
    i.USART1_IRQHandler                      0x080065f8   Section        0  stm32h7xx_it.o(i.USART1_IRQHandler)
    i.UsageFault_Handler                     0x08006608   Section        0  stm32h7xx_it.o(i.UsageFault_Handler)
    i.__0printf                              0x0800660c   Section        0  printfa.o(i.__0printf)
    i.__ARM_fpclassify                       0x0800662c   Section        0  fpclassify.o(i.__ARM_fpclassify)
    i.__NVIC_GetPriorityGrouping             0x0800665c   Section        0  stm32h7xx_hal_cortex.o(i.__NVIC_GetPriorityGrouping)
    __NVIC_GetPriorityGrouping               0x0800665d   Thumb Code    10  stm32h7xx_hal_cortex.o(i.__NVIC_GetPriorityGrouping)
    i.__NVIC_SetPriority                     0x0800666c   Section        0  stm32h7xx_hal_cortex.o(i.__NVIC_SetPriority)
    __NVIC_SetPriority                       0x0800666d   Thumb Code    32  stm32h7xx_hal_cortex.o(i.__NVIC_SetPriority)
    i.__hardfp_asin                          0x08006698   Section        0  asin.o(i.__hardfp_asin)
    i.__hardfp_atan                          0x080068a0   Section        0  atan.o(i.__hardfp_atan)
    i.__hardfp_atan2                         0x08006aa0   Section        0  atan2.o(i.__hardfp_atan2)
    i.__hardfp_cos                           0x08006c60   Section        0  cos.o(i.__hardfp_cos)
    i.__hardfp_sin                           0x08006d10   Section        0  sin.o(i.__hardfp_sin)
    i.__hardfp_sqrt                          0x08006dc0   Section        0  sqrt.o(i.__hardfp_sqrt)
    i.__ieee754_rem_pio2                     0x08006e28   Section        0  rred.o(i.__ieee754_rem_pio2)
    i.__kernel_cos                           0x08007138   Section        0  cos_i.o(i.__kernel_cos)
    i.__kernel_poly                          0x08007218   Section        0  poly.o(i.__kernel_poly)
    i.__kernel_sin                           0x08007288   Section        0  sin_i.o(i.__kernel_sin)
    i.__mathlib_dbl_infnan                   0x08007330   Section        0  dunder.o(i.__mathlib_dbl_infnan)
    i.__mathlib_dbl_infnan2                  0x08007336   Section        0  dunder.o(i.__mathlib_dbl_infnan2)
    i.__mathlib_dbl_invalid                  0x08007340   Section        0  dunder.o(i.__mathlib_dbl_invalid)
    i.__mathlib_dbl_underflow                0x08007358   Section        0  dunder.o(i.__mathlib_dbl_underflow)
    i.__scatterload_copy                     0x08007370   Section       14  handlers.o(i.__scatterload_copy)
    i.__scatterload_null                     0x0800737e   Section        2  handlers.o(i.__scatterload_null)
    i.__scatterload_zeroinit                 0x08007380   Section       14  handlers.o(i.__scatterload_zeroinit)
    i.__set_errno                            0x08007390   Section        0  errno.o(i.__set_errno)
    i._fp_digits                             0x0800739c   Section        0  printfa.o(i._fp_digits)
    _fp_digits                               0x0800739d   Thumb Code   366  printfa.o(i._fp_digits)
    i._printf_core                           0x08007520   Section        0  printfa.o(i._printf_core)
    _printf_core                             0x08007521   Thumb Code  1744  printfa.o(i._printf_core)
    i._printf_post_padding                   0x08007bfc   Section        0  printfa.o(i._printf_post_padding)
    _printf_post_padding                     0x08007bfd   Thumb Code    36  printfa.o(i._printf_post_padding)
    i._printf_pre_padding                    0x08007c20   Section        0  printfa.o(i._printf_pre_padding)
    _printf_pre_padding                      0x08007c21   Thumb Code    46  printfa.o(i._printf_pre_padding)
    i.atan                                   0x08007c4e   Section        0  atan.o(i.atan)
    i.bsp_can_init                           0x08007c60   Section        0  bsp_fdcan.o(i.bsp_can_init)
    i.bsp_fdcan_set_baud                     0x08007c84   Section        0  bsp_fdcan.o(i.bsp_fdcan_set_baud)
    i.build_geometry                         0x08007db4   Section        0  3rrs.o(i.build_geometry)
    build_geometry                           0x08007db5   Thumb Code   242  3rrs.o(i.build_geometry)
    i.can_filter_init                        0x08007ec8   Section        0  bsp_fdcan.o(i.can_filter_init)
    i.dm_motor_ctrl_send                     0x08007f0c   Section        0  dm_motor_drv.o(i.dm_motor_ctrl_send)
    i.dm_motor_fbdata                        0x08007fae   Section        0  dm_motor_drv.o(i.dm_motor_fbdata)
    i.dm_motor_init                          0x08008064   Section        0  dm_motor_ctrl.o(i.dm_motor_init)
    i.dot                                    0x08008114   Section        0  3rrs.o(i.dot)
    dot                                      0x08008115   Thumb Code    44  3rrs.o(i.dot)
    i.enable_motor_mode                      0x08008140   Section        0  dm_motor_drv.o(i.enable_motor_mode)
    i.fabs                                   0x08008182   Section        0  fabs.o(i.fabs)
    i.fdcan1_rx_callback                     0x0800819c   Section        0  dm_motor_ctrl.o(i.fdcan1_rx_callback)
    i.fdcanx_receive                         0x08008208   Section        0  bsp_fdcan.o(i.fdcanx_receive)
    i.fdcanx_send_data                       0x0800827e   Section        0  bsp_fdcan.o(i.fdcanx_send_data)
    i.float_to_uint                          0x08008308   Section        0  dm_motor_drv.o(i.float_to_uint)
    i.fputc                                  0x0800833c   Section        0  usart.o(i.fputc)
    i.ik_3rrs_no_yaw                         0x08008358   Section        0  3rrs.o(i.ik_3rrs_no_yaw)
    i.main                                   0x0800882c   Section        0  main.o(i.main)
    i.mit_ctrl                               0x08008b58   Section        0  dm_motor_drv.o(i.mit_ctrl)
    i.pos_ctrl                               0x08008c74   Section        0  dm_motor_drv.o(i.pos_ctrl)
    i.psi_ctrl                               0x08008cd0   Section        0  dm_motor_drv.o(i.psi_ctrl)
    i.read_all_motor_data                    0x08008d70   Section        0  dm_motor_ctrl.o(i.read_all_motor_data)
    i.read_motor_data                        0x08008f78   Section        0  dm_motor_drv.o(i.read_motor_data)
    i.receive_motor_data                     0x08008fb0   Section        0  dm_motor_ctrl.o(i.receive_motor_data)
    i.rotate_no_yaw                          0x08009320   Section        0  3rrs.o(i.rotate_no_yaw)
    rotate_no_yaw                            0x08009321   Thumb Code   222  3rrs.o(i.rotate_no_yaw)
    i.solve_trig_linear                      0x08009400   Section        0  3rrs.o(i.solve_trig_linear)
    solve_trig_linear                        0x08009401   Thumb Code   182  3rrs.o(i.solve_trig_linear)
    i.spd_ctrl                               0x080094c8   Section        0  dm_motor_drv.o(i.spd_ctrl)
    i.sqrt                                   0x08009504   Section        0  sqrt.o(i.sqrt)
    i.uint_to_float                          0x0800956e   Section        0  dm_motor_drv.o(i.uint_to_float)
    i.v3                                     0x080095a2   Section        0  3rrs.o(i.v3)
    v3                                       0x080095a3   Thumb Code    42  3rrs.o(i.v3)
    i.wrap_pi                                0x080095cc   Section        0  3rrs.o(i.wrap_pi)
    wrap_pi                                  0x080095cd   Thumb Code    58  3rrs.o(i.wrap_pi)
    .constdata                               0x08009620   Section       92  stm32h7xx_hal_fdcan.o(.constdata)
    DLCtoBytes                               0x08009620   Data          16  stm32h7xx_hal_fdcan.o(.constdata)
    .constdata                               0x0800967c   Section       24  stm32h7xx_hal_uart.o(.constdata)
    .constdata                               0x08009694   Section       16  stm32h7xx_hal_uart_ex.o(.constdata)
    numerator                                0x08009694   Data           8  stm32h7xx_hal_uart_ex.o(.constdata)
    denominator                              0x0800969c   Data           8  stm32h7xx_hal_uart_ex.o(.constdata)
    .constdata                               0x080096a4   Section       16  system_stm32h7xx.o(.constdata)
    .constdata                               0x080096b8   Section       80  asin.o(.constdata)
    pS                                       0x080096b8   Data          48  asin.o(.constdata)
    qS                                       0x080096e8   Data          32  asin.o(.constdata)
    .constdata                               0x08009708   Section      152  atan.o(.constdata)
    atanhi                                   0x08009708   Data          32  atan.o(.constdata)
    atanlo                                   0x08009728   Data          32  atan.o(.constdata)
    aTodd                                    0x08009748   Data          40  atan.o(.constdata)
    aTeven                                   0x08009770   Data          48  atan.o(.constdata)
    .constdata                               0x080097a0   Section       48  cos_i.o(.constdata)
    C                                        0x080097a0   Data          48  cos_i.o(.constdata)
    .constdata                               0x080097d0   Section        8  qnan.o(.constdata)
    .constdata                               0x080097d8   Section      200  rred.o(.constdata)
    pio2s                                    0x080097d8   Data          48  rred.o(.constdata)
    twooverpi                                0x08009808   Data         152  rred.o(.constdata)
    .constdata                               0x080098a0   Section       40  sin_i.o(.constdata)
    S                                        0x080098a0   Data          40  sin_i.o(.constdata)
    .data                                    0x24000000   Section        9  stm32h7xx_hal.o(.data)
    .data                                    0x2400000c   Section        8  system_stm32h7xx.o(.data)
    .data                                    0x24000014   Section        4  stdout.o(.data)
    .data                                    0x24000018   Section        4  errno.o(.data)
    _errno                                   0x24000018   Data           4  errno.o(.data)
    .bss                                     0x2400001c   Section      160  fdcan.o(.bss)
    .bss                                     0x240000bc   Section      152  tim.o(.bss)
    .bss                                     0x24000154   Section      148  usart.o(.bss)
    .bss                                     0x240001e8   Section     2720  dm_motor_ctrl.o(.bss)
    STACK                                    0x24000c88   Section     1024  startup_stm32h723xx.o(STACK)

    Global Symbols

    Symbol Name                              Value     Ov Type        Size  Object(Section)

    BuildAttributes$$THM_ISAv4$E$P$D$K$B$S$7EM$VFPv5_D16$PE$PLD8$A:L22UL41UL21$X:L11$S22US41US21$IEEE1$IW$USESV6$~STKCKD$USESV7$~SHL$OTIME$ROPI$IEEEX$EBA8$MICROLIB$REQ8$PRES8$EABIv2 0x00000000   Number         0  anon$$obj.o ABSOLUTE
    __ARM_use_no_argv                        0x00000000   Number         0  main.o ABSOLUTE
    _printf_a                                0x00000000   Number         0  stubs.o ABSOLUTE
    _printf_c                                0x00000000   Number         0  stubs.o ABSOLUTE
    _printf_charcount                        0x00000000   Number         0  stubs.o ABSOLUTE
    _printf_d                                0x00000000   Number         0  stubs.o ABSOLUTE
    _printf_e                                0x00000000   Number         0  stubs.o ABSOLUTE
    _printf_f                                0x00000000   Number         0  stubs.o ABSOLUTE
    _printf_flags                            0x00000000   Number         0  stubs.o ABSOLUTE
    _printf_fp_dec                           0x00000000   Number         0  stubs.o ABSOLUTE
    _printf_fp_hex                           0x00000000   Number         0  stubs.o ABSOLUTE
    _printf_g                                0x00000000   Number         0  stubs.o ABSOLUTE
    _printf_i                                0x00000000   Number         0  stubs.o ABSOLUTE
    _printf_int_dec                          0x00000000   Number         0  stubs.o ABSOLUTE
    _printf_l                                0x00000000   Number         0  stubs.o ABSOLUTE
    _printf_lc                               0x00000000   Number         0  stubs.o ABSOLUTE
    _printf_ll                               0x00000000   Number         0  stubs.o ABSOLUTE
    _printf_lld                              0x00000000   Number         0  stubs.o ABSOLUTE
    _printf_lli                              0x00000000   Number         0  stubs.o ABSOLUTE
    _printf_llo                              0x00000000   Number         0  stubs.o ABSOLUTE
    _printf_llu                              0x00000000   Number         0  stubs.o ABSOLUTE
    _printf_llx                              0x00000000   Number         0  stubs.o ABSOLUTE
    _printf_longlong_dec                     0x00000000   Number         0  stubs.o ABSOLUTE
    _printf_longlong_hex                     0x00000000   Number         0  stubs.o ABSOLUTE
    _printf_longlong_oct                     0x00000000   Number         0  stubs.o ABSOLUTE
    _printf_ls                               0x00000000   Number         0  stubs.o ABSOLUTE
    _printf_mbtowc                           0x00000000   Number         0  stubs.o ABSOLUTE
    _printf_n                                0x00000000   Number         0  stubs.o ABSOLUTE
    _printf_o                                0x00000000   Number         0  stubs.o ABSOLUTE
    _printf_p                                0x00000000   Number         0  stubs.o ABSOLUTE
    _printf_percent                          0x00000000   Number         0  stubs.o ABSOLUTE
    _printf_pre_padding                      0x00000000   Number         0  stubs.o ABSOLUTE
    _printf_return_value                     0x00000000   Number         0  stubs.o ABSOLUTE
    _printf_s                                0x00000000   Number         0  stubs.o ABSOLUTE
    _printf_sizespec                         0x00000000   Number         0  stubs.o ABSOLUTE
    _printf_str                              0x00000000   Number         0  stubs.o ABSOLUTE
    _printf_truncate_signed                  0x00000000   Number         0  stubs.o ABSOLUTE
    _printf_truncate_unsigned                0x00000000   Number         0  stubs.o ABSOLUTE
    _printf_u                                0x00000000   Number         0  stubs.o ABSOLUTE
    _printf_wc                               0x00000000   Number         0  stubs.o ABSOLUTE
    _printf_wctomb                           0x00000000   Number         0  stubs.o ABSOLUTE
    _printf_widthprec                        0x00000000   Number         0  stubs.o ABSOLUTE
    _printf_x                                0x00000000   Number         0  stubs.o ABSOLUTE
    __cpp_initialize__aeabi_                  - Undefined Weak Reference
    __cxa_finalize                            - Undefined Weak Reference
    __decompress                              - Undefined Weak Reference
    _clock_init                               - Undefined Weak Reference
    _microlib_exit                            - Undefined Weak Reference
    __Vectors_Size                           0x000002cc   Number         0  startup_stm32h723xx.o ABSOLUTE
    __Vectors                                0x08000000   Data           4  startup_stm32h723xx.o(RESET)
    __Vectors_End                            0x080002cc   Data           0  startup_stm32h723xx.o(RESET)
    __main                                   0x080002cd   Thumb Code     0  entry.o(.ARM.Collect$$$$00000000)
    _main_stk                                0x080002cd   Thumb Code     0  entry2.o(.ARM.Collect$$$$00000001)
    _main_scatterload                        0x080002d1   Thumb Code     0  entry5.o(.ARM.Collect$$$$00000004)
    __main_after_scatterload                 0x080002d5   Thumb Code     0  entry5.o(.ARM.Collect$$$$00000004)
    _main_clock                              0x080002d5   Thumb Code     0  entry7b.o(.ARM.Collect$$$$00000008)
    _main_cpp_init                           0x080002d5   Thumb Code     0  entry8b.o(.ARM.Collect$$$$0000000A)
    _main_init                               0x080002d5   Thumb Code     0  entry9a.o(.ARM.Collect$$$$0000000B)
    __rt_final_cpp                           0x080002dd   Thumb Code     0  entry10a.o(.ARM.Collect$$$$0000000D)
    __rt_final_exit                          0x080002dd   Thumb Code     0  entry11a.o(.ARM.Collect$$$$0000000F)
    Reset_Handler                            0x080002e1   Thumb Code     8  startup_stm32h723xx.o(.text)
    ADC3_IRQHandler                          0x080002fb   Thumb Code     0  startup_stm32h723xx.o(.text)
    ADC_IRQHandler                           0x080002fb   Thumb Code     0  startup_stm32h723xx.o(.text)
    BDMA_Channel0_IRQHandler                 0x080002fb   Thumb Code     0  startup_stm32h723xx.o(.text)
    BDMA_Channel1_IRQHandler                 0x080002fb   Thumb Code     0  startup_stm32h723xx.o(.text)
    BDMA_Channel2_IRQHandler                 0x080002fb   Thumb Code     0  startup_stm32h723xx.o(.text)
    BDMA_Channel3_IRQHandler                 0x080002fb   Thumb Code     0  startup_stm32h723xx.o(.text)
    BDMA_Channel4_IRQHandler                 0x080002fb   Thumb Code     0  startup_stm32h723xx.o(.text)
    BDMA_Channel5_IRQHandler                 0x080002fb   Thumb Code     0  startup_stm32h723xx.o(.text)
    BDMA_Channel6_IRQHandler                 0x080002fb   Thumb Code     0  startup_stm32h723xx.o(.text)
    BDMA_Channel7_IRQHandler                 0x080002fb   Thumb Code     0  startup_stm32h723xx.o(.text)
    CEC_IRQHandler                           0x080002fb   Thumb Code     0  startup_stm32h723xx.o(.text)
    COMP1_IRQHandler                         0x080002fb   Thumb Code     0  startup_stm32h723xx.o(.text)
    CORDIC_IRQHandler                        0x080002fb   Thumb Code     0  startup_stm32h723xx.o(.text)
    CRS_IRQHandler                           0x080002fb   Thumb Code     0  startup_stm32h723xx.o(.text)
    DCMI_PSSI_IRQHandler                     0x080002fb   Thumb Code     0  startup_stm32h723xx.o(.text)
    DFSDM1_FLT0_IRQHandler                   0x080002fb   Thumb Code     0  startup_stm32h723xx.o(.text)
    DFSDM1_FLT1_IRQHandler                   0x080002fb   Thumb Code     0  startup_stm32h723xx.o(.text)
    DFSDM1_FLT2_IRQHandler                   0x080002fb   Thumb Code     0  startup_stm32h723xx.o(.text)
    DFSDM1_FLT3_IRQHandler                   0x080002fb   Thumb Code     0  startup_stm32h723xx.o(.text)
    DMA1_Stream0_IRQHandler                  0x080002fb   Thumb Code     0  startup_stm32h723xx.o(.text)
    DMA1_Stream1_IRQHandler                  0x080002fb   Thumb Code     0  startup_stm32h723xx.o(.text)
    DMA1_Stream2_IRQHandler                  0x080002fb   Thumb Code     0  startup_stm32h723xx.o(.text)
    DMA1_Stream3_IRQHandler                  0x080002fb   Thumb Code     0  startup_stm32h723xx.o(.text)
    DMA1_Stream4_IRQHandler                  0x080002fb   Thumb Code     0  startup_stm32h723xx.o(.text)
    DMA1_Stream5_IRQHandler                  0x080002fb   Thumb Code     0  startup_stm32h723xx.o(.text)
    DMA1_Stream6_IRQHandler                  0x080002fb   Thumb Code     0  startup_stm32h723xx.o(.text)
    DMA1_Stream7_IRQHandler                  0x080002fb   Thumb Code     0  startup_stm32h723xx.o(.text)
    DMA2D_IRQHandler                         0x080002fb   Thumb Code     0  startup_stm32h723xx.o(.text)
    DMA2_Stream0_IRQHandler                  0x080002fb   Thumb Code     0  startup_stm32h723xx.o(.text)
    DMA2_Stream1_IRQHandler                  0x080002fb   Thumb Code     0  startup_stm32h723xx.o(.text)
    DMA2_Stream2_IRQHandler                  0x080002fb   Thumb Code     0  startup_stm32h723xx.o(.text)
    DMA2_Stream3_IRQHandler                  0x080002fb   Thumb Code     0  startup_stm32h723xx.o(.text)
    DMA2_Stream4_IRQHandler                  0x080002fb   Thumb Code     0  startup_stm32h723xx.o(.text)
    DMA2_Stream5_IRQHandler                  0x080002fb   Thumb Code     0  startup_stm32h723xx.o(.text)
    DMA2_Stream6_IRQHandler                  0x080002fb   Thumb Code     0  startup_stm32h723xx.o(.text)
    DMA2_Stream7_IRQHandler                  0x080002fb   Thumb Code     0  startup_stm32h723xx.o(.text)
    DMAMUX1_OVR_IRQHandler                   0x080002fb   Thumb Code     0  startup_stm32h723xx.o(.text)
    DMAMUX2_OVR_IRQHandler                   0x080002fb   Thumb Code     0  startup_stm32h723xx.o(.text)
    DTS_IRQHandler                           0x080002fb   Thumb Code     0  startup_stm32h723xx.o(.text)
    ECC_IRQHandler                           0x080002fb   Thumb Code     0  startup_stm32h723xx.o(.text)
    ETH_IRQHandler                           0x080002fb   Thumb Code     0  startup_stm32h723xx.o(.text)
    ETH_WKUP_IRQHandler                      0x080002fb   Thumb Code     0  startup_stm32h723xx.o(.text)
    EXTI0_IRQHandler                         0x080002fb   Thumb Code     0  startup_stm32h723xx.o(.text)
    EXTI15_10_IRQHandler                     0x080002fb   Thumb Code     0  startup_stm32h723xx.o(.text)
    EXTI1_IRQHandler                         0x080002fb   Thumb Code     0  startup_stm32h723xx.o(.text)
    EXTI2_IRQHandler                         0x080002fb   Thumb Code     0  startup_stm32h723xx.o(.text)
    EXTI3_IRQHandler                         0x080002fb   Thumb Code     0  startup_stm32h723xx.o(.text)
    EXTI4_IRQHandler                         0x080002fb   Thumb Code     0  startup_stm32h723xx.o(.text)
    EXTI9_5_IRQHandler                       0x080002fb   Thumb Code     0  startup_stm32h723xx.o(.text)
    FDCAN2_IT0_IRQHandler                    0x080002fb   Thumb Code     0  startup_stm32h723xx.o(.text)
    FDCAN2_IT1_IRQHandler                    0x080002fb   Thumb Code     0  startup_stm32h723xx.o(.text)
    FDCAN3_IT0_IRQHandler                    0x080002fb   Thumb Code     0  startup_stm32h723xx.o(.text)
    FDCAN3_IT1_IRQHandler                    0x080002fb   Thumb Code     0  startup_stm32h723xx.o(.text)
    FLASH_IRQHandler                         0x080002fb   Thumb Code     0  startup_stm32h723xx.o(.text)
    FMAC_IRQHandler                          0x080002fb   Thumb Code     0  startup_stm32h723xx.o(.text)
    FMC_IRQHandler                           0x080002fb   Thumb Code     0  startup_stm32h723xx.o(.text)
    FPU_IRQHandler                           0x080002fb   Thumb Code     0  startup_stm32h723xx.o(.text)
    HSEM1_IRQHandler                         0x080002fb   Thumb Code     0  startup_stm32h723xx.o(.text)
    I2C1_ER_IRQHandler                       0x080002fb   Thumb Code     0  startup_stm32h723xx.o(.text)
    I2C1_EV_IRQHandler                       0x080002fb   Thumb Code     0  startup_stm32h723xx.o(.text)
    I2C2_ER_IRQHandler                       0x080002fb   Thumb Code     0  startup_stm32h723xx.o(.text)
    I2C2_EV_IRQHandler                       0x080002fb   Thumb Code     0  startup_stm32h723xx.o(.text)
    I2C3_ER_IRQHandler                       0x080002fb   Thumb Code     0  startup_stm32h723xx.o(.text)
    I2C3_EV_IRQHandler                       0x080002fb   Thumb Code     0  startup_stm32h723xx.o(.text)
    I2C4_ER_IRQHandler                       0x080002fb   Thumb Code     0  startup_stm32h723xx.o(.text)
    I2C4_EV_IRQHandler                       0x080002fb   Thumb Code     0  startup_stm32h723xx.o(.text)
    I2C5_ER_IRQHandler                       0x080002fb   Thumb Code     0  startup_stm32h723xx.o(.text)
    I2C5_EV_IRQHandler                       0x080002fb   Thumb Code     0  startup_stm32h723xx.o(.text)
    LPTIM1_IRQHandler                        0x080002fb   Thumb Code     0  startup_stm32h723xx.o(.text)
    LPTIM2_IRQHandler                        0x080002fb   Thumb Code     0  startup_stm32h723xx.o(.text)
    LPTIM3_IRQHandler                        0x080002fb   Thumb Code     0  startup_stm32h723xx.o(.text)
    LPTIM4_IRQHandler                        0x080002fb   Thumb Code     0  startup_stm32h723xx.o(.text)
    LPTIM5_IRQHandler                        0x080002fb   Thumb Code     0  startup_stm32h723xx.o(.text)
    LPUART1_IRQHandler                       0x080002fb   Thumb Code     0  startup_stm32h723xx.o(.text)
    LTDC_ER_IRQHandler                       0x080002fb   Thumb Code     0  startup_stm32h723xx.o(.text)
    LTDC_IRQHandler                          0x080002fb   Thumb Code     0  startup_stm32h723xx.o(.text)
    MDIOS_IRQHandler                         0x080002fb   Thumb Code     0  startup_stm32h723xx.o(.text)
    MDIOS_WKUP_IRQHandler                    0x080002fb   Thumb Code     0  startup_stm32h723xx.o(.text)
    MDMA_IRQHandler                          0x080002fb   Thumb Code     0  startup_stm32h723xx.o(.text)
    OCTOSPI1_IRQHandler                      0x080002fb   Thumb Code     0  startup_stm32h723xx.o(.text)
    OCTOSPI2_IRQHandler                      0x080002fb   Thumb Code     0  startup_stm32h723xx.o(.text)
    OTG_HS_EP1_IN_IRQHandler                 0x080002fb   Thumb Code     0  startup_stm32h723xx.o(.text)
    OTG_HS_EP1_OUT_IRQHandler                0x080002fb   Thumb Code     0  startup_stm32h723xx.o(.text)
    OTG_HS_IRQHandler                        0x080002fb   Thumb Code     0  startup_stm32h723xx.o(.text)
    OTG_HS_WKUP_IRQHandler                   0x080002fb   Thumb Code     0  startup_stm32h723xx.o(.text)
    PVD_AVD_IRQHandler                       0x080002fb   Thumb Code     0  startup_stm32h723xx.o(.text)
    RCC_IRQHandler                           0x080002fb   Thumb Code     0  startup_stm32h723xx.o(.text)
    RNG_IRQHandler                           0x080002fb   Thumb Code     0  startup_stm32h723xx.o(.text)
    RTC_Alarm_IRQHandler                     0x080002fb   Thumb Code     0  startup_stm32h723xx.o(.text)
    RTC_WKUP_IRQHandler                      0x080002fb   Thumb Code     0  startup_stm32h723xx.o(.text)
    SAI1_IRQHandler                          0x080002fb   Thumb Code     0  startup_stm32h723xx.o(.text)
    SAI4_IRQHandler                          0x080002fb   Thumb Code     0  startup_stm32h723xx.o(.text)
    SDMMC1_IRQHandler                        0x080002fb   Thumb Code     0  startup_stm32h723xx.o(.text)
    SDMMC2_IRQHandler                        0x080002fb   Thumb Code     0  startup_stm32h723xx.o(.text)
    SPDIF_RX_IRQHandler                      0x080002fb   Thumb Code     0  startup_stm32h723xx.o(.text)
    SPI1_IRQHandler                          0x080002fb   Thumb Code     0  startup_stm32h723xx.o(.text)
    SPI2_IRQHandler                          0x080002fb   Thumb Code     0  startup_stm32h723xx.o(.text)
    SPI3_IRQHandler                          0x080002fb   Thumb Code     0  startup_stm32h723xx.o(.text)
    SPI4_IRQHandler                          0x080002fb   Thumb Code     0  startup_stm32h723xx.o(.text)
    SPI5_IRQHandler                          0x080002fb   Thumb Code     0  startup_stm32h723xx.o(.text)
    SPI6_IRQHandler                          0x080002fb   Thumb Code     0  startup_stm32h723xx.o(.text)
    SWPMI1_IRQHandler                        0x080002fb   Thumb Code     0  startup_stm32h723xx.o(.text)
    TAMP_STAMP_IRQHandler                    0x080002fb   Thumb Code     0  startup_stm32h723xx.o(.text)
    TIM15_IRQHandler                         0x080002fb   Thumb Code     0  startup_stm32h723xx.o(.text)
    TIM16_IRQHandler                         0x080002fb   Thumb Code     0  startup_stm32h723xx.o(.text)
    TIM17_IRQHandler                         0x080002fb   Thumb Code     0  startup_stm32h723xx.o(.text)
    TIM1_BRK_IRQHandler                      0x080002fb   Thumb Code     0  startup_stm32h723xx.o(.text)
    TIM1_CC_IRQHandler                       0x080002fb   Thumb Code     0  startup_stm32h723xx.o(.text)
    TIM1_TRG_COM_IRQHandler                  0x080002fb   Thumb Code     0  startup_stm32h723xx.o(.text)
    TIM1_UP_IRQHandler                       0x080002fb   Thumb Code     0  startup_stm32h723xx.o(.text)
    TIM23_IRQHandler                         0x080002fb   Thumb Code     0  startup_stm32h723xx.o(.text)
    TIM24_IRQHandler                         0x080002fb   Thumb Code     0  startup_stm32h723xx.o(.text)
    TIM2_IRQHandler                          0x080002fb   Thumb Code     0  startup_stm32h723xx.o(.text)
    TIM5_IRQHandler                          0x080002fb   Thumb Code     0  startup_stm32h723xx.o(.text)
    TIM6_DAC_IRQHandler                      0x080002fb   Thumb Code     0  startup_stm32h723xx.o(.text)
    TIM7_IRQHandler                          0x080002fb   Thumb Code     0  startup_stm32h723xx.o(.text)
    TIM8_BRK_TIM12_IRQHandler                0x080002fb   Thumb Code     0  startup_stm32h723xx.o(.text)
    TIM8_CC_IRQHandler                       0x080002fb   Thumb Code     0  startup_stm32h723xx.o(.text)
    TIM8_TRG_COM_TIM14_IRQHandler            0x080002fb   Thumb Code     0  startup_stm32h723xx.o(.text)
    TIM8_UP_TIM13_IRQHandler                 0x080002fb   Thumb Code     0  startup_stm32h723xx.o(.text)
    UART4_IRQHandler                         0x080002fb   Thumb Code     0  startup_stm32h723xx.o(.text)
    UART5_IRQHandler                         0x080002fb   Thumb Code     0  startup_stm32h723xx.o(.text)
    UART7_IRQHandler                         0x080002fb   Thumb Code     0  startup_stm32h723xx.o(.text)
    UART8_IRQHandler                         0x080002fb   Thumb Code     0  startup_stm32h723xx.o(.text)
    UART9_IRQHandler                         0x080002fb   Thumb Code     0  startup_stm32h723xx.o(.text)
    USART10_IRQHandler                       0x080002fb   Thumb Code     0  startup_stm32h723xx.o(.text)
    USART2_IRQHandler                        0x080002fb   Thumb Code     0  startup_stm32h723xx.o(.text)
    USART3_IRQHandler                        0x080002fb   Thumb Code     0  startup_stm32h723xx.o(.text)
    USART6_IRQHandler                        0x080002fb   Thumb Code     0  startup_stm32h723xx.o(.text)
    WAKEUP_PIN_IRQHandler                    0x080002fb   Thumb Code     0  startup_stm32h723xx.o(.text)
    WWDG_IRQHandler                          0x080002fb   Thumb Code     0  startup_stm32h723xx.o(.text)
    __aeabi_uldivmod                         0x08000305   Thumb Code    98  uldiv.o(.text)
    __aeabi_memcpy                           0x08000367   Thumb Code    36  memcpya.o(.text)
    __aeabi_memcpy4                          0x08000367   Thumb Code     0  memcpya.o(.text)
    __aeabi_memcpy8                          0x08000367   Thumb Code     0  memcpya.o(.text)
    __aeabi_memset                           0x0800038b   Thumb Code    14  memseta.o(.text)
    __aeabi_memset4                          0x0800038b   Thumb Code     0  memseta.o(.text)
    __aeabi_memset8                          0x0800038b   Thumb Code     0  memseta.o(.text)
    __aeabi_memclr                           0x08000399   Thumb Code     4  memseta.o(.text)
    __aeabi_memclr4                          0x08000399   Thumb Code     0  memseta.o(.text)
    __aeabi_memclr8                          0x08000399   Thumb Code     0  memseta.o(.text)
    _memset$wrapper                          0x0800039d   Thumb Code    18  memseta.o(.text)
    __aeabi_uidiv                            0x080003af   Thumb Code     0  uidiv.o(.text)
    __aeabi_uidivmod                         0x080003af   Thumb Code    44  uidiv.o(.text)
    __aeabi_llsl                             0x080003db   Thumb Code    30  llshl.o(.text)
    _ll_shift_l                              0x080003db   Thumb Code     0  llshl.o(.text)
    __aeabi_llsr                             0x080003f9   Thumb Code    32  llushr.o(.text)
    _ll_ushift_r                             0x080003f9   Thumb Code     0  llushr.o(.text)
    __I$use$fp                               0x08000419   Thumb Code     0  iusefp.o(.text)
    __aeabi_dadd                             0x08000419   Thumb Code   322  dadd.o(.text)
    __aeabi_dsub                             0x0800055b   Thumb Code     6  dadd.o(.text)
    __aeabi_drsub                            0x08000561   Thumb Code     6  dadd.o(.text)
    __aeabi_dmul                             0x08000567   Thumb Code   228  dmul.o(.text)
    __aeabi_ddiv                             0x0800064b   Thumb Code   222  ddiv.o(.text)
    __aeabi_d2ulz                            0x08000729   Thumb Code    48  dfixul.o(.text)
    __aeabi_cdrcmple                         0x08000759   Thumb Code    48  cdrcmple.o(.text)
    __scatterload                            0x08000789   Thumb Code    28  init.o(.text)
    __scatterload_rt2                        0x08000789   Thumb Code     0  init.o(.text)
    __aeabi_lasr                             0x080007ad   Thumb Code    36  llsshr.o(.text)
    _ll_sshift_r                             0x080007ad   Thumb Code     0  llsshr.o(.text)
    _double_round                            0x080007d1   Thumb Code    30  depilogue.o(.text)
    _double_epilogue                         0x080007ef   Thumb Code   156  depilogue.o(.text)
    BusFault_Handler                         0x0800088b   Thumb Code     4  stm32h7xx_it.o(i.BusFault_Handler)
    DebugMon_Handler                         0x0800088f   Thumb Code     2  stm32h7xx_it.o(i.DebugMon_Handler)
    Error_Handler                            0x08000891   Thumb Code     6  main.o(i.Error_Handler)
    FDCAN1_IT0_IRQHandler                    0x08000899   Thumb Code    10  stm32h7xx_it.o(i.FDCAN1_IT0_IRQHandler)
    FDCAN1_IT1_IRQHandler                    0x080008a9   Thumb Code    10  stm32h7xx_it.o(i.FDCAN1_IT1_IRQHandler)
    FDCAN_CAL_IRQHandler                     0x080008b9   Thumb Code    10  stm32h7xx_it.o(i.FDCAN_CAL_IRQHandler)
    HAL_DMA_Abort                            0x08000bb9   Thumb Code  1236  stm32h7xx_hal_dma.o(i.HAL_DMA_Abort)
    HAL_DMA_Abort_IT                         0x08001095   Thumb Code   906  stm32h7xx_hal_dma.o(i.HAL_DMA_Abort_IT)
    HAL_Delay                                0x0800142d   Thumb Code    36  stm32h7xx_hal.o(i.HAL_Delay)
    HAL_FDCAN_ActivateNotification           0x08001455   Thumb Code   158  stm32h7xx_hal_fdcan.o(i.HAL_FDCAN_ActivateNotification)
    HAL_FDCAN_AddMessageToTxFifoQ            0x080014fd   Thumb Code   144  stm32h7xx_hal_fdcan.o(i.HAL_FDCAN_AddMessageToTxFifoQ)
    HAL_FDCAN_ClockCalibrationCallback       0x0800158d   Thumb Code     2  stm32h7xx_hal_fdcan.o(i.HAL_FDCAN_ClockCalibrationCallback)
    HAL_FDCAN_ConfigFifoWatermark            0x0800158f   Thumb Code   108  stm32h7xx_hal_fdcan.o(i.HAL_FDCAN_ConfigFifoWatermark)
    HAL_FDCAN_ConfigFilter                   0x080015fb   Thumb Code   168  stm32h7xx_hal_fdcan.o(i.HAL_FDCAN_ConfigFilter)
    HAL_FDCAN_ConfigGlobalFilter             0x080016a3   Thumb Code    52  stm32h7xx_hal_fdcan.o(i.HAL_FDCAN_ConfigGlobalFilter)
    HAL_FDCAN_DeInit                         0x080016d7   Thumb Code    48  stm32h7xx_hal_fdcan.o(i.HAL_FDCAN_DeInit)
    HAL_FDCAN_ErrorCallback                  0x08001707   Thumb Code     2  stm32h7xx_hal_fdcan.o(i.HAL_FDCAN_ErrorCallback)
    HAL_FDCAN_ErrorStatusCallback            0x08001709   Thumb Code    20  bsp_fdcan.o(i.HAL_FDCAN_ErrorStatusCallback)
    HAL_FDCAN_GetRxMessage                   0x0800171d   Thumb Code   494  stm32h7xx_hal_fdcan.o(i.HAL_FDCAN_GetRxMessage)
    HAL_FDCAN_HighPriorityMessageCallback    0x08001911   Thumb Code     2  stm32h7xx_hal_fdcan.o(i.HAL_FDCAN_HighPriorityMessageCallback)
    HAL_FDCAN_IRQHandler                     0x08001915   Thumb Code   966  stm32h7xx_hal_fdcan.o(i.HAL_FDCAN_IRQHandler)
    HAL_FDCAN_Init                           0x08001ce9   Thumb Code   726  stm32h7xx_hal_fdcan.o(i.HAL_FDCAN_Init)
    HAL_FDCAN_MspDeInit                      0x08001fc9   Thumb Code    52  fdcan.o(i.HAL_FDCAN_MspDeInit)
    HAL_FDCAN_MspInit                        0x08002009   Thumb Code   194  fdcan.o(i.HAL_FDCAN_MspInit)
    HAL_FDCAN_RxBufferNewMessageCallback     0x080020d9   Thumb Code     2  stm32h7xx_hal_fdcan.o(i.HAL_FDCAN_RxBufferNewMessageCallback)
    HAL_FDCAN_RxFifo0Callback                0x080020dd   Thumb Code    18  bsp_fdcan.o(i.HAL_FDCAN_RxFifo0Callback)
    HAL_FDCAN_RxFifo1Callback                0x080020f5   Thumb Code     2  stm32h7xx_hal_fdcan.o(i.HAL_FDCAN_RxFifo1Callback)
    HAL_FDCAN_Start                          0x080020f7   Thumb Code    52  stm32h7xx_hal_fdcan.o(i.HAL_FDCAN_Start)
    HAL_FDCAN_Stop                           0x0800212b   Thumb Code   162  stm32h7xx_hal_fdcan.o(i.HAL_FDCAN_Stop)
    HAL_FDCAN_TT_GlobalTimeCallback          0x080021cd   Thumb Code     2  stm32h7xx_hal_fdcan.o(i.HAL_FDCAN_TT_GlobalTimeCallback)
    HAL_FDCAN_TT_ScheduleSyncCallback        0x080021cf   Thumb Code     2  stm32h7xx_hal_fdcan.o(i.HAL_FDCAN_TT_ScheduleSyncCallback)
    HAL_FDCAN_TT_StopWatchCallback           0x080021d1   Thumb Code     2  stm32h7xx_hal_fdcan.o(i.HAL_FDCAN_TT_StopWatchCallback)
    HAL_FDCAN_TT_TimeMarkCallback            0x080021d3   Thumb Code     2  stm32h7xx_hal_fdcan.o(i.HAL_FDCAN_TT_TimeMarkCallback)
    HAL_FDCAN_TimeoutOccurredCallback        0x080021d5   Thumb Code     2  stm32h7xx_hal_fdcan.o(i.HAL_FDCAN_TimeoutOccurredCallback)
    HAL_FDCAN_TimestampWraparoundCallback    0x080021d7   Thumb Code     2  stm32h7xx_hal_fdcan.o(i.HAL_FDCAN_TimestampWraparoundCallback)
    HAL_FDCAN_TxBufferAbortCallback          0x080021d9   Thumb Code     2  stm32h7xx_hal_fdcan.o(i.HAL_FDCAN_TxBufferAbortCallback)
    HAL_FDCAN_TxBufferCompleteCallback       0x080021db   Thumb Code     2  stm32h7xx_hal_fdcan.o(i.HAL_FDCAN_TxBufferCompleteCallback)
    HAL_FDCAN_TxEventFifoCallback            0x080021dd   Thumb Code     2  stm32h7xx_hal_fdcan.o(i.HAL_FDCAN_TxEventFifoCallback)
    HAL_FDCAN_TxFifoEmptyCallback            0x080021df   Thumb Code     2  stm32h7xx_hal_fdcan.o(i.HAL_FDCAN_TxFifoEmptyCallback)
    HAL_GPIO_DeInit                          0x080021e1   Thumb Code   318  stm32h7xx_hal_gpio.o(i.HAL_GPIO_DeInit)
    HAL_GPIO_Init                            0x0800234d   Thumb Code   446  stm32h7xx_hal_gpio.o(i.HAL_GPIO_Init)
    HAL_GPIO_WritePin                        0x0800253d   Thumb Code    12  stm32h7xx_hal_gpio.o(i.HAL_GPIO_WritePin)
    HAL_GetTick                              0x08002549   Thumb Code     6  stm32h7xx_hal.o(i.HAL_GetTick)
    HAL_IncTick                              0x08002555   Thumb Code    16  stm32h7xx_hal.o(i.HAL_IncTick)
    HAL_Init                                 0x0800256d   Thumb Code    80  stm32h7xx_hal.o(i.HAL_Init)
    HAL_InitTick                             0x080025cd   Thumb Code    74  stm32h7xx_hal.o(i.HAL_InitTick)
    HAL_MspInit                              0x08002625   Thumb Code    32  stm32h7xx_hal_msp.o(i.HAL_MspInit)
    HAL_NVIC_DisableIRQ                      0x08002649   Thumb Code    62  stm32h7xx_hal_cortex.o(i.HAL_NVIC_DisableIRQ)
    HAL_NVIC_EnableIRQ                       0x0800268d   Thumb Code    40  stm32h7xx_hal_cortex.o(i.HAL_NVIC_EnableIRQ)
    HAL_NVIC_SetPriority                     0x080026b5   Thumb Code   122  stm32h7xx_hal_cortex.o(i.HAL_NVIC_SetPriority)
    HAL_NVIC_SetPriorityGrouping             0x08002731   Thumb Code    32  stm32h7xx_hal_cortex.o(i.HAL_NVIC_SetPriorityGrouping)
    HAL_PWREx_ConfigSupply                   0x08002759   Thumb Code    90  stm32h7xx_hal_pwr_ex.o(i.HAL_PWREx_ConfigSupply)
    HAL_RCCEx_GetD3PCLK1Freq                 0x080027b9   Thumb Code    26  stm32h7xx_hal_rcc_ex.o(i.HAL_RCCEx_GetD3PCLK1Freq)
    HAL_RCCEx_GetPLL2ClockFreq               0x080027dd   Thumb Code   536  stm32h7xx_hal_rcc_ex.o(i.HAL_RCCEx_GetPLL2ClockFreq)
    HAL_RCCEx_GetPLL3ClockFreq               0x08002a0d   Thumb Code   536  stm32h7xx_hal_rcc_ex.o(i.HAL_RCCEx_GetPLL3ClockFreq)
    HAL_RCCEx_PeriphCLKConfig                0x08002c3d   Thumb Code  3272  stm32h7xx_hal_rcc_ex.o(i.HAL_RCCEx_PeriphCLKConfig)
    HAL_RCC_ClockConfig                      0x08003905   Thumb Code   774  stm32h7xx_hal_rcc.o(i.HAL_RCC_ClockConfig)
    HAL_RCC_GetHCLKFreq                      0x08003c25   Thumb Code    60  stm32h7xx_hal_rcc.o(i.HAL_RCC_GetHCLKFreq)
    HAL_RCC_GetPCLK1Freq                     0x08003c71   Thumb Code    26  stm32h7xx_hal_rcc.o(i.HAL_RCC_GetPCLK1Freq)
    HAL_RCC_GetPCLK2Freq                     0x08003c95   Thumb Code    26  stm32h7xx_hal_rcc.o(i.HAL_RCC_GetPCLK2Freq)
    HAL_RCC_GetSysClockFreq                  0x08003cb9   Thumb Code   524  stm32h7xx_hal_rcc.o(i.HAL_RCC_GetSysClockFreq)
    HAL_RCC_OscConfig                        0x08003ee5   Thumb Code  1874  stm32h7xx_hal_rcc.o(i.HAL_RCC_OscConfig)
    HAL_SYSTICK_Config                       0x08004641   Thumb Code    52  stm32h7xx_hal_cortex.o(i.HAL_SYSTICK_Config)
    HAL_TIMEx_Break2Callback                 0x08004675   Thumb Code     2  stm32h7xx_hal_tim_ex.o(i.HAL_TIMEx_Break2Callback)
    HAL_TIMEx_BreakCallback                  0x08004677   Thumb Code     2  stm32h7xx_hal_tim_ex.o(i.HAL_TIMEx_BreakCallback)
    HAL_TIMEx_CommutCallback                 0x08004679   Thumb Code     2  stm32h7xx_hal_tim_ex.o(i.HAL_TIMEx_CommutCallback)
    HAL_TIMEx_MasterConfigSynchronization    0x0800467d   Thumb Code   190  stm32h7xx_hal_tim_ex.o(i.HAL_TIMEx_MasterConfigSynchronization)
    HAL_TIM_Base_Init                        0x08004761   Thumb Code   110  stm32h7xx_hal_tim.o(i.HAL_TIM_Base_Init)
    HAL_TIM_Base_MspInit                     0x080047d1   Thumb Code   112  tim.o(i.HAL_TIM_Base_MspInit)
    HAL_TIM_Base_Start_IT                    0x0800484d   Thumb Code   162  stm32h7xx_hal_tim.o(i.HAL_TIM_Base_Start_IT)
    HAL_TIM_ConfigClockSource                0x08004919   Thumb Code   304  stm32h7xx_hal_tim.o(i.HAL_TIM_ConfigClockSource)
    HAL_TIM_IC_CaptureCallback               0x08004a4d   Thumb Code     2  stm32h7xx_hal_tim.o(i.HAL_TIM_IC_CaptureCallback)
    HAL_TIM_IRQHandler                       0x08004a4f   Thumb Code   408  stm32h7xx_hal_tim.o(i.HAL_TIM_IRQHandler)
    HAL_TIM_OC_DelayElapsedCallback          0x08004be7   Thumb Code     2  stm32h7xx_hal_tim.o(i.HAL_TIM_OC_DelayElapsedCallback)
    HAL_TIM_PWM_PulseFinishedCallback        0x08004be9   Thumb Code     2  stm32h7xx_hal_tim.o(i.HAL_TIM_PWM_PulseFinishedCallback)
    HAL_TIM_PeriodElapsedCallback            0x08004bed   Thumb Code    36  main.o(i.HAL_TIM_PeriodElapsedCallback)
    HAL_TIM_TriggerCallback                  0x08004c1d   Thumb Code     2  stm32h7xx_hal_tim.o(i.HAL_TIM_TriggerCallback)
    HAL_UARTEx_DisableFifoMode               0x08004c1f   Thumb Code    78  stm32h7xx_hal_uart_ex.o(i.HAL_UARTEx_DisableFifoMode)
    HAL_UARTEx_RxEventCallback               0x08004c6d   Thumb Code     2  stm32h7xx_hal_uart.o(i.HAL_UARTEx_RxEventCallback)
    HAL_UARTEx_RxFifoFullCallback            0x08004c6f   Thumb Code     2  stm32h7xx_hal_uart_ex.o(i.HAL_UARTEx_RxFifoFullCallback)
    HAL_UARTEx_SetRxFifoThreshold            0x08004c71   Thumb Code    94  stm32h7xx_hal_uart_ex.o(i.HAL_UARTEx_SetRxFifoThreshold)
    HAL_UARTEx_SetTxFifoThreshold            0x08004ccf   Thumb Code    94  stm32h7xx_hal_uart_ex.o(i.HAL_UARTEx_SetTxFifoThreshold)
    HAL_UARTEx_TxFifoEmptyCallback           0x08004d2d   Thumb Code     2  stm32h7xx_hal_uart_ex.o(i.HAL_UARTEx_TxFifoEmptyCallback)
    HAL_UARTEx_WakeupCallback                0x08004d2f   Thumb Code     2  stm32h7xx_hal_uart_ex.o(i.HAL_UARTEx_WakeupCallback)
    HAL_UART_ErrorCallback                   0x08004d31   Thumb Code     2  stm32h7xx_hal_uart.o(i.HAL_UART_ErrorCallback)
    HAL_UART_IRQHandler                      0x08004d35   Thumb Code  1172  stm32h7xx_hal_uart.o(i.HAL_UART_IRQHandler)
    HAL_UART_Init                            0x080051c9   Thumb Code   120  stm32h7xx_hal_uart.o(i.HAL_UART_Init)
    HAL_UART_MspInit                         0x08005241   Thumb Code   160  usart.o(i.HAL_UART_MspInit)
    HAL_UART_Transmit                        0x080052ed   Thumb Code   194  stm32h7xx_hal_uart.o(i.HAL_UART_Transmit)
    HAL_UART_TxCpltCallback                  0x080053af   Thumb Code     2  stm32h7xx_hal_uart.o(i.HAL_UART_TxCpltCallback)
    HardFault_Handler                        0x080053b1   Thumb Code     4  stm32h7xx_it.o(i.HardFault_Handler)
    MX_FDCAN1_Init                           0x080053b5   Thumb Code   124  fdcan.o(i.MX_FDCAN1_Init)
    MX_GPIO_Init                             0x08005439   Thumb Code   158  gpio.o(i.MX_GPIO_Init)
    MX_TIM3_Init                             0x080054e1   Thumb Code   102  tim.o(i.MX_TIM3_Init)
    MX_TIM4_Init                             0x08005551   Thumb Code   102  tim.o(i.MX_TIM4_Init)
    MX_USART1_UART_Init                      0x080055c1   Thumb Code    98  usart.o(i.MX_USART1_UART_Init)
    MemManage_Handler                        0x0800562d   Thumb Code     4  stm32h7xx_it.o(i.MemManage_Handler)
    NMI_Handler                              0x08005631   Thumb Code     4  stm32h7xx_it.o(i.NMI_Handler)
    PendSV_Handler                           0x08005635   Thumb Code     2  stm32h7xx_it.o(i.PendSV_Handler)
    SVC_Handler                              0x08005901   Thumb Code     2  stm32h7xx_it.o(i.SVC_Handler)
    SysTick_Handler                          0x08005903   Thumb Code     8  stm32h7xx_it.o(i.SysTick_Handler)
    SystemClock_Config                       0x0800590d   Thumb Code   178  main.o(i.SystemClock_Config)
    SystemInit                               0x080059c5   Thumb Code   192  system_stm32h7xx.o(i.SystemInit)
    TIM3_IRQHandler                          0x08005aa5   Thumb Code    10  stm32h7xx_it.o(i.TIM3_IRQHandler)
    TIM4_IRQHandler                          0x08005ab5   Thumb Code    10  stm32h7xx_it.o(i.TIM4_IRQHandler)
    TIM_Base_SetConfig                       0x08005ac5   Thumb Code   198  stm32h7xx_hal_tim.o(i.TIM_Base_SetConfig)
    TIM_ETR_SetConfig                        0x08005bb5   Thumb Code    22  stm32h7xx_hal_tim.o(i.TIM_ETR_SetConfig)
    UART_AdvFeatureConfig                    0x08005c8d   Thumb Code   248  stm32h7xx_hal_uart.o(i.UART_AdvFeatureConfig)
    UART_CheckIdleState                      0x08005d85   Thumb Code   234  stm32h7xx_hal_uart.o(i.UART_CheckIdleState)
    UART_SetConfig                           0x08005f25   Thumb Code  1558  stm32h7xx_hal_uart.o(i.UART_SetConfig)
    UART_WaitOnFlagUntilTimeout              0x0800654d   Thumb Code   172  stm32h7xx_hal_uart.o(i.UART_WaitOnFlagUntilTimeout)
    USART1_IRQHandler                        0x080065f9   Thumb Code    10  stm32h7xx_it.o(i.USART1_IRQHandler)
    UsageFault_Handler                       0x08006609   Thumb Code     4  stm32h7xx_it.o(i.UsageFault_Handler)
    __0printf                                0x0800660d   Thumb Code    22  printfa.o(i.__0printf)
    __1printf                                0x0800660d   Thumb Code     0  printfa.o(i.__0printf)
    __2printf                                0x0800660d   Thumb Code     0  printfa.o(i.__0printf)
    __c89printf                              0x0800660d   Thumb Code     0  printfa.o(i.__0printf)
    printf                                   0x0800660d   Thumb Code     0  printfa.o(i.__0printf)
    __ARM_fpclassify                         0x0800662d   Thumb Code    48  fpclassify.o(i.__ARM_fpclassify)
    __hardfp_asin                            0x08006699   Thumb Code   432  asin.o(i.__hardfp_asin)
    __hardfp_atan                            0x080068a1   Thumb Code   402  atan.o(i.__hardfp_atan)
    __hardfp_atan2                           0x08006aa1   Thumb Code   380  atan2.o(i.__hardfp_atan2)
    __hardfp_cos                             0x08006c61   Thumb Code   158  cos.o(i.__hardfp_cos)
    __hardfp_sin                             0x08006d11   Thumb Code   158  sin.o(i.__hardfp_sin)
    __hardfp_sqrt                            0x08006dc1   Thumb Code   102  sqrt.o(i.__hardfp_sqrt)
    __ieee754_rem_pio2                       0x08006e29   Thumb Code   646  rred.o(i.__ieee754_rem_pio2)
    __kernel_cos                             0x08007139   Thumb Code   182  cos_i.o(i.__kernel_cos)
    __kernel_poly                            0x08007219   Thumb Code   112  poly.o(i.__kernel_poly)
    __kernel_sin                             0x08007289   Thumb Code   144  sin_i.o(i.__kernel_sin)
    __mathlib_dbl_infnan                     0x08007331   Thumb Code     6  dunder.o(i.__mathlib_dbl_infnan)
    __mathlib_dbl_infnan2                    0x08007337   Thumb Code     6  dunder.o(i.__mathlib_dbl_infnan2)
    __mathlib_dbl_invalid                    0x08007341   Thumb Code    10  dunder.o(i.__mathlib_dbl_invalid)
    __mathlib_dbl_underflow                  0x08007359   Thumb Code    10  dunder.o(i.__mathlib_dbl_underflow)
    __scatterload_copy                       0x08007371   Thumb Code    14  handlers.o(i.__scatterload_copy)
    __scatterload_null                       0x0800737f   Thumb Code     2  handlers.o(i.__scatterload_null)
    __scatterload_zeroinit                   0x08007381   Thumb Code    14  handlers.o(i.__scatterload_zeroinit)
    __set_errno                              0x08007391   Thumb Code     6  errno.o(i.__set_errno)
    atan                                     0x08007c4f   Thumb Code    16  atan.o(i.atan)
    bsp_can_init                             0x08007c61   Thumb Code    26  bsp_fdcan.o(i.bsp_can_init)
    bsp_fdcan_set_baud                       0x08007c85   Thumb Code   302  bsp_fdcan.o(i.bsp_fdcan_set_baud)
    can_filter_init                          0x08007ec9   Thumb Code    62  bsp_fdcan.o(i.can_filter_init)
    dm_motor_ctrl_send                       0x08007f0d   Thumb Code   162  dm_motor_drv.o(i.dm_motor_ctrl_send)
    dm_motor_fbdata                          0x08007faf   Thumb Code   182  dm_motor_drv.o(i.dm_motor_fbdata)
    dm_motor_init                            0x08008065   Thumb Code   148  dm_motor_ctrl.o(i.dm_motor_init)
    enable_motor_mode                        0x08008141   Thumb Code    66  dm_motor_drv.o(i.enable_motor_mode)
    fabs                                     0x08008183   Thumb Code    24  fabs.o(i.fabs)
    fdcan1_rx_callback                       0x0800819d   Thumb Code    92  dm_motor_ctrl.o(i.fdcan1_rx_callback)
    fdcanx_receive                           0x08008209   Thumb Code   118  bsp_fdcan.o(i.fdcanx_receive)
    fdcanx_send_data                         0x0800827f   Thumb Code   138  bsp_fdcan.o(i.fdcanx_send_data)
    float_to_uint                            0x08008309   Thumb Code    50  dm_motor_drv.o(i.float_to_uint)
    fputc                                    0x0800833d   Thumb Code    22  usart.o(i.fputc)
    ik_3rrs_no_yaw                           0x08008359   Thumb Code  1234  3rrs.o(i.ik_3rrs_no_yaw)
    main                                     0x0800882d   Thumb Code   740  main.o(i.main)
    mit_ctrl                                 0x08008b59   Thumb Code   274  dm_motor_drv.o(i.mit_ctrl)
    pos_ctrl                                 0x08008c75   Thumb Code    92  dm_motor_drv.o(i.pos_ctrl)
    psi_ctrl                                 0x08008cd1   Thumb Code   152  dm_motor_drv.o(i.psi_ctrl)
    read_all_motor_data                      0x08008d71   Thumb Code   520  dm_motor_ctrl.o(i.read_all_motor_data)
    read_motor_data                          0x08008f79   Thumb Code    48  dm_motor_drv.o(i.read_motor_data)
    receive_motor_data                       0x08008fb1   Thumb Code   880  dm_motor_ctrl.o(i.receive_motor_data)
    spd_ctrl                                 0x080094c9   Thumb Code    60  dm_motor_drv.o(i.spd_ctrl)
    sqrt                                     0x08009505   Thumb Code   106  sqrt.o(i.sqrt)
    uint_to_float                            0x0800956f   Thumb Code    52  dm_motor_drv.o(i.uint_to_float)
    UARTPrescTable                           0x0800967c   Data          24  stm32h7xx_hal_uart.o(.constdata)
    D1CorePrescTable                         0x080096a4   Data          16  system_stm32h7xx.o(.constdata)
    __mathlib_zero                           0x080097d0   Data           8  qnan.o(.constdata)
    Region$$Table$$Base                      0x080098c8   Number         0  anon$$obj.o(Region$$Table)
    Region$$Table$$Limit                     0x080098e8   Number         0  anon$$obj.o(Region$$Table)
    uwTick                                   0x24000000   Data           4  stm32h7xx_hal.o(.data)
    uwTickPrio                               0x24000004   Data           4  stm32h7xx_hal.o(.data)
    uwTickFreq                               0x24000008   Data           1  stm32h7xx_hal.o(.data)
    SystemCoreClock                          0x2400000c   Data           4  system_stm32h7xx.o(.data)
    SystemD2Clock                            0x24000010   Data           4  system_stm32h7xx.o(.data)
    __stdout                                 0x24000014   Data           4  stdout.o(.data)
    hfdcan1                                  0x2400001c   Data         160  fdcan.o(.bss)
    htim3                                    0x240000bc   Data          76  tim.o(.bss)
    htim4                                    0x24000108   Data          76  tim.o(.bss)
    huart1                                   0x24000154   Data         148  usart.o(.bss)
    motor                                    0x240001e8   Data        2720  dm_motor_ctrl.o(.bss)
    __initial_sp                             0x24001088   Data           0  startup_stm32h723xx.o(STACK)



==============================================================================

Memory Map of the image

  Image Entry point : 0x080002cd

  Load Region LR_IROM1 (Base: 0x08000000, Size: 0x00009904, Max: 0x00100000, ABSOLUTE)

    Execution Region ER_IROM1 (Exec base: 0x08000000, Load base: 0x08000000, Size: 0x000098e8, Max: 0x00100000, ABSOLUTE)

    Exec Addr    Load Addr    Size         Type   Attr      Idx    E Section Name        Object

    0x08000000   0x08000000   0x000002cc   Data   RO            3    RESET               startup_stm32h723xx.o
    0x080002cc   0x080002cc   0x00000000   Code   RO         5685  * .ARM.Collect$$$$00000000  mc_w.l(entry.o)
    0x080002cc   0x080002cc   0x00000004   Code   RO         6010    .ARM.Collect$$$$00000001  mc_w.l(entry2.o)
    0x080002d0   0x080002d0   0x00000004   Code   RO         6013    .ARM.Collect$$$$00000004  mc_w.l(entry5.o)
    0x080002d4   0x080002d4   0x00000000   Code   RO         6015    .ARM.Collect$$$$00000008  mc_w.l(entry7b.o)
    0x080002d4   0x080002d4   0x00000000   Code   RO         6017    .ARM.Collect$$$$0000000A  mc_w.l(entry8b.o)
    0x080002d4   0x080002d4   0x00000008   Code   RO         6018    .ARM.Collect$$$$0000000B  mc_w.l(entry9a.o)
    0x080002dc   0x080002dc   0x00000000   Code   RO         6020    .ARM.Collect$$$$0000000D  mc_w.l(entry10a.o)
    0x080002dc   0x080002dc   0x00000000   Code   RO         6022    .ARM.Collect$$$$0000000F  mc_w.l(entry11a.o)
    0x080002dc   0x080002dc   0x00000004   Code   RO         6011    .ARM.Collect$$$$00002712  mc_w.l(entry2.o)
    0x080002e0   0x080002e0   0x00000024   Code   RO            4    .text               startup_stm32h723xx.o
    0x08000304   0x08000304   0x00000062   Code   RO         5688    .text               mc_w.l(uldiv.o)
    0x08000366   0x08000366   0x00000024   Code   RO         5690    .text               mc_w.l(memcpya.o)
    0x0800038a   0x0800038a   0x00000024   Code   RO         5692    .text               mc_w.l(memseta.o)
    0x080003ae   0x080003ae   0x0000002c   Code   RO         6025    .text               mc_w.l(uidiv.o)
    0x080003da   0x080003da   0x0000001e   Code   RO         6027    .text               mc_w.l(llshl.o)
    0x080003f8   0x080003f8   0x00000020   Code   RO         6029    .text               mc_w.l(llushr.o)
    0x08000418   0x08000418   0x00000000   Code   RO         6038    .text               mc_w.l(iusefp.o)
    0x08000418   0x08000418   0x0000014e   Code   RO         6039    .text               mf_w.l(dadd.o)
    0x08000566   0x08000566   0x000000e4   Code   RO         6041    .text               mf_w.l(dmul.o)
    0x0800064a   0x0800064a   0x000000de   Code   RO         6043    .text               mf_w.l(ddiv.o)
    0x08000728   0x08000728   0x00000030   Code   RO         6045    .text               mf_w.l(dfixul.o)
    0x08000758   0x08000758   0x00000030   Code   RO         6047    .text               mf_w.l(cdrcmple.o)
    0x08000788   0x08000788   0x00000024   Code   RO         6049    .text               mc_w.l(init.o)
    0x080007ac   0x080007ac   0x00000024   Code   RO         6051    .text               mc_w.l(llsshr.o)
    0x080007d0   0x080007d0   0x000000ba   Code   RO         6053    .text               mf_w.l(depilogue.o)
    0x0800088a   0x0800088a   0x00000004   Code   RO          371    i.BusFault_Handler  stm32h7xx_it.o
    0x0800088e   0x0800088e   0x00000002   Code   RO          372    i.DebugMon_Handler  stm32h7xx_it.o
    0x08000890   0x08000890   0x00000006   Code   RO           13    i.Error_Handler     main.o
    0x08000896   0x08000896   0x00000002   PAD
    0x08000898   0x08000898   0x00000010   Code   RO          373    i.FDCAN1_IT0_IRQHandler  stm32h7xx_it.o
    0x080008a8   0x080008a8   0x00000010   Code   RO          374    i.FDCAN1_IT1_IRQHandler  stm32h7xx_it.o
    0x080008b8   0x080008b8   0x00000010   Code   RO          375    i.FDCAN_CAL_IRQHandler  stm32h7xx_it.o
    0x080008c8   0x080008c8   0x00000220   Code   RO         3026    i.FDCAN_CalcultateRamBlockAddresses  stm32h7xx_hal_fdcan.o
    0x08000ae8   0x08000ae8   0x000000d0   Code   RO         3027    i.FDCAN_CopyMessageToRAM  stm32h7xx_hal_fdcan.o
    0x08000bb8   0x08000bb8   0x000004dc   Code   RO         1390    i.HAL_DMA_Abort     stm32h7xx_hal_dma.o
    0x08001094   0x08001094   0x00000398   Code   RO         1391    i.HAL_DMA_Abort_IT  stm32h7xx_hal_dma.o
    0x0800142c   0x0800142c   0x00000028   Code   RO         2087    i.HAL_Delay         stm32h7xx_hal.o
    0x08001454   0x08001454   0x000000a8   Code   RO         3029    i.HAL_FDCAN_ActivateNotification  stm32h7xx_hal_fdcan.o
    0x080014fc   0x080014fc   0x00000090   Code   RO         3031    i.HAL_FDCAN_AddMessageToTxFifoQ  stm32h7xx_hal_fdcan.o
    0x0800158c   0x0800158c   0x00000002   Code   RO         3032    i.HAL_FDCAN_ClockCalibrationCallback  stm32h7xx_hal_fdcan.o
    0x0800158e   0x0800158e   0x0000006c   Code   RO         3035    i.HAL_FDCAN_ConfigFifoWatermark  stm32h7xx_hal_fdcan.o
    0x080015fa   0x080015fa   0x000000a8   Code   RO         3036    i.HAL_FDCAN_ConfigFilter  stm32h7xx_hal_fdcan.o
    0x080016a2   0x080016a2   0x00000034   Code   RO         3037    i.HAL_FDCAN_ConfigGlobalFilter  stm32h7xx_hal_fdcan.o
    0x080016d6   0x080016d6   0x00000030   Code   RO         3044    i.HAL_FDCAN_DeInit  stm32h7xx_hal_fdcan.o
    0x08001706   0x08001706   0x00000002   Code   RO         3058    i.HAL_FDCAN_ErrorCallback  stm32h7xx_hal_fdcan.o
    0x08001708   0x08001708   0x00000014   Code   RO         5300    i.HAL_FDCAN_ErrorStatusCallback  bsp_fdcan.o
    0x0800171c   0x0800171c   0x000001f4   Code   RO         3070    i.HAL_FDCAN_GetRxMessage  stm32h7xx_hal_fdcan.o
    0x08001910   0x08001910   0x00000002   Code   RO         3076    i.HAL_FDCAN_HighPriorityMessageCallback  stm32h7xx_hal_fdcan.o
    0x08001912   0x08001912   0x00000002   PAD
    0x08001914   0x08001914   0x000003d4   Code   RO         3077    i.HAL_FDCAN_IRQHandler  stm32h7xx_hal_fdcan.o
    0x08001ce8   0x08001ce8   0x000002e0   Code   RO         3078    i.HAL_FDCAN_Init    stm32h7xx_hal_fdcan.o
    0x08001fc8   0x08001fc8   0x00000040   Code   RO          229    i.HAL_FDCAN_MspDeInit  fdcan.o
    0x08002008   0x08002008   0x000000d0   Code   RO          230    i.HAL_FDCAN_MspInit  fdcan.o
    0x080020d8   0x080020d8   0x00000002   Code   RO         3087    i.HAL_FDCAN_RxBufferNewMessageCallback  stm32h7xx_hal_fdcan.o
    0x080020da   0x080020da   0x00000002   PAD
    0x080020dc   0x080020dc   0x00000018   Code   RO         5301    i.HAL_FDCAN_RxFifo0Callback  bsp_fdcan.o
    0x080020f4   0x080020f4   0x00000002   Code   RO         3089    i.HAL_FDCAN_RxFifo1Callback  stm32h7xx_hal_fdcan.o
    0x080020f6   0x080020f6   0x00000034   Code   RO         3090    i.HAL_FDCAN_Start   stm32h7xx_hal_fdcan.o
    0x0800212a   0x0800212a   0x000000a2   Code   RO         3091    i.HAL_FDCAN_Stop    stm32h7xx_hal_fdcan.o
    0x080021cc   0x080021cc   0x00000002   Code   RO         3112    i.HAL_FDCAN_TT_GlobalTimeCallback  stm32h7xx_hal_fdcan.o
    0x080021ce   0x080021ce   0x00000002   Code   RO         3113    i.HAL_FDCAN_TT_ScheduleSyncCallback  stm32h7xx_hal_fdcan.o
    0x080021d0   0x080021d0   0x00000002   Code   RO         3118    i.HAL_FDCAN_TT_StopWatchCallback  stm32h7xx_hal_fdcan.o
    0x080021d2   0x080021d2   0x00000002   Code   RO         3119    i.HAL_FDCAN_TT_TimeMarkCallback  stm32h7xx_hal_fdcan.o
    0x080021d4   0x080021d4   0x00000002   Code   RO         3120    i.HAL_FDCAN_TimeoutOccurredCallback  stm32h7xx_hal_fdcan.o
    0x080021d6   0x080021d6   0x00000002   Code   RO         3121    i.HAL_FDCAN_TimestampWraparoundCallback  stm32h7xx_hal_fdcan.o
    0x080021d8   0x080021d8   0x00000002   Code   RO         3122    i.HAL_FDCAN_TxBufferAbortCallback  stm32h7xx_hal_fdcan.o
    0x080021da   0x080021da   0x00000002   Code   RO         3123    i.HAL_FDCAN_TxBufferCompleteCallback  stm32h7xx_hal_fdcan.o
    0x080021dc   0x080021dc   0x00000002   Code   RO         3124    i.HAL_FDCAN_TxEventFifoCallback  stm32h7xx_hal_fdcan.o
    0x080021de   0x080021de   0x00000002   Code   RO         3125    i.HAL_FDCAN_TxFifoEmptyCallback  stm32h7xx_hal_fdcan.o
    0x080021e0   0x080021e0   0x0000016c   Code   RO         1235    i.HAL_GPIO_DeInit   stm32h7xx_hal_gpio.o
    0x0800234c   0x0800234c   0x000001f0   Code   RO         1238    i.HAL_GPIO_Init     stm32h7xx_hal_gpio.o
    0x0800253c   0x0800253c   0x0000000c   Code   RO         1242    i.HAL_GPIO_WritePin  stm32h7xx_hal_gpio.o
    0x08002548   0x08002548   0x0000000c   Code   RO         2103    i.HAL_GetTick       stm32h7xx_hal.o
    0x08002554   0x08002554   0x00000018   Code   RO         2109    i.HAL_IncTick       stm32h7xx_hal.o
    0x0800256c   0x0800256c   0x00000060   Code   RO         2110    i.HAL_Init          stm32h7xx_hal.o
    0x080025cc   0x080025cc   0x00000058   Code   RO         2111    i.HAL_InitTick      stm32h7xx_hal.o
    0x08002624   0x08002624   0x00000024   Code   RO          483    i.HAL_MspInit       stm32h7xx_hal_msp.o
    0x08002648   0x08002648   0x00000044   Code   RO          514    i.HAL_NVIC_DisableIRQ  stm32h7xx_hal_cortex.o
    0x0800268c   0x0800268c   0x00000028   Code   RO          515    i.HAL_NVIC_EnableIRQ  stm32h7xx_hal_cortex.o
    0x080026b4   0x080026b4   0x0000007a   Code   RO          521    i.HAL_NVIC_SetPriority  stm32h7xx_hal_cortex.o
    0x0800272e   0x0800272e   0x00000002   PAD
    0x08002730   0x08002730   0x00000028   Code   RO          522    i.HAL_NVIC_SetPriorityGrouping  stm32h7xx_hal_cortex.o
    0x08002758   0x08002758   0x00000060   Code   RO         1839    i.HAL_PWREx_ConfigSupply  stm32h7xx_hal_pwr_ex.o
    0x080027b8   0x080027b8   0x00000024   Code   RO          781    i.HAL_RCCEx_GetD3PCLK1Freq  stm32h7xx_hal_rcc_ex.o
    0x080027dc   0x080027dc   0x00000230   Code   RO          783    i.HAL_RCCEx_GetPLL2ClockFreq  stm32h7xx_hal_rcc_ex.o
    0x08002a0c   0x08002a0c   0x00000230   Code   RO          784    i.HAL_RCCEx_GetPLL3ClockFreq  stm32h7xx_hal_rcc_ex.o
    0x08002c3c   0x08002c3c   0x00000cc8   Code   RO          790    i.HAL_RCCEx_PeriphCLKConfig  stm32h7xx_hal_rcc_ex.o
    0x08003904   0x08003904   0x00000320   Code   RO          666    i.HAL_RCC_ClockConfig  stm32h7xx_hal_rcc.o
    0x08003c24   0x08003c24   0x0000004c   Code   RO          671    i.HAL_RCC_GetHCLKFreq  stm32h7xx_hal_rcc.o
    0x08003c70   0x08003c70   0x00000024   Code   RO          673    i.HAL_RCC_GetPCLK1Freq  stm32h7xx_hal_rcc.o
    0x08003c94   0x08003c94   0x00000024   Code   RO          674    i.HAL_RCC_GetPCLK2Freq  stm32h7xx_hal_rcc.o
    0x08003cb8   0x08003cb8   0x0000022c   Code   RO          675    i.HAL_RCC_GetSysClockFreq  stm32h7xx_hal_rcc.o
    0x08003ee4   0x08003ee4   0x0000075c   Code   RO          678    i.HAL_RCC_OscConfig  stm32h7xx_hal_rcc.o
    0x08004640   0x08004640   0x00000034   Code   RO          526    i.HAL_SYSTICK_Config  stm32h7xx_hal_cortex.o
    0x08004674   0x08004674   0x00000002   Code   RO         4371    i.HAL_TIMEx_Break2Callback  stm32h7xx_hal_tim_ex.o
    0x08004676   0x08004676   0x00000002   Code   RO         4372    i.HAL_TIMEx_BreakCallback  stm32h7xx_hal_tim_ex.o
    0x08004678   0x08004678   0x00000002   Code   RO         4373    i.HAL_TIMEx_CommutCallback  stm32h7xx_hal_tim_ex.o
    0x0800467a   0x0800467a   0x00000002   PAD
    0x0800467c   0x0800467c   0x000000e4   Code   RO         4394    i.HAL_TIMEx_MasterConfigSynchronization  stm32h7xx_hal_tim_ex.o
    0x08004760   0x08004760   0x0000006e   Code   RO         3646    i.HAL_TIM_Base_Init  stm32h7xx_hal_tim.o
    0x080047ce   0x080047ce   0x00000002   PAD
    0x080047d0   0x080047d0   0x0000007c   Code   RO          272    i.HAL_TIM_Base_MspInit  tim.o
    0x0800484c   0x0800484c   0x000000cc   Code   RO         3651    i.HAL_TIM_Base_Start_IT  stm32h7xx_hal_tim.o
    0x08004918   0x08004918   0x00000134   Code   RO         3655    i.HAL_TIM_ConfigClockSource  stm32h7xx_hal_tim.o
    0x08004a4c   0x08004a4c   0x00000002   Code   RO         3680    i.HAL_TIM_IC_CaptureCallback  stm32h7xx_hal_tim.o
    0x08004a4e   0x08004a4e   0x00000198   Code   RO         3694    i.HAL_TIM_IRQHandler  stm32h7xx_hal_tim.o
    0x08004be6   0x08004be6   0x00000002   Code   RO         3697    i.HAL_TIM_OC_DelayElapsedCallback  stm32h7xx_hal_tim.o
    0x08004be8   0x08004be8   0x00000002   Code   RO         3724    i.HAL_TIM_PWM_PulseFinishedCallback  stm32h7xx_hal_tim.o
    0x08004bea   0x08004bea   0x00000002   PAD
    0x08004bec   0x08004bec   0x00000030   Code   RO           14    i.HAL_TIM_PeriodElapsedCallback  main.o
    0x08004c1c   0x08004c1c   0x00000002   Code   RO         3737    i.HAL_TIM_TriggerCallback  stm32h7xx_hal_tim.o
    0x08004c1e   0x08004c1e   0x0000004e   Code   RO         5099    i.HAL_UARTEx_DisableFifoMode  stm32h7xx_hal_uart_ex.o
    0x08004c6c   0x08004c6c   0x00000002   Code   RO         4683    i.HAL_UARTEx_RxEventCallback  stm32h7xx_hal_uart.o
    0x08004c6e   0x08004c6e   0x00000002   Code   RO         5107    i.HAL_UARTEx_RxFifoFullCallback  stm32h7xx_hal_uart_ex.o
    0x08004c70   0x08004c70   0x0000005e   Code   RO         5108    i.HAL_UARTEx_SetRxFifoThreshold  stm32h7xx_hal_uart_ex.o
    0x08004cce   0x08004cce   0x0000005e   Code   RO         5109    i.HAL_UARTEx_SetTxFifoThreshold  stm32h7xx_hal_uart_ex.o
    0x08004d2c   0x08004d2c   0x00000002   Code   RO         5111    i.HAL_UARTEx_TxFifoEmptyCallback  stm32h7xx_hal_uart_ex.o
    0x08004d2e   0x08004d2e   0x00000002   Code   RO         5112    i.HAL_UARTEx_WakeupCallback  stm32h7xx_hal_uart_ex.o
    0x08004d30   0x08004d30   0x00000002   Code   RO         4699    i.HAL_UART_ErrorCallback  stm32h7xx_hal_uart.o
    0x08004d32   0x08004d32   0x00000002   PAD
    0x08004d34   0x08004d34   0x00000494   Code   RO         4702    i.HAL_UART_IRQHandler  stm32h7xx_hal_uart.o
    0x080051c8   0x080051c8   0x00000078   Code   RO         4703    i.HAL_UART_Init     stm32h7xx_hal_uart.o
    0x08005240   0x08005240   0x000000ac   Code   RO          320    i.HAL_UART_MspInit  usart.o
    0x080052ec   0x080052ec   0x000000c2   Code   RO         4712    i.HAL_UART_Transmit  stm32h7xx_hal_uart.o
    0x080053ae   0x080053ae   0x00000002   Code   RO         4715    i.HAL_UART_TxCpltCallback  stm32h7xx_hal_uart.o
    0x080053b0   0x080053b0   0x00000004   Code   RO          376    i.HardFault_Handler  stm32h7xx_it.o
    0x080053b4   0x080053b4   0x00000084   Code   RO          231    i.MX_FDCAN1_Init    fdcan.o
    0x08005438   0x08005438   0x000000a8   Code   RO          205    i.MX_GPIO_Init      gpio.o
    0x080054e0   0x080054e0   0x00000070   Code   RO          273    i.MX_TIM3_Init      tim.o
    0x08005550   0x08005550   0x00000070   Code   RO          274    i.MX_TIM4_Init      tim.o
    0x080055c0   0x080055c0   0x0000006c   Code   RO          321    i.MX_USART1_UART_Init  usart.o
    0x0800562c   0x0800562c   0x00000004   Code   RO          377    i.MemManage_Handler  stm32h7xx_it.o
    0x08005630   0x08005630   0x00000004   Code   RO          378    i.NMI_Handler       stm32h7xx_it.o
    0x08005634   0x08005634   0x00000002   Code   RO          379    i.PendSV_Handler    stm32h7xx_it.o
    0x08005636   0x08005636   0x00000002   PAD
    0x08005638   0x08005638   0x00000164   Code   RO          793    i.RCCEx_PLL2_Config  stm32h7xx_hal_rcc_ex.o
    0x0800579c   0x0800579c   0x00000164   Code   RO          794    i.RCCEx_PLL3_Config  stm32h7xx_hal_rcc_ex.o
    0x08005900   0x08005900   0x00000002   Code   RO          380    i.SVC_Handler       stm32h7xx_it.o
    0x08005902   0x08005902   0x00000008   Code   RO          381    i.SysTick_Handler   stm32h7xx_it.o
    0x0800590a   0x0800590a   0x00000002   PAD
    0x0800590c   0x0800590c   0x000000b8   Code   RO           15    i.SystemClock_Config  main.o
    0x080059c4   0x080059c4   0x000000e0   Code   RO         5223    i.SystemInit        system_stm32h7xx.o
    0x08005aa4   0x08005aa4   0x00000010   Code   RO          382    i.TIM3_IRQHandler   stm32h7xx_it.o
    0x08005ab4   0x08005ab4   0x00000010   Code   RO          383    i.TIM4_IRQHandler   stm32h7xx_it.o
    0x08005ac4   0x08005ac4   0x000000f0   Code   RO         3739    i.TIM_Base_SetConfig  stm32h7xx_hal_tim.o
    0x08005bb4   0x08005bb4   0x00000016   Code   RO         3750    i.TIM_ETR_SetConfig  stm32h7xx_hal_tim.o
    0x08005bca   0x08005bca   0x00000002   PAD
    0x08005bcc   0x08005bcc   0x00000018   Code   RO         3751    i.TIM_ITRx_SetConfig  stm32h7xx_hal_tim.o
    0x08005be4   0x08005be4   0x00000026   Code   RO         3759    i.TIM_TI1_ConfigInputStage  stm32h7xx_hal_tim.o
    0x08005c0a   0x08005c0a   0x00000028   Code   RO         3761    i.TIM_TI2_ConfigInputStage  stm32h7xx_hal_tim.o
    0x08005c32   0x08005c32   0x00000002   PAD
    0x08005c34   0x08005c34   0x00000058   Code   RO         5113    i.UARTEx_SetNbDataToProcess  stm32h7xx_hal_uart_ex.o
    0x08005c8c   0x08005c8c   0x000000f8   Code   RO         4717    i.UART_AdvFeatureConfig  stm32h7xx_hal_uart.o
    0x08005d84   0x08005d84   0x000000ea   Code   RO         4718    i.UART_CheckIdleState  stm32h7xx_hal_uart.o
    0x08005e6e   0x08005e6e   0x00000018   Code   RO         4719    i.UART_DMAAbortOnError  stm32h7xx_hal_uart.o
    0x08005e86   0x08005e86   0x00000002   PAD
    0x08005e88   0x08005e88   0x0000006c   Code   RO         4729    i.UART_EndRxTransfer  stm32h7xx_hal_uart.o
    0x08005ef4   0x08005ef4   0x00000030   Code   RO         4730    i.UART_EndTransmit_IT  stm32h7xx_hal_uart.o
    0x08005f24   0x08005f24   0x00000628   Code   RO         4736    i.UART_SetConfig    stm32h7xx_hal_uart.o
    0x0800654c   0x0800654c   0x000000ac   Code   RO         4743    i.UART_WaitOnFlagUntilTimeout  stm32h7xx_hal_uart.o
    0x080065f8   0x080065f8   0x00000010   Code   RO          384    i.USART1_IRQHandler  stm32h7xx_it.o
    0x08006608   0x08006608   0x00000004   Code   RO          385    i.UsageFault_Handler  stm32h7xx_it.o
    0x0800660c   0x0800660c   0x00000020   Code   RO         5929    i.__0printf         mc_w.l(printfa.o)
    0x0800662c   0x0800662c   0x00000030   Code   RO         5994    i.__ARM_fpclassify  m_wv.l(fpclassify.o)
    0x0800665c   0x0800665c   0x00000010   Code   RO          528    i.__NVIC_GetPriorityGrouping  stm32h7xx_hal_cortex.o
    0x0800666c   0x0800666c   0x00000028   Code   RO          529    i.__NVIC_SetPriority  stm32h7xx_hal_cortex.o
    0x08006694   0x08006694   0x00000004   PAD
    0x08006698   0x08006698   0x00000208   Code   RO         5623    i.__hardfp_asin     m_wv.l(asin.o)
    0x080068a0   0x080068a0   0x00000200   Code   RO         5957    i.__hardfp_atan     m_wv.l(atan.o)
    0x08006aa0   0x08006aa0   0x000001c0   Code   RO         5637    i.__hardfp_atan2    m_wv.l(atan2.o)
    0x08006c60   0x08006c60   0x000000b0   Code   RO         5649    i.__hardfp_cos      m_wv.l(cos.o)
    0x08006d10   0x08006d10   0x000000b0   Code   RO         5661    i.__hardfp_sin      m_wv.l(sin.o)
    0x08006dc0   0x08006dc0   0x00000066   Code   RO         5673    i.__hardfp_sqrt     m_wv.l(sqrt.o)
    0x08006e26   0x08006e26   0x00000002   PAD
    0x08006e28   0x08006e28   0x00000310   Code   RO         5999    i.__ieee754_rem_pio2  m_wv.l(rred.o)
    0x08007138   0x08007138   0x000000e0   Code   RO         5971    i.__kernel_cos      m_wv.l(cos_i.o)
    0x08007218   0x08007218   0x00000070   Code   RO         5996    i.__kernel_poly     m_wv.l(poly.o)
    0x08007288   0x08007288   0x000000a8   Code   RO         6004    i.__kernel_sin      m_wv.l(sin_i.o)
    0x08007330   0x08007330   0x00000006   Code   RO         5975    i.__mathlib_dbl_infnan  m_wv.l(dunder.o)
    0x08007336   0x08007336   0x00000006   Code   RO         5976    i.__mathlib_dbl_infnan2  m_wv.l(dunder.o)
    0x0800733c   0x0800733c   0x00000004   PAD
    0x08007340   0x08007340   0x00000018   Code   RO         5977    i.__mathlib_dbl_invalid  m_wv.l(dunder.o)
    0x08007358   0x08007358   0x00000018   Code   RO         5980    i.__mathlib_dbl_underflow  m_wv.l(dunder.o)
    0x08007370   0x08007370   0x0000000e   Code   RO         6057    i.__scatterload_copy  mc_w.l(handlers.o)
    0x0800737e   0x0800737e   0x00000002   Code   RO         6058    i.__scatterload_null  mc_w.l(handlers.o)
    0x08007380   0x08007380   0x0000000e   Code   RO         6059    i.__scatterload_zeroinit  mc_w.l(handlers.o)
    0x0800738e   0x0800738e   0x00000002   PAD
    0x08007390   0x08007390   0x0000000c   Code   RO         6033    i.__set_errno       mc_w.l(errno.o)
    0x0800739c   0x0800739c   0x00000184   Code   RO         5936    i._fp_digits        mc_w.l(printfa.o)
    0x08007520   0x08007520   0x000006dc   Code   RO         5937    i._printf_core      mc_w.l(printfa.o)
    0x08007bfc   0x08007bfc   0x00000024   Code   RO         5938    i._printf_post_padding  mc_w.l(printfa.o)
    0x08007c20   0x08007c20   0x0000002e   Code   RO         5939    i._printf_pre_padding  mc_w.l(printfa.o)
    0x08007c4e   0x08007c4e   0x00000010   Code   RO         5959    i.atan              m_wv.l(atan.o)
    0x08007c5e   0x08007c5e   0x00000002   PAD
    0x08007c60   0x08007c60   0x00000024   Code   RO         5302    i.bsp_can_init      bsp_fdcan.o
    0x08007c84   0x08007c84   0x0000012e   Code   RO         5303    i.bsp_fdcan_set_baud  bsp_fdcan.o
    0x08007db2   0x08007db2   0x00000002   PAD
    0x08007db4   0x08007db4   0x00000114   Code   RO         5565    i.build_geometry    3rrs.o
    0x08007ec8   0x08007ec8   0x00000044   Code   RO         5304    i.can_filter_init   bsp_fdcan.o
    0x08007f0c   0x08007f0c   0x000000a2   Code   RO         5431    i.dm_motor_ctrl_send  dm_motor_drv.o
    0x08007fae   0x08007fae   0x000000b6   Code   RO         5434    i.dm_motor_fbdata   dm_motor_drv.o
    0x08008064   0x08008064   0x000000b0   Code   RO         5369    i.dm_motor_init     dm_motor_ctrl.o
    0x08008114   0x08008114   0x0000002c   Code   RO         5566    i.dot               3rrs.o
    0x08008140   0x08008140   0x00000042   Code   RO         5435    i.enable_motor_mode  dm_motor_drv.o
    0x08008182   0x08008182   0x00000018   Code   RO         5990    i.fabs              m_wv.l(fabs.o)
    0x0800819a   0x0800819a   0x00000002   PAD
    0x0800819c   0x0800819c   0x0000006c   Code   RO         5370    i.fdcan1_rx_callback  dm_motor_ctrl.o
    0x08008208   0x08008208   0x00000076   Code   RO         5306    i.fdcanx_receive    bsp_fdcan.o
    0x0800827e   0x0800827e   0x0000008a   Code   RO         5307    i.fdcanx_send_data  bsp_fdcan.o
    0x08008308   0x08008308   0x00000032   Code   RO         5436    i.float_to_uint     dm_motor_drv.o
    0x0800833a   0x0800833a   0x00000002   PAD
    0x0800833c   0x0800833c   0x0000001c   Code   RO          322    i.fputc             usart.o
    0x08008358   0x08008358   0x000004d2   Code   RO         5567    i.ik_3rrs_no_yaw    3rrs.o
    0x0800882a   0x0800882a   0x00000002   PAD
    0x0800882c   0x0800882c   0x0000032c   Code   RO           16    i.main              main.o
    0x08008b58   0x08008b58   0x0000011c   Code   RO         5437    i.mit_ctrl          dm_motor_drv.o
    0x08008c74   0x08008c74   0x0000005c   Code   RO         5438    i.pos_ctrl          dm_motor_drv.o
    0x08008cd0   0x08008cd0   0x000000a0   Code   RO         5439    i.psi_ctrl          dm_motor_drv.o
    0x08008d70   0x08008d70   0x00000208   Code   RO         5371    i.read_all_motor_data  dm_motor_ctrl.o
    0x08008f78   0x08008f78   0x00000038   Code   RO         5441    i.read_motor_data   dm_motor_drv.o
    0x08008fb0   0x08008fb0   0x00000370   Code   RO         5372    i.receive_motor_data  dm_motor_ctrl.o
    0x08009320   0x08009320   0x000000de   Code   RO         5568    i.rotate_no_yaw     3rrs.o
    0x080093fe   0x080093fe   0x00000002   PAD
    0x08009400   0x08009400   0x000000c8   Code   RO         5569    i.solve_trig_linear  3rrs.o
    0x080094c8   0x080094c8   0x0000003c   Code   RO         5444    i.spd_ctrl          dm_motor_drv.o
    0x08009504   0x08009504   0x0000006a   Code   RO         5675    i.sqrt              m_wv.l(sqrt.o)
    0x0800956e   0x0800956e   0x00000034   Code   RO         5445    i.uint_to_float     dm_motor_drv.o
    0x080095a2   0x080095a2   0x0000002a   Code   RO         5570    i.v3                3rrs.o
    0x080095cc   0x080095cc   0x00000054   Code   RO         5571    i.wrap_pi           3rrs.o
    0x08009620   0x08009620   0x0000005c   Data   RO         3126    .constdata          stm32h7xx_hal_fdcan.o
    0x0800967c   0x0800967c   0x00000018   Data   RO         4744    .constdata          stm32h7xx_hal_uart.o
    0x08009694   0x08009694   0x00000010   Data   RO         5115    .constdata          stm32h7xx_hal_uart_ex.o
    0x080096a4   0x080096a4   0x00000010   Data   RO         5224    .constdata          system_stm32h7xx.o
    0x080096b4   0x080096b4   0x00000004   PAD
    0x080096b8   0x080096b8   0x00000050   Data   RO         5626    .constdata          m_wv.l(asin.o)
    0x08009708   0x08009708   0x00000098   Data   RO         5960    .constdata          m_wv.l(atan.o)
    0x080097a0   0x080097a0   0x00000030   Data   RO         5972    .constdata          m_wv.l(cos_i.o)
    0x080097d0   0x080097d0   0x00000008   Data   RO         5998    .constdata          m_wv.l(qnan.o)
    0x080097d8   0x080097d8   0x000000c8   Data   RO         6001    .constdata          m_wv.l(rred.o)
    0x080098a0   0x080098a0   0x00000028   Data   RO         6005    .constdata          m_wv.l(sin_i.o)
    0x080098c8   0x080098c8   0x00000020   Data   RO         6055    Region$$Table       anon$$obj.o


    Execution Region RW_IRAM1 (Exec base: 0x20000000, Load base: 0x080098e8, Size: 0x00000000, Max: 0x00020000, ABSOLUTE)

    **** No section assigned to this execution region ****


    Execution Region RW_IRAM2 (Exec base: 0x24000000, Load base: 0x080098e8, Size: 0x00001088, Max: 0x00050000, ABSOLUTE)

    Exec Addr    Load Addr    Size         Type   Attr      Idx    E Section Name        Object

    0x24000000   0x080098e8   0x00000009   Data   RW         2134    .data               stm32h7xx_hal.o
    0x24000009   0x080098f1   0x00000003   PAD
    0x2400000c   0x080098f4   0x00000008   Data   RW         5225    .data               system_stm32h7xx.o
    0x24000014   0x080098fc   0x00000004   Data   RW         6024    .data               mc_w.l(stdout.o)
    0x24000018   0x08009900   0x00000004   Data   RW         6034    .data               mc_w.l(errno.o)
    0x2400001c        -       0x000000a0   Zero   RW          232    .bss                fdcan.o
    0x240000bc        -       0x00000098   Zero   RW          275    .bss                tim.o
    0x24000154        -       0x00000094   Zero   RW          323    .bss                usart.o
    0x240001e8        -       0x00000aa0   Zero   RW         5373    .bss                dm_motor_ctrl.o
    0x24000c88        -       0x00000400   Zero   RW            1    STACK               startup_stm32h723xx.o


==============================================================================

Image component sizes


      Code (inc. data)   RO Data    RW Data    ZI Data      Debug   Object Name

      2102        142          0          0          0       7809   3rrs.o
       706         34          0          0          0       5606   bsp_fdcan.o
      1684        172          0          0       2720       6747   dm_motor_ctrl.o
      1164         26          0          0          0       8141   dm_motor_drv.o
       404         34          0          0        160       2561   fdcan.o
       168         10          0          0          0       1087   gpio.o
      1050         90          0          0          0    1209828   main.o
        36          8        716          0       1024        832   startup_stm32h723xx.o
       260         48          0          9          0      23709   stm32h7xx_hal.o
       378         28          0          0          0      40861   stm32h7xx_hal_cortex.o
      2164         34          0          0          0       4439   stm32h7xx_hal_dma.o
      3900         54         92          0          0      25108   stm32h7xx_hal_fdcan.o
       872         96          0          0          0       3134   stm32h7xx_hal_gpio.o
        36          4          0          0          0        946   stm32h7xx_hal_msp.o
        96          6          0          0          0        781   stm32h7xx_hal_pwr_ex.o
      3388        110          0          0          0       6972   stm32h7xx_hal_rcc.o
      5140        112          0          0          0       7373   stm32h7xx_hal_rcc_ex.o
      1402        102          0          0          0      10107   stm32h7xx_hal_tim.o
       234         38          0          0          0       3332   stm32h7xx_hal_tim_ex.o
      3902        154         24          0          0      31824   stm32h7xx_hal_uart.o
       360         10         16          0          0       5610   stm32h7xx_hal_uart_ex.o
       130         36          0          0          0       7293   stm32h7xx_it.o
       224         32         16          8          0       1434   system_stm32h7xx.o
       348         32          0          0        152       2539   tim.o
       308         28          0          0        148       3834   usart.o

    ----------------------------------------------------------------------
     30494       1444        900         20       4204    1421907   Object Totals
         0          0         32          0          0          0   (incl. Generated)
        38          4          4          3          0          0   (incl. Padding)

    ----------------------------------------------------------------------

      Code (inc. data)   RO Data    RW Data    ZI Data      Debug   Library Member Name

       520         88         80          0          0        252   asin.o
       528        110        152          0          0        348   atan.o
       448         68          0          0          0        180   atan2.o
       176         18          0          0          0        156   cos.o
       224         42         48          0          0        184   cos_i.o
        60         28          0          0          0        464   dunder.o
        24          0          0          0          0        124   fabs.o
        48          0          0          0          0        124   fpclassify.o
       112          0          0          0          0        116   poly.o
         0          0          8          0          0          0   qnan.o
       784        138        200          0          0        172   rred.o
       176         18          0          0          0        160   sin.o
       168         24         40          0          0        196   sin_i.o
       208          0          0          0          0        280   sqrt.o
         0          0          0          0          0          0   entry.o
         0          0          0          0          0          0   entry10a.o
         0          0          0          0          0          0   entry11a.o
         8          4          0          0          0          0   entry2.o
         4          0          0          0          0          0   entry5.o
         0          0          0          0          0          0   entry7b.o
         0          0          0          0          0          0   entry8b.o
         8          4          0          0          0          0   entry9a.o
        12          6          0          4          0         68   errno.o
        30          0          0          0          0          0   handlers.o
        36          8          0          0          0         68   init.o
         0          0          0          0          0          0   iusefp.o
        30          0          0          0          0         68   llshl.o
        36          0          0          0          0         68   llsshr.o
        32          0          0          0          0         68   llushr.o
        36          0          0          0          0         68   memcpya.o
        36          0          0          0          0        108   memseta.o
      2258         90          0          0          0        452   printfa.o
         0          0          0          4          0          0   stdout.o
        44          0          0          0          0         80   uidiv.o
        98          0          0          0          0         92   uldiv.o
        48          0          0          0          0         68   cdrcmple.o
       334          0          0          0          0        148   dadd.o
       222          0          0          0          0        100   ddiv.o
       186          0          0          0          0        176   depilogue.o
        48          0          0          0          0         68   dfixul.o
       228          0          0          0          0         96   dmul.o

    ----------------------------------------------------------------------
      7222        646        528          8          0       4552   Library Totals
        12          0          0          0          0          0   (incl. Padding)

    ----------------------------------------------------------------------

      Code (inc. data)   RO Data    RW Data    ZI Data      Debug   Library Name

      3476        534        528          0          0       2756   m_wv.l
      2668        112          0          8          0       1140   mc_w.l
      1066          0          0          0          0        656   mf_w.l

    ----------------------------------------------------------------------
      7222        646        528          8          0       4552   Library Totals

    ----------------------------------------------------------------------

==============================================================================


      Code (inc. data)   RO Data    RW Data    ZI Data      Debug   

     37716       2090       1428         28       4204    1409679   Grand Totals
     37716       2090       1428         28       4204    1409679   ELF Image Totals
     37716       2090       1428         28          0          0   ROM Totals

==============================================================================

    Total RO  Size (Code + RO Data)                39144 (  38.23kB)
    Total RW  Size (RW Data + ZI Data)              4232 (   4.13kB)
    Total ROM Size (Code + RO Data + RW Data)      39172 (  38.25kB)

==============================================================================

